core_cm4.h:1679:22:__NVIC_EnableIRQ	16	static
fsl_clock.h:699:20:CLOCK_EnableClock	24	static
fsl_common.h:460:28:EnableIRQ	16	static
fsl_gpio.h:153:20:GPIO_PinWrite	24	static
fsl_gpio.h:210:20:GPIO_PortToggle	24	static
fsl_gpio.h:223:24:GPIO_PortRead	16	static
fsl_gpio.h:239:20:GPIO_PortMaskedSet	24	static
fsl_gpio.h:251:20:GPIO_PortMaskedWrite	24	static
fsl_usart.h:302:24:USART_GetStatusFlags	16	static
fsl_usart.h:348:20:USART_EnableInterrupts	16	static
fsl_adc.h:423:20:ADC_EnableTemperatureSensor	16	static
fsl_adc.h:453:20:ADC_EnableConvSeqA	16	static
fsl_adc.h:478:20:ADC_DoSoftwareTriggerConvSeqA	16	static
fsl_power.h:108:20:POWER_DisablePD	16	static
LPC54608J512_Project.c:70:5:main	64	static
LPC54608J512_Project.c:330:6:FLEXCOMM0_IRQHandler	8	static
LPC54608J512_Project.c:341:6:LED_config	16	static
LPC54608J512_Project.c:360:6:ADC_PWR_Config	8	static
LPC54608J512_Project.c:371:6:ADC_Calib	8	static
LPC54608J512_Project.c:384:6:ADC_Request	16	static
LPC54608J512_Project.c:394:7:ADCtoVoltageConversion	24	static
LPC54608J512_Project.c:399:6:botonpresionado	8	static
