Archive member included to satisfy reference by file (symbol)

C:\Users\Asus\Documents\MCUXpressoIDE_11.1.1_3241\workspace\examen1_4\libs\libpower_hardabi.a(fsl_power_lib.o)
                              ./drivers/fsl_clock.o (POWER_SetVoltageForFreq)
c:/nxp/mcuxpressoide_11.1.1_3241/ide/plugins/com.nxp.mcuxpresso.tools.win32_11.1.0.202001081728/tools/bin/../lib/gcc/arm-none-eabi/8.3.1/thumb/v7e-m+fp/hard\libgcc.a(_arm_addsubdf3.o)
                              ./source/Proyecto 2 parcial.o (__aeabi_dsub)
c:/nxp/mcuxpressoide_11.1.1_3241/ide/plugins/com.nxp.mcuxpresso.tools.win32_11.1.0.202001081728/tools/bin/../lib/gcc/arm-none-eabi/8.3.1/thumb/v7e-m+fp/hard\libgcc.a(_arm_muldivdf3.o)
                              ./source/Proyecto 2 parcial.o (__aeabi_dmul)
c:/nxp/mcuxpressoide_11.1.1_3241/ide/plugins/com.nxp.mcuxpresso.tools.win32_11.1.0.202001081728/tools/bin/../lib/gcc/arm-none-eabi/8.3.1/thumb/v7e-m+fp/hard\libgcc.a(_arm_fixunsdfsi.o)
                              ./drivers/fsl_clock.o (__aeabi_d2uiz)
c:/nxp/mcuxpressoide_11.1.1_3241/ide/plugins/com.nxp.mcuxpresso.tools.win32_11.1.0.202001081728/tools/bin/../lib/gcc/arm-none-eabi/8.3.1/thumb/v7e-m+fp/hard\libgcc.a(_arm_truncdfsf2.o)
                              ./source/Proyecto 2 parcial.o (__aeabi_d2f)
c:/nxp/mcuxpressoide_11.1.1_3241/ide/plugins/com.nxp.mcuxpresso.tools.win32_11.1.0.202001081728/tools/bin/../lib/gcc/arm-none-eabi/8.3.1/thumb/v7e-m+fp/hard\libgcc.a(_aeabi_uldivmod.o)
                              ./drivers/fsl_clock.o (__aeabi_uldivmod)
c:/nxp/mcuxpressoide_11.1.1_3241/ide/plugins/com.nxp.mcuxpresso.tools.win32_11.1.0.202001081728/tools/bin/../lib/gcc/arm-none-eabi/8.3.1/thumb/v7e-m+fp/hard\libgcc.a(_udivmoddi4.o)
                              c:/nxp/mcuxpressoide_11.1.1_3241/ide/plugins/com.nxp.mcuxpresso.tools.win32_11.1.0.202001081728/tools/bin/../lib/gcc/arm-none-eabi/8.3.1/thumb/v7e-m+fp/hard\libgcc.a(_aeabi_uldivmod.o) (__udivmoddi4)
c:/nxp/mcuxpressoide_11.1.1_3241/ide/plugins/com.nxp.mcuxpresso.tools.win32_11.1.0.202001081728/tools/bin/../lib/gcc/arm-none-eabi/8.3.1/thumb/v7e-m+fp/hard\libgcc.a(_dvmd_tls.o)
                              c:/nxp/mcuxpressoide_11.1.1_3241/ide/plugins/com.nxp.mcuxpresso.tools.win32_11.1.0.202001081728/tools/bin/../lib/gcc/arm-none-eabi/8.3.1/thumb/v7e-m+fp/hard\libgcc.a(_aeabi_uldivmod.o) (__aeabi_ldiv0)
c:/nxp/mcuxpressoide_11.1.1_3241/ide/plugins/com.nxp.mcuxpresso.tools.win32_11.1.0.202001081728/tools/bin/../lib/gcc/arm-none-eabi/8.3.1/../../../../arm-none-eabi/lib/thumb/v7e-m+fp/hard\libc_nano.a(lib_a-assert.o)
                              ./utilities/fsl_debug_console.o (__assert_func)
c:/nxp/mcuxpressoide_11.1.1_3241/ide/plugins/com.nxp.mcuxpresso.tools.win32_11.1.0.202001081728/tools/bin/../lib/gcc/arm-none-eabi/8.3.1/../../../../arm-none-eabi/lib/thumb/v7e-m+fp/hard\libc_nano.a(lib_a-fprintf.o)
                              c:/nxp/mcuxpressoide_11.1.1_3241/ide/plugins/com.nxp.mcuxpresso.tools.win32_11.1.0.202001081728/tools/bin/../lib/gcc/arm-none-eabi/8.3.1/../../../../arm-none-eabi/lib/thumb/v7e-m+fp/hard\libc_nano.a(lib_a-assert.o) (fiprintf)
c:/nxp/mcuxpressoide_11.1.1_3241/ide/plugins/com.nxp.mcuxpresso.tools.win32_11.1.0.202001081728/tools/bin/../lib/gcc/arm-none-eabi/8.3.1/../../../../arm-none-eabi/lib/thumb/v7e-m+fp/hard\libc_nano.a(lib_a-impure.o)
                              c:/nxp/mcuxpressoide_11.1.1_3241/ide/plugins/com.nxp.mcuxpresso.tools.win32_11.1.0.202001081728/tools/bin/../lib/gcc/arm-none-eabi/8.3.1/../../../../arm-none-eabi/lib/thumb/v7e-m+fp/hard\libc_nano.a(lib_a-assert.o) (_impure_ptr)
c:/nxp/mcuxpressoide_11.1.1_3241/ide/plugins/com.nxp.mcuxpresso.tools.win32_11.1.0.202001081728/tools/bin/../lib/gcc/arm-none-eabi/8.3.1/../../../../arm-none-eabi/lib/thumb/v7e-m+fp/hard\libc_nano.a(lib_a-malloc.o)
                              ./drivers/fsl_common.o (malloc)
c:/nxp/mcuxpressoide_11.1.1_3241/ide/plugins/com.nxp.mcuxpresso.tools.win32_11.1.0.202001081728/tools/bin/../lib/gcc/arm-none-eabi/8.3.1/../../../../arm-none-eabi/lib/thumb/v7e-m+fp/hard\libc_nano.a(lib_a-memcpy-stub.o)
                              C:\Users\Asus\Documents\MCUXpressoIDE_11.1.1_3241\workspace\examen1_4\libs\libpower_hardabi.a(fsl_power_lib.o) (memcpy)
c:/nxp/mcuxpressoide_11.1.1_3241/ide/plugins/com.nxp.mcuxpresso.tools.win32_11.1.0.202001081728/tools/bin/../lib/gcc/arm-none-eabi/8.3.1/../../../../arm-none-eabi/lib/thumb/v7e-m+fp/hard\libc_nano.a(lib_a-memset.o)
                              ./drivers/fsl_adc.o (memset)
c:/nxp/mcuxpressoide_11.1.1_3241/ide/plugins/com.nxp.mcuxpresso.tools.win32_11.1.0.202001081728/tools/bin/../lib/gcc/arm-none-eabi/8.3.1/../../../../arm-none-eabi/lib/thumb/v7e-m+fp/hard\libc_nano.a(lib_a-nano-freer.o)
                              c:/nxp/mcuxpressoide_11.1.1_3241/ide/plugins/com.nxp.mcuxpresso.tools.win32_11.1.0.202001081728/tools/bin/../lib/gcc/arm-none-eabi/8.3.1/../../../../arm-none-eabi/lib/thumb/v7e-m+fp/hard\libc_nano.a(lib_a-malloc.o) (_free_r)
[...]
Memory Configuration

Name             Origin             Length             Attributes
PROGRAM_FLASH    0x00000000         0x00080000         xr
BOARD_FLASH      0x10000000         0x01000000         xr
SRAM_UPPER       0x20000000         0x00028000         xrw
SRAMX            0x04000000         0x00008000         xrw
USB_RAM          0x40100000         0x00002000         xrw
BOARD_SDRAM      0xa0000000         0x01000000         xrw
*default*        0x00000000         0xffffffff

Linker script and memory map

LOAD ./utilities/fsl_debug_console.o
LOAD ./utilities/fsl_str.o
LOAD ./startup/startup_lpc54608.o
LOAD ./source/Proyecto 2 parcial.o
LOAD ./source/semihost_hardfault.o
LOAD ./drivers/fsl_adc.o
LOAD ./drivers/fsl_clock.o
LOAD ./drivers/fsl_common.o
LOAD ./drivers/fsl_emc.o
LOAD ./drivers/fsl_flexcomm.o
LOAD ./drivers/fsl_gpio.o
LOAD ./drivers/fsl_i2c.o
LOAD ./drivers/fsl_inputmux.o
LOAD ./drivers/fsl_pint.o
LOAD ./drivers/fsl_power.o
LOAD ./drivers/fsl_reset.o
LOAD ./drivers/fsl_spi.o
LOAD ./drivers/fsl_usart.o
LOAD ./device/system_LPC54608.o
LOAD ./component/uart/usart_adapter.o
LOAD ./component/serial_manager/serial_manager.o
LOAD ./component/serial_manager/serial_port_uart.o
LOAD ./component/lists/generic_list.o
LOAD ./board/board.o
LOAD ./board/clock_config.o
LOAD ./board/peripherals.o
LOAD ./board/pin_mux.o
LOAD C:\Users\Asus\Documents\MCUXpressoIDE_11.1.1_3241\workspace\examen1_4\libs\libpower_hardabi.a
START GROUP
LOAD c:/nxp/mcuxpressoide_11.1.1_3241/ide/plugins/com.nxp.mcuxpresso.tools.win32_11.1.0.202001081728/tools/bin/../lib/gcc/arm-none-eabi/8.3.1/thumb/v7e-m+fp/hard\libgcc.a
LOAD c:/nxp/mcuxpressoide_11.1.1_3241/ide/plugins/com.nxp.mcuxpresso.tools.win32_11.1.0.202001081728/tools/bin/../lib/gcc/arm-none-eabi/8.3.1/../../../../arm-none-eabi/lib/thumb/v7e-m+fp/hard\libc_nano.a
LOAD c:/nxp/mcuxpressoide_11.1.1_3241/ide/plugins/com.nxp.mcuxpresso.tools.win32_11.1.0.202001081728/tools/bin/../lib/gcc/arm-none-eabi/8.3.1/../../../../arm-none-eabi/lib/thumb/v7e-m+fp/hard\libm.a
LOAD c:/nxp/mcuxpressoide_11.1.1_3241/ide/plugins/com.nxp.mcuxpresso.tools.win32_11.1.0.202001081728/tools/bin/../lib/gcc/arm-none-eabi/8.3.1/../../../../arm-none-eabi/lib/thumb/v7e-m+fp/hard\libcr_newlib_semihost.a
END GROUP
                0x00000000                __base_PROGRAM_FLASH = 0x0
                0x00000000                __base_Flash = 0x0
                0x00080000                __top_PROGRAM_FLASH = 0x80000
                0x00080000                __top_Flash = 0x80000
                0x10000000                __base_BOARD_FLASH = 0x10000000
                0x10000000                __base_Flash2 = 0x10000000
                0x11000000                __top_BOARD_FLASH = 0x11000000
                0x11000000                __top_Flash2 = 0x11000000
                0x20000000                __base_SRAM_UPPER = 0x20000000
                0x20000000                __base_RAM = 0x20000000
                0x20028000                __top_SRAM_UPPER = 0x20028000
                0x20028000                __top_RAM = 0x20028000
                0x04000000                __base_SRAMX = 0x4000000
                0x04000000                __base_RAM2 = 0x4000000
                0x04008000                __top_SRAMX = 0x4008000
                0x04008000                __top_RAM2 = 0x4008000
                0x40100000                __base_USB_RAM = 0x40100000
                0x40100000                __base_RAM3 = 0x40100000
                0x40102000                __top_USB_RAM = 0x40102000
                0x40102000                __top_RAM3 = 0x40102000
                0xa0000000                __base_BOARD_SDRAM = 0xa0000000
                0xa0000000                __base_RAM4 = 0xa0000000
                0xa1000000                __top_BOARD_SDRAM = 0xa1000000
                0xa1000000                __top_RAM4 = 0xa1000000

.text_Flash2    0x10000000        0x0
 FILL mask 0xff
 *(SORT_BY_ALIGNMENT(.text_Flash2))
 *(SORT_BY_ALIGNMENT(.text_BOARD_FLASH))
 *(SORT_BY_ALIGNMENT(.text.$Flash2))
 *(SORT_BY_ALIGNMENT(.text.$BOARD_FLASH))
 *(SORT_BY_ALIGNMENT(.text_Flash2.*))
 *(SORT_BY_ALIGNMENT(.text_BOARD_FLASH.*))
 *(SORT_BY_ALIGNMENT(.text.$Flash2.*))
 *(SORT_BY_ALIGNMENT(.text.$BOARD_FLASH.*))
 *(SORT_BY_ALIGNMENT(.rodata.$Flash2))
 *(SORT_BY_ALIGNMENT(.rodata.$BOARD_FLASH))
 *(SORT_BY_ALIGNMENT(.rodata.$Flash2.*))
 *(SORT_BY_ALIGNMENT(.rodata.$BOARD_FLASH.*))

.text           0x00000000     0x78d8
 FILL mask 0xff
                0x00000000                __vectors_start__ = ABSOLUTE (.)
 *(SORT_BY_ALIGNMENT(.isr_vector))
 .isr_vector    0x00000000      0x124 ./startup/startup_lpc54608.o
                0x00000000                g_pfnVectors
                0x00000000                __Vectors
                0x00000124                . = ALIGN (0x4)
                0x00000124                __section_table_start = .
                0x00000124                __data_section_table = .
                0x00000124        0x4 LONG 0x78e0 LOADADDR (.data)
                0x00000128        0x4 LONG 0x20000000 ADDR (.data)
                0x0000012c        0x4 LONG 0x1d4 SIZEOF (.data)
                0x00000130        0x4 LONG 0x78e0 LOADADDR (.data_RAM2)
                0x00000134        0x4 LONG 0x4000000 ADDR (.data_RAM2)
                0x00000138        0x4 LONG 0x0 SIZEOF (.data_RAM2)
                0x0000013c        0x4 LONG 0x78e0 LOADADDR (.data_RAM3)
                0x00000140        0x4 LONG 0x40100000 ADDR (.data_RAM3)
                0x00000144        0x4 LONG 0x0 SIZEOF (.data_RAM3)
                0x00000148        0x4 LONG 0x78e0 LOADADDR (.data_RAM4)
                0x0000014c        0x4 LONG 0xa0000000 ADDR (.data_RAM4)
                0x00000150        0x4 LONG 0x0 SIZEOF (.data_RAM4)
                0x00000154                __data_section_table_end = .
                0x00000154                __bss_section_table = .
                0x00000154        0x4 LONG 0x200001d4 ADDR (.bss)
                0x00000158        0x4 LONG 0x164 SIZEOF (.bss)
                0x0000015c        0x4 LONG 0x4000000 ADDR (.bss_RAM2)
                0x00000160        0x4 LONG 0x0 SIZEOF (.bss_RAM2)
                0x00000164        0x4 LONG 0x40100000 ADDR (.bss_RAM3)
                0x00000168        0x4 LONG 0x0 SIZEOF (.bss_RAM3)
                0x0000016c        0x4 LONG 0xa0000000 ADDR (.bss_RAM4)
                0x00000170        0x4 LONG 0x0 SIZEOF (.bss_RAM4)
                0x00000174                __bss_section_table_end = .
                0x00000174                __section_table_end = .
 *(SORT_BY_ALIGNMENT(.after_vectors*))
 .after_vectors.reset
                0x00000174       0x58 ./startup/startup_lpc54608.o
                0x00000174                ResetISR
 .after_vectors.init_data
                0x000001cc       0x1e ./startup/startup_lpc54608.o
                0x000001cc                data_init
 .after_vectors.init_bss
                0x000001ea       0x12 ./startup/startup_lpc54608.o
                0x000001ea                bss_init
 .after_vectors
                0x000001fc       0x14 ./startup/startup_lpc54608.o
                0x000001fc                NMI_Handler
                0x00000200                MemManage_Handler
                0x00000202                BusFault_Handler
                0x00000204                UsageFault_Handler
                0x00000206                SVC_Handler
                0x00000208                DebugMon_Handler
                0x0000020a                PendSV_Handler
                0x0000020c                SysTick_Handler
                0x0000020e                ETHERNET_DriverIRQHandler
                0x0000020e                CTIMER2_DriverIRQHandler
                0x0000020e                SPIFI0_DriverIRQHandler
                0x0000020e                RIT_DriverIRQHandler
                0x0000020e                IntDefaultHandler
                0x0000020e                USB0_DriverIRQHandler
                0x0000020e                CAN0_IRQ0_DriverIRQHandler
                0x0000020e                UTICK0_DriverIRQHandler
                0x0000020e                DMIC0_DriverIRQHandler
                0x0000020e                CAN1_IRQ0_DriverIRQHandler
                0x0000020e                Reserved47_DriverIRQHandler
                0x0000020e                ADC0_THCMP_DriverIRQHandler
                0x0000020e                CTIMER4_DriverIRQHandler
                0x0000020e                GINT1_DriverIRQHandler
                0x0000020e                MRT0_DriverIRQHandler
                0x0000020e                USB0_NEEDCLK_DriverIRQHandler
                0x0000020e                ADC0_SEQB_DriverIRQHandler
                0x0000020e                CTIMER0_DriverIRQHandler
                0x0000020e                CTIMER1_DriverIRQHandler
                0x0000020e                ETHERNET_MACLP_DriverIRQHandler
                0x0000020e                CTIMER3_DriverIRQHandler
                0x0000020e                HWVAD0_DriverIRQHandler
                0x0000020e                RTC_DriverIRQHandler
                0x0000020e                LCD_DriverIRQHandler
                0x0000020e                EEPROM_DriverIRQHandler
                0x0000020e                DMA0_DriverIRQHandler
                0x0000020e                ETHERNET_PMT_DriverIRQHandler
                0x0000020e                USB1_DriverIRQHandler
                0x0000020e                CAN1_IRQ1_DriverIRQHandler
                0x0000020e                ADC0_SEQA_DriverIRQHandler
                0x0000020e                USB1_NEEDCLK_DriverIRQHandler
                0x0000020e                SMARTCARD0_DriverIRQHandler
                0x0000020e                SDIO_DriverIRQHandler
                0x0000020e                SHA_DriverIRQHandler
                0x0000020e                GINT0_DriverIRQHandler
                0x0000020e                SMARTCARD1_DriverIRQHandler
                0x0000020e                CAN0_IRQ1_DriverIRQHandler
                0x0000020e                Reserved46_DriverIRQHandler
                0x0000020e                WDT_BOD_DriverIRQHandler
                0x0000020e                SCT0_DriverIRQHandler
 *(SORT_BY_ALIGNMENT(.text*))
 .text          0x00000210       0xa0 c:/nxp/mcuxpressoide_11.1.1_3241/ide/plugins/com.nxp.mcuxpresso.tools.win32_11.1.0.202001081728/tools/bin/../lib/gcc/arm-none-eabi/8.3.1/../../../../arm-none-eabi/lib/thumb/v7e-m+fp/hard\libc_nano.a(lib_a-memchr.o)
                0x00000210                memchr
 .text.main     0x000002b0      0x6f4 ./source/Proyecto 2 parcial.o
                0x000002b0                main
 *fill*         0x000009a4        0x4 ff
 .text.ADCtoVoltageConversion
                0x000009a8       0x58 ./source/Proyecto 2 parcial.o
                0x000009a8                ADCtoVoltageConversion
 .text._dtoa_r  0x00000a00      0xb74 c:/nxp/mcuxpressoide_11.1.1_3241/ide/plugins/com.nxp.mcuxpresso.tools.win32_11.1.0.202001081728/tools/bin/../lib/gcc/arm-none-eabi/8.3.1/../../../../arm-none-eabi/lib/thumb/v7e-m+fp/hard\libc_nano.a(lib_a-dtoa.o)
                0x00000a00                _dtoa_r
 .text.__NVIC_EnableIRQ
                0x00001574       0x3c ./source/Proyecto 2 parcial.o
 .text.CLOCK_EnableClock
                0x000015b0       0x54 ./source/Proyecto 2 parcial.o
 .text.FLEXCOMM0_IRQHandler
                0x00001604       0x3c ./source/Proyecto 2 parcial.o
                0x00001604                FLEXCOMM0_IRQHandler
 .text.LED_config
                0x00001640       0x90 ./source/Proyecto 2 parcial.o
                0x00001640                LED_config
 .text.ADC_Calib
                0x000016d0       0x44 ./source/Proyecto 2 parcial.o
                0x000016d0                ADC_Calib
 .text.ADC_Request
                0x00001714       0x38 ./source/Proyecto 2 parcial.o
                0x00001714                ADC_Request
 .text.botonpresionado
                0x0000174c      0x228 ./source/Proyecto 2 parcial.o
                0x0000174c                botonpresionado
 .text.CLOCK_EnableClock
                0x00001974       0x54 ./drivers/fsl_adc.o
 .text.ADC_GetInstance
                0x000019c8       0x54 ./drivers/fsl_adc.o
 .text.ADC_Init
                0x00001a1c       0x9c ./drivers/fsl_adc.o
                0x00001a1c                ADC_Init
 .text.ADC_DoOffsetCalibration
                0x00001ab8      0x14c ./drivers/fsl_adc.o
                0x00001ab8                ADC_DoOffsetCalibration
 .text.ADC_SetConvSeqAConfig
                0x00001c04       0x98 ./drivers/fsl_adc.o
                0x00001c04                ADC_SetConvSeqAConfig
 .text.ADC_GetChannelConversionResult
                0x00001c9c       0xb0 ./drivers/fsl_adc.o
                0x00001c9c                ADC_GetChannelConversionResult
 .text.CLOCK_GetAsyncApbClkSrc
                0x00001d4c       0x20 ./drivers/fsl_clock.o
 .text.CLOCK_AttachClk
                0x00001d6c       0x94 ./drivers/fsl_clock.o
                0x00001d6c                CLOCK_AttachClk
 .text.CLOCK_SetClkDiv
                0x00001e00       0x5c ./drivers/fsl_clock.o
                0x00001e00                CLOCK_SetClkDiv
 .text.CLOCK_SetupFROClocking
                0x00001e5c       0xc4 ./drivers/fsl_clock.o
                0x00001e5c                CLOCK_SetupFROClocking
 .text.CLOCK_GetClockOutClkFreq
                0x00001f20       0x9c ./drivers/fsl_clock.o
                0x00001f20                CLOCK_GetClockOutClkFreq
 .text.CLOCK_GetFro12MFreq
                0x00001fbc       0x28 ./drivers/fsl_clock.o
                0x00001fbc                CLOCK_GetFro12MFreq
 .text.CLOCK_GetExtClkFreq
                0x00001fe4       0x14 ./drivers/fsl_clock.o
                0x00001fe4                CLOCK_GetExtClkFreq
 .text.CLOCK_GetWdtOscFreq
                0x00001ff8       0x68 ./drivers/fsl_clock.o
                0x00001ff8                CLOCK_GetWdtOscFreq
 .text.CLOCK_GetFroHfFreq
                0x00002060       0x5c ./drivers/fsl_clock.o
                0x00002060                CLOCK_GetFroHfFreq
 .text.CLOCK_GetPllOutFreq
                0x000020bc       0x18 ./drivers/fsl_clock.o
                0x000020bc                CLOCK_GetPllOutFreq
 .text.CLOCK_GetAudioPllOutFreq
                0x000020d4       0x18 ./drivers/fsl_clock.o
                0x000020d4                CLOCK_GetAudioPllOutFreq
 .text.CLOCK_GetUsbPllOutFreq
                0x000020ec       0x18 ./drivers/fsl_clock.o
                0x000020ec                CLOCK_GetUsbPllOutFreq
 .text.CLOCK_GetAsyncApbClkFreq
                0x00002104       0x3c ./drivers/fsl_clock.o
                0x00002104                CLOCK_GetAsyncApbClkFreq
 .text.CLOCK_GetFlexCommClkFreq
                0x00002140       0x84 ./drivers/fsl_clock.o
                0x00002140                CLOCK_GetFlexCommClkFreq
 .text.CLOCK_GetFRGInputClock
                0x000021c4       0x5c ./drivers/fsl_clock.o
                0x000021c4                CLOCK_GetFRGInputClock
 .text.CLOCK_GetFreq
                0x00002220       0xd4 ./drivers/fsl_clock.o
                0x00002220                CLOCK_GetFreq
 .text.CLOCK_SetFLASHAccessCyclesForFreq
                0x000022f4       0xb8 ./drivers/fsl_clock.o
                0x000022f4                CLOCK_SetFLASHAccessCyclesForFreq
 .text.CLOCK_SetPLLFreq
                0x000023ac      0x128 ./drivers/fsl_clock.o
                0x000023ac                CLOCK_SetPLLFreq
 .text.SDK_DelayAtLeastUs
                0x000024d4       0xa4 ./drivers/fsl_common.o
                0x000024d4                SDK_DelayAtLeastUs
 .text.CLOCK_EnableClock
                0x00002578       0x54 ./drivers/fsl_flexcomm.o
 .text.FLEXCOMM_GetInstance
                0x000025cc       0x5c ./drivers/fsl_flexcomm.o
                0x000025cc                FLEXCOMM_GetInstance
 .text.FLEXCOMM_Init
                0x00002628       0x50 ./drivers/fsl_flexcomm.o
                0x00002628                FLEXCOMM_Init
 .text.FLEXCOMM1_DriverIRQHandler
                0x00002678       0x48 ./drivers/fsl_flexcomm.o
                0x00002678                FLEXCOMM1_DriverIRQHandler
 .text.FLEXCOMM2_DriverIRQHandler
                0x000026c0       0x48 ./drivers/fsl_flexcomm.o
                0x000026c0                FLEXCOMM2_DriverIRQHandler
 .text.FLEXCOMM3_DriverIRQHandler
                0x00002708       0x48 ./drivers/fsl_flexcomm.o
                0x00002708                FLEXCOMM3_DriverIRQHandler
 .text.FLEXCOMM4_DriverIRQHandler
                0x00002750       0x48 ./drivers/fsl_flexcomm.o
                0x00002750                FLEXCOMM4_DriverIRQHandler
 .text.FLEXCOMM5_DriverIRQHandler
                0x00002798       0x48 ./drivers/fsl_flexcomm.o
                0x00002798                FLEXCOMM5_DriverIRQHandler
 .text.FLEXCOMM6_DriverIRQHandler
                0x000027e0       0x4c ./drivers/fsl_flexcomm.o
                0x000027e0                FLEXCOMM6_DriverIRQHandler
 .text.FLEXCOMM7_DriverIRQHandler
                0x0000282c       0x4c ./drivers/fsl_flexcomm.o
                0x0000282c                FLEXCOMM7_DriverIRQHandler
 .text.FLEXCOMM8_DriverIRQHandler
                0x00002878       0x4c ./drivers/fsl_flexcomm.o
                0x00002878                FLEXCOMM8_DriverIRQHandler
 .text.FLEXCOMM9_DriverIRQHandler
                0x000028c4       0x4c ./drivers/fsl_flexcomm.o
                0x000028c4                FLEXCOMM9_DriverIRQHandler
 .text.CLOCK_EnableClock
                0x00002910       0x54 ./drivers/fsl_gpio.o
 .text.GPIO_PortInit
                0x00002964       0x54 ./drivers/fsl_gpio.o
                0x00002964                GPIO_PortInit
 .text.PIN_INT0_DriverIRQHandler
                0x000029b8       0x4c ./drivers/fsl_pint.o
                0x000029b8                PIN_INT0_DriverIRQHandler
 .text.PIN_INT1_DriverIRQHandler
                0x00002a04       0x4c ./drivers/fsl_pint.o
                0x00002a04                PIN_INT1_DriverIRQHandler
 .text.PIN_INT2_DriverIRQHandler
                0x00002a50       0x4c ./drivers/fsl_pint.o
                0x00002a50                PIN_INT2_DriverIRQHandler
 .text.PIN_INT3_DriverIRQHandler
                0x00002a9c       0x4c ./drivers/fsl_pint.o
                0x00002a9c                PIN_INT3_DriverIRQHandler
 .text.PIN_INT4_DriverIRQHandler
                0x00002ae8       0x4c ./drivers/fsl_pint.o
                0x00002ae8                PIN_INT4_DriverIRQHandler
 .text.PIN_INT5_DriverIRQHandler
                0x00002b34       0x4c ./drivers/fsl_pint.o
                0x00002b34                PIN_INT5_DriverIRQHandler
 .text.PIN_INT6_DriverIRQHandler
                0x00002b80       0x4c ./drivers/fsl_pint.o
                0x00002b80                PIN_INT6_DriverIRQHandler
 .text.PIN_INT7_DriverIRQHandler
                0x00002bcc       0x4c ./drivers/fsl_pint.o
                0x00002bcc                PIN_INT7_DriverIRQHandler
 .text.RESET_SetPeripheralReset
                0x00002c18       0x88 ./drivers/fsl_reset.o
                0x00002c18                RESET_SetPeripheralReset
 .text.RESET_ClearPeripheralReset
                0x00002ca0       0x8c ./drivers/fsl_reset.o
                0x00002ca0                RESET_ClearPeripheralReset
 .text.USART_Init
                0x00002d2c      0x18c ./drivers/fsl_usart.o
                0x00002d2c                USART_Init
 .text.USART_GetDefaultConfig
                0x00002eb8       0x84 ./drivers/fsl_usart.o
                0x00002eb8                USART_GetDefaultConfig
 .text.USART_SetBaudRate
                0x00002f3c      0x138 ./drivers/fsl_usart.o
                0x00002f3c                USART_SetBaudRate
 .text.USART_WriteBlocking
                0x00003074       0x98 ./drivers/fsl_usart.o
                0x00003074                USART_WriteBlocking
 .text.USART_ReadBlocking
                0x0000310c      0x114 ./drivers/fsl_usart.o
                0x0000310c                USART_ReadBlocking
 .text.SystemInit
                0x00003220       0x40 ./device/system_LPC54608.o
                0x00003220                SystemInit
 .text.BOARD_BootClockPLL180M
                0x00003260       0xe4 ./board/clock_config.o
                0x00003260                BOARD_BootClockPLL180M
 .text.CLOCK_EnableClock
                0x00003344       0x54 ./board/pin_mux.o
 .text.BOARD_InitPins
                0x00003398       0x5c ./board/pin_mux.o
                0x00003398                BOARD_InitPins
 .text.BOARD_InitDEBUG_UARTPins
                0x000033f4       0x44 ./board/pin_mux.o
                0x000033f4                BOARD_InitDEBUG_UARTPins
 .text.POWER_SetVoltageForFreq
                0x00003438       0x44 C:\Users\Asus\Documents\MCUXpressoIDE_11.1.1_3241\workspace\examen1_4\libs\libpower_hardabi.a(fsl_power_lib.o)
                0x00003438                POWER_SetVoltageForFreq
 .text.POWER_SetPLL
                0x0000347c       0x1c C:\Users\Asus\Documents\MCUXpressoIDE_11.1.1_3241\workspace\examen1_4\libs\libpower_hardabi.a(fsl_power_lib.o)
                0x0000347c                POWER_SetPLL
 .text          0x00003498      0x378 c:/nxp/mcuxpressoide_11.1.1_3241/ide/plugins/com.nxp.mcuxpresso.tools.win32_11.1.0.202001081728/tools/bin/../lib/gcc/arm-none-eabi/8.3.1/thumb/v7e-m+fp/hard\libgcc.a(_arm_addsubdf3.o)
                0x00003498                __aeabi_drsub
                0x000034a0                __aeabi_dsub
                0x000034a0                __subdf3
                0x000034a4                __aeabi_dadd
                0x000034a4                __adddf3
                0x0000371c                __floatunsidf
                0x0000371c                __aeabi_ui2d
                0x0000373c                __floatsidf
                0x0000373c                __aeabi_i2d
                0x00003760                __aeabi_f2d
                0x00003760                __extendsfdf2
                0x000037a4                __floatundidf
                0x000037a4                __aeabi_ul2d
                0x000037b4                __floatdidf
                0x000037b4                __aeabi_l2d
 .text          0x00003810      0x424 c:/nxp/mcuxpressoide_11.1.1_3241/ide/plugins/com.nxp.mcuxpresso.tools.win32_11.1.0.202001081728/tools/bin/../lib/gcc/arm-none-eabi/8.3.1/thumb/v7e-m+fp/hard\libgcc.a(_arm_muldivdf3.o)
                0x00003810                __aeabi_dmul
                0x00003810                __muldf3
                0x00003a64                __divdf3
                0x00003a64                __aeabi_ddiv
 .text          0x00003c34       0xa0 c:/nxp/mcuxpressoide_11.1.1_3241/ide/plugins/com.nxp.mcuxpresso.tools.win32_11.1.0.202001081728/tools/bin/../lib/gcc/arm-none-eabi/8.3.1/thumb/v7e-m+fp/hard\libgcc.a(_arm_truncdfsf2.o)
                0x00003c34                __truncdfsf2
                0x00003c34                __aeabi_d2f
 .text          0x00003cd4       0x30 c:/nxp/mcuxpressoide_11.1.1_3241/ide/plugins/com.nxp.mcuxpresso.tools.win32_11.1.0.202001081728/tools/bin/../lib/gcc/arm-none-eabi/8.3.1/thumb/v7e-m+fp/hard\libgcc.a(_aeabi_uldivmod.o)
                0x00003cd4                __aeabi_uldivmod
 .text          0x00003d04      0x2d0 c:/nxp/mcuxpressoide_11.1.1_3241/ide/plugins/com.nxp.mcuxpresso.tools.win32_11.1.0.202001081728/tools/bin/../lib/gcc/arm-none-eabi/8.3.1/thumb/v7e-m+fp/hard\libgcc.a(_udivmoddi4.o)
                0x00003d04                __udivmoddi4
 .text          0x00003fd4        0x4 c:/nxp/mcuxpressoide_11.1.1_3241/ide/plugins/com.nxp.mcuxpresso.tools.win32_11.1.0.202001081728/tools/bin/../lib/gcc/arm-none-eabi/8.3.1/thumb/v7e-m+fp/hard\libgcc.a(_dvmd_tls.o)
                0x00003fd4                __aeabi_idiv0
                0x00003fd4                __aeabi_ldiv0
 .text.__assert_func
                0x00003fd8       0x3c c:/nxp/mcuxpressoide_11.1.1_3241/ide/plugins/com.nxp.mcuxpresso.tools.win32_11.1.0.202001081728/tools/bin/../lib/gcc/arm-none-eabi/8.3.1/../../../../arm-none-eabi/lib/thumb/v7e-m+fp/hard\libc_nano.a(lib_a-assert.o)
                0x00003fd8                __assert_func
 .text.fprintf  0x00004014       0x24 c:/nxp/mcuxpressoide_11.1.1_3241/ide/plugins/com.nxp.mcuxpresso.tools.win32_11.1.0.202001081728/tools/bin/../lib/gcc/arm-none-eabi/8.3.1/../../../../arm-none-eabi/lib/thumb/v7e-m+fp/hard\libc_nano.a(lib_a-fprintf.o)
                0x00004014                fiprintf
                0x00004014                fprintf
 .text.malloc   0x00004038       0x10 c:/nxp/mcuxpressoide_11.1.1_3241/ide/plugins/com.nxp.mcuxpresso.tools.win32_11.1.0.202001081728/tools/bin/../lib/gcc/arm-none-eabi/8.3.1/../../../../arm-none-eabi/lib/thumb/v7e-m+fp/hard\libc_nano.a(lib_a-malloc.o)
                0x00004038                malloc
 .text._free_r  0x00004048       0x9c c:/nxp/mcuxpressoide_11.1.1_3241/ide/plugins/com.nxp.mcuxpresso.tools.win32_11.1.0.202001081728/tools/bin/../lib/gcc/arm-none-eabi/8.3.1/../../../../arm-none-eabi/lib/thumb/v7e-m+fp/hard\libc_nano.a(lib_a-nano-freer.o)
                0x00004048                _free_r
 .text._malloc_r
                0x000040e4       0xb4 c:/nxp/mcuxpressoide_11.1.1_3241/ide/plugins/com.nxp.mcuxpresso.tools.win32_11.1.0.202001081728/tools/bin/../lib/gcc/arm-none-eabi/8.3.1/../../../../arm-none-eabi/lib/thumb/v7e-m+fp/hard\libc_nano.a(lib_a-nano-mallocr.o)
                0x000040e4                _malloc_r
 .text._vfprintf_r
                0x00004198      0x250 c:/nxp/mcuxpressoide_11.1.1_3241/ide/plugins/com.nxp.mcuxpresso.tools.win32_11.1.0.202001081728/tools/bin/../lib/gcc/arm-none-eabi/8.3.1/../../../../arm-none-eabi/lib/thumb/v7e-m+fp/hard\libc_nano.a(lib_a-nano-vfprintf.o)
                0x00004198                _vfprintf_r
                0x00004198                _vfiprintf_r
 .text._printf_float
                0x000043e8      0x454 c:/nxp/mcuxpressoide_11.1.1_3241/ide/plugins/com.nxp.mcuxpresso.tools.win32_11.1.0.202001081728/tools/bin/../lib/gcc/arm-none-eabi/8.3.1/../../../../arm-none-eabi/lib/thumb/v7e-m+fp/hard\libc_nano.a(lib_a-nano-vfprintf_float.o)
                0x000043e8                _printf_float
 .text._printf_i
                0x0000483c      0x228 c:/nxp/mcuxpressoide_11.1.1_3241/ide/plugins/com.nxp.mcuxpresso.tools.win32_11.1.0.202001081728/tools/bin/../lib/gcc/arm-none-eabi/8.3.1/../../../../arm-none-eabi/lib/thumb/v7e-m+fp/hard\libc_nano.a(lib_a-nano-vfprintf_i.o)
                0x0000483c                _printf_i
 .text.printf   0x00004a64       0x30 c:/nxp/mcuxpressoide_11.1.1_3241/ide/plugins/com.nxp.mcuxpresso.tools.win32_11.1.0.202001081728/tools/bin/../lib/gcc/arm-none-eabi/8.3.1/../../../../arm-none-eabi/lib/thumb/v7e-m+fp/hard\libc_nano.a(lib_a-printf.o)
                0x00004a64                iprintf
                0x00004a64                printf
 .text._sbrk_r  0x00004a94       0x20 c:/nxp/mcuxpressoide_11.1.1_3241/ide/plugins/com.nxp.mcuxpresso.tools.win32_11.1.0.202001081728/tools/bin/../lib/gcc/arm-none-eabi/8.3.1/../../../../arm-none-eabi/lib/thumb/v7e-m+fp/hard\libc_nano.a(lib_a-sbrkr.o)
                0x00004a94                _sbrk_r
 .text.sprintf  0x00004ab4       0x40 c:/nxp/mcuxpressoide_11.1.1_3241/ide/plugins/com.nxp.mcuxpresso.tools.win32_11.1.0.202001081728/tools/bin/../lib/gcc/arm-none-eabi/8.3.1/../../../../arm-none-eabi/lib/thumb/v7e-m+fp/hard\libc_nano.a(lib_a-sprintf.o)
                0x00004ab4                siprintf
                0x00004ab4                sprintf
 .text.__swbuf_r
                0x00004af4       0xa4 c:/nxp/mcuxpressoide_11.1.1_3241/ide/plugins/com.nxp.mcuxpresso.tools.win32_11.1.0.202001081728/tools/bin/../lib/gcc/arm-none-eabi/8.3.1/../../../../arm-none-eabi/lib/thumb/v7e-m+fp/hard\libc_nano.a(lib_a-wbuf.o)
                0x00004af4                __swbuf_r
 .text.__swsetup_r
                0x00004b98       0xdc c:/nxp/mcuxpressoide_11.1.1_3241/ide/plugins/com.nxp.mcuxpresso.tools.win32_11.1.0.202001081728/tools/bin/../lib/gcc/arm-none-eabi/8.3.1/../../../../arm-none-eabi/lib/thumb/v7e-m+fp/hard\libc_nano.a(lib_a-wsetup.o)
                0x00004b98                __swsetup_r
 .text.__sflush_r
                0x00004c74      0x10c c:/nxp/mcuxpressoide_11.1.1_3241/ide/plugins/com.nxp.mcuxpresso.tools.win32_11.1.0.202001081728/tools/bin/../lib/gcc/arm-none-eabi/8.3.1/../../../../arm-none-eabi/lib/thumb/v7e-m+fp/hard\libc_nano.a(lib_a-fflush.o)
                0x00004c74                __sflush_r
 .text._fflush_r
                0x00004d80       0x78 c:/nxp/mcuxpressoide_11.1.1_3241/ide/plugins/com.nxp.mcuxpresso.tools.win32_11.1.0.202001081728/tools/bin/../lib/gcc/arm-none-eabi/8.3.1/../../../../arm-none-eabi/lib/thumb/v7e-m+fp/hard\libc_nano.a(lib_a-fflush.o)
                0x00004d80                _fflush_r
 .text.std      0x00004df8       0x48 c:/nxp/mcuxpressoide_11.1.1_3241/ide/plugins/com.nxp.mcuxpresso.tools.win32_11.1.0.202001081728/tools/bin/../lib/gcc/arm-none-eabi/8.3.1/../../../../arm-none-eabi/lib/thumb/v7e-m+fp/hard\libc_nano.a(lib_a-findfp.o)
 .text._cleanup_r
                0x00004e40        0xc c:/nxp/mcuxpressoide_11.1.1_3241/ide/plugins/com.nxp.mcuxpresso.tools.win32_11.1.0.202001081728/tools/bin/../lib/gcc/arm-none-eabi/8.3.1/../../../../arm-none-eabi/lib/thumb/v7e-m+fp/hard\libc_nano.a(lib_a-findfp.o)
                0x00004e40                _cleanup_r
 .text.__sfp_lock_acquire
                0x00004e4c        0xc c:/nxp/mcuxpressoide_11.1.1_3241/ide/plugins/com.nxp.mcuxpresso.tools.win32_11.1.0.202001081728/tools/bin/../lib/gcc/arm-none-eabi/8.3.1/../../../../arm-none-eabi/lib/thumb/v7e-m+fp/hard\libc_nano.a(lib_a-findfp.o)
                0x00004e4c                __sfp_lock_acquire
 .text.__sfp_lock_release
                0x00004e58        0xc c:/nxp/mcuxpressoide_11.1.1_3241/ide/plugins/com.nxp.mcuxpresso.tools.win32_11.1.0.202001081728/tools/bin/../lib/gcc/arm-none-eabi/8.3.1/../../../../arm-none-eabi/lib/thumb/v7e-m+fp/hard\libc_nano.a(lib_a-findfp.o)
                0x00004e58                __sfp_lock_release
 .text.__sinit_lock_acquire
                0x00004e64        0xc c:/nxp/mcuxpressoide_11.1.1_3241/ide/plugins/com.nxp.mcuxpresso.tools.win32_11.1.0.202001081728/tools/bin/../lib/gcc/arm-none-eabi/8.3.1/../../../../arm-none-eabi/lib/thumb/v7e-m+fp/hard\libc_nano.a(lib_a-findfp.o)
                0x00004e64                __sinit_lock_acquire
 .text.__sinit_lock_release
                0x00004e70        0xc c:/nxp/mcuxpressoide_11.1.1_3241/ide/plugins/com.nxp.mcuxpresso.tools.win32_11.1.0.202001081728/tools/bin/../lib/gcc/arm-none-eabi/8.3.1/../../../../arm-none-eabi/lib/thumb/v7e-m+fp/hard\libc_nano.a(lib_a-findfp.o)
                0x00004e70                __sinit_lock_release
 .text.__sinit  0x00004e7c       0x70 c:/nxp/mcuxpressoide_11.1.1_3241/ide/plugins/com.nxp.mcuxpresso.tools.win32_11.1.0.202001081728/tools/bin/../lib/gcc/arm-none-eabi/8.3.1/../../../../arm-none-eabi/lib/thumb/v7e-m+fp/hard\libc_nano.a(lib_a-findfp.o)
                0x00004e7c                __sinit
 .text.__sfp    0x00004eec       0x8c c:/nxp/mcuxpressoide_11.1.1_3241/ide/plugins/com.nxp.mcuxpresso.tools.win32_11.1.0.202001081728/tools/bin/../lib/gcc/arm-none-eabi/8.3.1/../../../../arm-none-eabi/lib/thumb/v7e-m+fp/hard\libc_nano.a(lib_a-findfp.o)
                0x00004eec                __sfp
 .text._localeconv_r
                0x00004f78        0x8 c:/nxp/mcuxpressoide_11.1.1_3241/ide/plugins/com.nxp.mcuxpresso.tools.win32_11.1.0.202001081728/tools/bin/../lib/gcc/arm-none-eabi/8.3.1/../../../../arm-none-eabi/lib/thumb/v7e-m+fp/hard\libc_nano.a(lib_a-localeconv.o)
                0x00004f78                _localeconv_r
 .text.__smakebuf_r
                0x00004f80       0x80 c:/nxp/mcuxpressoide_11.1.1_3241/ide/plugins/com.nxp.mcuxpresso.tools.win32_11.1.0.202001081728/tools/bin/../lib/gcc/arm-none-eabi/8.3.1/../../../../arm-none-eabi/lib/thumb/v7e-m+fp/hard\libc_nano.a(lib_a-makebuf.o)
                0x00004f80                __smakebuf_r
 .text.__malloc_lock
                0x00005000        0xc c:/nxp/mcuxpressoide_11.1.1_3241/ide/plugins/com.nxp.mcuxpresso.tools.win32_11.1.0.202001081728/tools/bin/../lib/gcc/arm-none-eabi/8.3.1/../../../../arm-none-eabi/lib/thumb/v7e-m+fp/hard\libc_nano.a(lib_a-mlock.o)
                0x00005000                __malloc_lock
 .text.__malloc_unlock
                0x0000500c        0xc c:/nxp/mcuxpressoide_11.1.1_3241/ide/plugins/com.nxp.mcuxpresso.tools.win32_11.1.0.202001081728/tools/bin/../lib/gcc/arm-none-eabi/8.3.1/../../../../arm-none-eabi/lib/thumb/v7e-m+fp/hard\libc_nano.a(lib_a-mlock.o)
                0x0000500c                __malloc_unlock
 .text.__pow5mult
                0x00005018       0x9c c:/nxp/mcuxpressoide_11.1.1_3241/ide/plugins/com.nxp.mcuxpresso.tools.win32_11.1.0.202001081728/tools/bin/../lib/gcc/arm-none-eabi/8.3.1/../../../../arm-none-eabi/lib/thumb/v7e-m+fp/hard\libc_nano.a(lib_a-mprec.o)
                0x00005018                __pow5mult
 .text._svfprintf_r
                0x000050b4      0x1f0 c:/nxp/mcuxpressoide_11.1.1_3241/ide/plugins/com.nxp.mcuxpresso.tools.win32_11.1.0.202001081728/tools/bin/../lib/gcc/arm-none-eabi/8.3.1/../../../../arm-none-eabi/lib/thumb/v7e-m+fp/hard\libc_nano.a(lib_a-nano-svfprintf.o)
                0x000050b4                _svfiprintf_r
                0x000050b4                _svfprintf_r
 .text.raise    0x000052a4       0x10 c:/nxp/mcuxpressoide_11.1.1_3241/ide/plugins/com.nxp.mcuxpresso.tools.win32_11.1.0.202001081728/tools/bin/../lib/gcc/arm-none-eabi/8.3.1/../../../../arm-none-eabi/lib/thumb/v7e-m+fp/hard\libc_nano.a(lib_a-signal.o)
                0x000052a4                raise
 .text._kill_r  0x000052b4       0x24 c:/nxp/mcuxpressoide_11.1.1_3241/ide/plugins/com.nxp.mcuxpresso.tools.win32_11.1.0.202001081728/tools/bin/../lib/gcc/arm-none-eabi/8.3.1/../../../../arm-none-eabi/lib/thumb/v7e-m+fp/hard\libc_nano.a(lib_a-signalr.o)
                0x000052b4                _kill_r
 .text._write_r
                0x000052d8       0x24 c:/nxp/mcuxpressoide_11.1.1_3241/ide/plugins/com.nxp.mcuxpresso.tools.win32_11.1.0.202001081728/tools/bin/../lib/gcc/arm-none-eabi/8.3.1/../../../../arm-none-eabi/lib/thumb/v7e-m+fp/hard\libc_nano.a(lib_a-writer.o)
                0x000052d8                _write_r
 .text._close_r
                0x000052fc       0x20 c:/nxp/mcuxpressoide_11.1.1_3241/ide/plugins/com.nxp.mcuxpresso.tools.win32_11.1.0.202001081728/tools/bin/../lib/gcc/arm-none-eabi/8.3.1/../../../../arm-none-eabi/lib/thumb/v7e-m+fp/hard\libc_nano.a(lib_a-closer.o)
                0x000052fc                _close_r
 .text._fstat_r
                0x0000531c       0x24 c:/nxp/mcuxpressoide_11.1.1_3241/ide/plugins/com.nxp.mcuxpresso.tools.win32_11.1.0.202001081728/tools/bin/../lib/gcc/arm-none-eabi/8.3.1/../../../../arm-none-eabi/lib/thumb/v7e-m+fp/hard\libc_nano.a(lib_a-fstatr.o)
                0x0000531c                _fstat_r
 .text._isatty_r
                0x00005340       0x20 c:/nxp/mcuxpressoide_11.1.1_3241/ide/plugins/com.nxp.mcuxpresso.tools.win32_11.1.0.202001081728/tools/bin/../lib/gcc/arm-none-eabi/8.3.1/../../../../arm-none-eabi/lib/thumb/v7e-m+fp/hard\libc_nano.a(lib_a-isattyr.o)
                0x00005340                _isatty_r
 .text._lseek_r
                0x00005360       0x24 c:/nxp/mcuxpressoide_11.1.1_3241/ide/plugins/com.nxp.mcuxpresso.tools.win32_11.1.0.202001081728/tools/bin/../lib/gcc/arm-none-eabi/8.3.1/../../../../arm-none-eabi/lib/thumb/v7e-m+fp/hard\libc_nano.a(lib_a-lseekr.o)
                0x00005360                _lseek_r
 .text._read_r  0x00005384       0x24 c:/nxp/mcuxpressoide_11.1.1_3241/ide/plugins/com.nxp.mcuxpresso.tools.win32_11.1.0.202001081728/tools/bin/../lib/gcc/arm-none-eabi/8.3.1/../../../../arm-none-eabi/lib/thumb/v7e-m+fp/hard\libc_nano.a(lib_a-readr.o)
                0x00005384                _read_r
 .text._sbrk    0x000053a8       0x3c c:/nxp/mcuxpressoide_11.1.1_3241/ide/plugins/com.nxp.mcuxpresso.tools.win32_11.1.0.202001081728/tools/bin/../lib/gcc/arm-none-eabi/8.3.1/../../../../arm-none-eabi/lib/thumb/v7e-m+fp/hard\libcr_newlib_semihost.a(_cr_sbrk.o)
                0x000053a8                _sbrk
 .text._kill    0x000053e4       0x20 c:/nxp/mcuxpressoide_11.1.1_3241/ide/plugins/com.nxp.mcuxpresso.tools.win32_11.1.0.202001081728/tools/bin/../lib/gcc/arm-none-eabi/8.3.1/../../../../arm-none-eabi/lib/thumb/v7e-m+fp/hard\libcr_newlib_semihost.a(_kill.o)
                0x000053e4                _kill
 .text.initialise_monitor_handles
                0x00005404       0xac c:/nxp/mcuxpressoide_11.1.1_3241/ide/plugins/com.nxp.mcuxpresso.tools.win32_11.1.0.202001081728/tools/bin/../lib/gcc/arm-none-eabi/8.3.1/../../../../arm-none-eabi/lib/thumb/v7e-m+fp/hard\libcr_newlib_semihost.a(syscalls.o)
 .text.findslot
                0x000054b0       0x24 c:/nxp/mcuxpressoide_11.1.1_3241/ide/plugins/com.nxp.mcuxpresso.tools.win32_11.1.0.202001081728/tools/bin/../lib/gcc/arm-none-eabi/8.3.1/../../../../arm-none-eabi/lib/thumb/v7e-m+fp/hard\libcr_newlib_semihost.a(syscalls.o)
 .text._close   0x000054d4       0x4c c:/nxp/mcuxpressoide_11.1.1_3241/ide/plugins/com.nxp.mcuxpresso.tools.win32_11.1.0.202001081728/tools/bin/../lib/gcc/arm-none-eabi/8.3.1/../../../../arm-none-eabi/lib/thumb/v7e-m+fp/hard\libcr_newlib_semihost.a(syscalls.o)
                0x000054d4                _close
 .text.__check_heap_overflow
                0x00005520       0x18 c:/nxp/mcuxpressoide_11.1.1_3241/ide/plugins/com.nxp.mcuxpresso.tools.win32_11.1.0.202001081728/tools/bin/../lib/gcc/arm-none-eabi/8.3.1/../../../../arm-none-eabi/lib/thumb/v7e-m+fp/hard\libcr_newlib_semihost.a(_cr_check_heap.o)
                0x00005520                __check_heap_overflow
 .text          0x00005538      0x110 c:/nxp/mcuxpressoide_11.1.1_3241/ide/plugins/com.nxp.mcuxpresso.tools.win32_11.1.0.202001081728/tools/bin/../lib/gcc/arm-none-eabi/8.3.1/thumb/v7e-m+fp/hard\libgcc.a(_arm_cmpdf2.o)
                0x00005538                __gtdf2
                0x00005538                __gedf2
                0x00005540                __ltdf2
                0x00005540                __ledf2
                0x00005548                __nedf2
                0x00005548                __eqdf2
                0x00005548                __cmpdf2
                0x000055c4                __aeabi_cdrcmple
                0x000055d4                __aeabi_cdcmpeq
                0x000055d4                __aeabi_cdcmple
                0x000055e4                __aeabi_dcmpeq
                0x000055f8                __aeabi_dcmplt
                0x0000560c                __aeabi_dcmple
                0x00005620                __aeabi_dcmpge
                0x00005634                __aeabi_dcmpgt
 .text          0x00005648       0x2c c:/nxp/mcuxpressoide_11.1.1_3241/ide/plugins/com.nxp.mcuxpresso.tools.win32_11.1.0.202001081728/tools/bin/../lib/gcc/arm-none-eabi/8.3.1/thumb/v7e-m+fp/hard\libgcc.a(_arm_unorddf2.o)
                0x00005648                __unorddf2
                0x00005648                __aeabi_dcmpun
 .text          0x00005674       0x50 c:/nxp/mcuxpressoide_11.1.1_3241/ide/plugins/com.nxp.mcuxpresso.tools.win32_11.1.0.202001081728/tools/bin/../lib/gcc/arm-none-eabi/8.3.1/thumb/v7e-m+fp/hard\libgcc.a(_arm_fixdfsi.o)
                0x00005674                __aeabi_d2iz
                0x00005674                __fixdfsi
 .text.__errno  0x000056c4        0xc c:/nxp/mcuxpressoide_11.1.1_3241/ide/plugins/com.nxp.mcuxpresso.tools.win32_11.1.0.202001081728/tools/bin/../lib/gcc/arm-none-eabi/8.3.1/../../../../arm-none-eabi/lib/thumb/v7e-m+fp/hard\libc_nano.a(lib_a-errno.o)
                0x000056c4                __errno
 .text.WDT_BOD_IRQHandler
                0x000056d0        0x8 ./startup/startup_lpc54608.o
                0x000056d0                WDT_BOD_IRQHandler
 .text.DMA0_IRQHandler
                0x000056d8        0x8 ./startup/startup_lpc54608.o
                0x000056d8                DMA0_IRQHandler
 .text.GINT0_IRQHandler
                0x000056e0        0x8 ./startup/startup_lpc54608.o
                0x000056e0                GINT0_IRQHandler
 .text.GINT1_IRQHandler
                0x000056e8        0x8 ./startup/startup_lpc54608.o
                0x000056e8                GINT1_IRQHandler
 .text.PIN_INT0_IRQHandler
                0x000056f0        0x8 ./startup/startup_lpc54608.o
                0x000056f0                PIN_INT0_IRQHandler
 .text.PIN_INT1_IRQHandler
                0x000056f8        0x8 ./startup/startup_lpc54608.o
                0x000056f8                PIN_INT1_IRQHandler
 .text.PIN_INT2_IRQHandler
                0x00005700        0x8 ./startup/startup_lpc54608.o
                0x00005700                PIN_INT2_IRQHandler
 .text.PIN_INT3_IRQHandler
                0x00005708        0x8 ./startup/startup_lpc54608.o
                0x00005708                PIN_INT3_IRQHandler
 .text.UTICK0_IRQHandler
                0x00005710        0x8 ./startup/startup_lpc54608.o
                0x00005710                UTICK0_IRQHandler
 .text.MRT0_IRQHandler
                0x00005718        0x8 ./startup/startup_lpc54608.o
                0x00005718                MRT0_IRQHandler
 .text.CTIMER0_IRQHandler
                0x00005720        0x8 ./startup/startup_lpc54608.o
                0x00005720                CTIMER0_IRQHandler
 .text.CTIMER1_IRQHandler
                0x00005728        0x8 ./startup/startup_lpc54608.o
                0x00005728                CTIMER1_IRQHandler
 .text.SCT0_IRQHandler
                0x00005730        0x8 ./startup/startup_lpc54608.o
                0x00005730                SCT0_IRQHandler
 .text.CTIMER3_IRQHandler
                0x00005738        0x8 ./startup/startup_lpc54608.o
                0x00005738                CTIMER3_IRQHandler
 .text.FLEXCOMM1_IRQHandler
                0x00005740        0x8 ./startup/startup_lpc54608.o
                0x00005740                FLEXCOMM1_IRQHandler
 .text.FLEXCOMM2_IRQHandler
                0x00005748        0x8 ./startup/startup_lpc54608.o
                0x00005748                FLEXCOMM2_IRQHandler
 .text.FLEXCOMM3_IRQHandler
                0x00005750        0x8 ./startup/startup_lpc54608.o
                0x00005750                FLEXCOMM3_IRQHandler
 .text.FLEXCOMM4_IRQHandler
                0x00005758        0x8 ./startup/startup_lpc54608.o
                0x00005758                FLEXCOMM4_IRQHandler
 .text.FLEXCOMM5_IRQHandler
                0x00005760        0x8 ./startup/startup_lpc54608.o
                0x00005760                FLEXCOMM5_IRQHandler
 .text.FLEXCOMM6_IRQHandler
                0x00005768        0x8 ./startup/startup_lpc54608.o
                0x00005768                FLEXCOMM6_IRQHandler
 .text.FLEXCOMM7_IRQHandler
                0x00005770        0x8 ./startup/startup_lpc54608.o
                0x00005770                FLEXCOMM7_IRQHandler
 .text.ADC0_SEQA_IRQHandler
                0x00005778        0x8 ./startup/startup_lpc54608.o
                0x00005778                ADC0_SEQA_IRQHandler
 .text.ADC0_SEQB_IRQHandler
                0x00005780        0x8 ./startup/startup_lpc54608.o
                0x00005780                ADC0_SEQB_IRQHandler
 .text.ADC0_THCMP_IRQHandler
                0x00005788        0x8 ./startup/startup_lpc54608.o
                0x00005788                ADC0_THCMP_IRQHandler
 .text.DMIC0_IRQHandler
                0x00005790        0x8 ./startup/startup_lpc54608.o
                0x00005790                DMIC0_IRQHandler
 .text.HWVAD0_IRQHandler
                0x00005798        0x8 ./startup/startup_lpc54608.o
                0x00005798                HWVAD0_IRQHandler
 .text.USB0_NEEDCLK_IRQHandler
                0x000057a0        0x8 ./startup/startup_lpc54608.o
                0x000057a0                USB0_NEEDCLK_IRQHandler
 .text.USB0_IRQHandler
                0x000057a8        0x8 ./startup/startup_lpc54608.o
                0x000057a8                USB0_IRQHandler
 .text.RTC_IRQHandler
                0x000057b0        0x8 ./startup/startup_lpc54608.o
                0x000057b0                RTC_IRQHandler
 .text.Reserved46_IRQHandler
                0x000057b8        0x8 ./startup/startup_lpc54608.o
                0x000057b8                Reserved46_IRQHandler
 .text.Reserved47_IRQHandler
                0x000057c0        0x8 ./startup/startup_lpc54608.o
                0x000057c0                Reserved47_IRQHandler
 .text.PIN_INT4_IRQHandler
                0x000057c8        0x8 ./startup/startup_lpc54608.o
                0x000057c8                PIN_INT4_IRQHandler
 .text.PIN_INT5_IRQHandler
                0x000057d0        0x8 ./startup/startup_lpc54608.o
                0x000057d0                PIN_INT5_IRQHandler
 .text.PIN_INT6_IRQHandler
                0x000057d8        0x8 ./startup/startup_lpc54608.o
                0x000057d8                PIN_INT6_IRQHandler
 .text.PIN_INT7_IRQHandler
                0x000057e0        0x8 ./startup/startup_lpc54608.o
                0x000057e0                PIN_INT7_IRQHandler
 .text.CTIMER2_IRQHandler
                0x000057e8        0x8 ./startup/startup_lpc54608.o
                0x000057e8                CTIMER2_IRQHandler
 .text.CTIMER4_IRQHandler
                0x000057f0        0x8 ./startup/startup_lpc54608.o
                0x000057f0                CTIMER4_IRQHandler
 .text.RIT_IRQHandler
                0x000057f8        0x8 ./startup/startup_lpc54608.o
                0x000057f8                RIT_IRQHandler
 .text.SPIFI0_IRQHandler
                0x00005800        0x8 ./startup/startup_lpc54608.o
                0x00005800                SPIFI0_IRQHandler
 .text.FLEXCOMM8_IRQHandler
                0x00005808        0x8 ./startup/startup_lpc54608.o
                0x00005808                FLEXCOMM8_IRQHandler
 .text.FLEXCOMM9_IRQHandler
                0x00005810        0x8 ./startup/startup_lpc54608.o
                0x00005810                FLEXCOMM9_IRQHandler
 .text.SDIO_IRQHandler
                0x00005818        0x8 ./startup/startup_lpc54608.o
                0x00005818                SDIO_IRQHandler
 .text.CAN0_IRQ0_IRQHandler
                0x00005820        0x8 ./startup/startup_lpc54608.o
                0x00005820                CAN0_IRQ0_IRQHandler
 .text.CAN0_IRQ1_IRQHandler
                0x00005828        0x8 ./startup/startup_lpc54608.o
                0x00005828                CAN0_IRQ1_IRQHandler
 .text.CAN1_IRQ0_IRQHandler
                0x00005830        0x8 ./startup/startup_lpc54608.o
                0x00005830                CAN1_IRQ0_IRQHandler
 .text.CAN1_IRQ1_IRQHandler
                0x00005838        0x8 ./startup/startup_lpc54608.o
                0x00005838                CAN1_IRQ1_IRQHandler
 .text.USB1_IRQHandler
                0x00005840        0x8 ./startup/startup_lpc54608.o
                0x00005840                USB1_IRQHandler
 .text.USB1_NEEDCLK_IRQHandler
                0x00005848        0x8 ./startup/startup_lpc54608.o
                0x00005848                USB1_NEEDCLK_IRQHandler
 .text.ETHERNET_IRQHandler
                0x00005850        0x8 ./startup/startup_lpc54608.o
                0x00005850                ETHERNET_IRQHandler
 .text.ETHERNET_PMT_IRQHandler
                0x00005858        0x8 ./startup/startup_lpc54608.o
                0x00005858                ETHERNET_PMT_IRQHandler
 .text.ETHERNET_MACLP_IRQHandler
                0x00005860        0x8 ./startup/startup_lpc54608.o
                0x00005860                ETHERNET_MACLP_IRQHandler
 .text.EEPROM_IRQHandler
                0x00005868        0x8 ./startup/startup_lpc54608.o
                0x00005868                EEPROM_IRQHandler
 .text.LCD_IRQHandler
                0x00005870        0x8 ./startup/startup_lpc54608.o
                0x00005870                LCD_IRQHandler
 .text.SHA_IRQHandler
                0x00005878        0x8 ./startup/startup_lpc54608.o
                0x00005878                SHA_IRQHandler
 .text.SMARTCARD0_IRQHandler
                0x00005880        0x8 ./startup/startup_lpc54608.o
                0x00005880                SMARTCARD0_IRQHandler
 .text.SMARTCARD1_IRQHandler
                0x00005888        0x8 ./startup/startup_lpc54608.o
                0x00005888                SMARTCARD1_IRQHandler
 .text.EnableIRQ
                0x00005890       0x2c ./source/Proyecto 2 parcial.o
 .text.GPIO_PinWrite
                0x000058bc       0x2a ./source/Proyecto 2 parcial.o
 .text.GPIO_PortToggle
                0x000058e6       0x26 ./source/Proyecto 2 parcial.o
 .text.GPIO_PortRead
                0x0000590c       0x22 ./source/Proyecto 2 parcial.o
 .text.GPIO_PortMaskedSet
                0x0000592e       0x26 ./source/Proyecto 2 parcial.o
 .text.GPIO_PortMaskedWrite
                0x00005954       0x26 ./source/Proyecto 2 parcial.o
 .text.USART_GetStatusFlags
                0x0000597a       0x1a ./source/Proyecto 2 parcial.o
 .text.USART_EnableInterrupts
                0x00005994       0x22 ./source/Proyecto 2 parcial.o
 .text.ADC_EnableTemperatureSensor
                0x000059b6       0x38 ./source/Proyecto 2 parcial.o
 .text.ADC_EnableConvSeqA
                0x000059ee       0x38 ./source/Proyecto 2 parcial.o
 .text.ADC_DoSoftwareTriggerConvSeqA
                0x00005a26       0x20 ./source/Proyecto 2 parcial.o
 .text.POWER_DisablePD
                0x00005a46       0x2e ./source/Proyecto 2 parcial.o
 .text.ADC_PWR_Config
                0x00005a74       0x2c ./source/Proyecto 2 parcial.o
                0x00005a74                ADC_PWR_Config
 .text.HardFault_Handler
                0x00005aa0       0x2c ./source/semihost_hardfault.o
                0x00005aa0                HardFault_Handler
 .text.CLOCK_SetFLASHAccessCycles
                0x00005acc       0x34 ./drivers/fsl_clock.o
 .text.CLOCK_IsSystemPLLLocked
                0x00005b00       0x24 ./drivers/fsl_clock.o
 .text.CLOCK_Enable_SysOsc
                0x00005b24       0x5c ./drivers/fsl_clock.o
 .text.POWER_EnablePD
                0x00005b80       0x2e ./drivers/fsl_clock.o
 .text.POWER_DisablePD
                0x00005bae       0x2e ./drivers/fsl_clock.o
 .text.CLOCK_GetMclkClkFreq
                0x00005bdc       0x68 ./drivers/fsl_clock.o
                0x00005bdc                CLOCK_GetMclkClkFreq
 .text.CLOCK_GetOsc32KFreq
                0x00005c44       0x12 ./drivers/fsl_clock.o
                0x00005c44                CLOCK_GetOsc32KFreq
 .text.CLOCK_GetCoreSysClkFreq
                0x00005c56       0x90 ./drivers/fsl_clock.o
                0x00005c56                CLOCK_GetCoreSysClkFreq
 .text.CLOCK_GetI2SMClkFreq
                0x00005ce6       0x10 ./drivers/fsl_clock.o
                0x00005ce6                CLOCK_GetI2SMClkFreq
 .text.CLOCK_GetFrgClkFreq
                0x00005cf6       0x64 ./drivers/fsl_clock.o
                0x00005cf6                CLOCK_GetFrgClkFreq
 .text.DelayLoop
                0x00005d5a       0x20 ./drivers/fsl_common.o
 .text.FLEXCOMM_PeripheralIsPresent
                0x00005d7a       0x64 ./drivers/fsl_flexcomm.o
 .text.FLEXCOMM_SetPeriph
                0x00005dde       0x74 ./drivers/fsl_flexcomm.o
 .text.GPIO_PinInit
                0x00005e52       0xa0 ./drivers/fsl_gpio.o
                0x00005e52                GPIO_PinInit
 .text.PINT_PatternMatchResetDetectLogic
                0x00005ef2       0x34 ./drivers/fsl_pint.o
                0x00005ef2                PINT_PatternMatchResetDetectLogic
 .text.PINT_PinInterruptClrStatus
                0x00005f26       0x4e ./drivers/fsl_pint.o
                0x00005f26                PINT_PinInterruptClrStatus
 .text.RESET_PeripheralReset
                0x00005f74       0x1c ./drivers/fsl_reset.o
                0x00005f74                RESET_PeripheralReset
 .text.USART_EnableContinuousSCLK
                0x00005f90       0x38 ./drivers/fsl_usart.o
 .text.SystemInitHook
                0x00005fc8        0xe ./device/system_LPC54608.o
                0x00005fc8                SystemInitHook
 .text.BOARD_InitDebugConsole
                0x00005fd6       0x10 ./board/board.o
                0x00005fd6                BOARD_InitDebugConsole
 .text.POWER_DisablePD
                0x00005fe6       0x2e ./board/clock_config.o
 .text.BOARD_InitBootPins
                0x00006014       0x10 ./board/pin_mux.o
                0x00006014                BOARD_InitBootPins
 .text.memcpy   0x00006024       0x1c c:/nxp/mcuxpressoide_11.1.1_3241/ide/plugins/com.nxp.mcuxpresso.tools.win32_11.1.0.202001081728/tools/bin/../lib/gcc/arm-none-eabi/8.3.1/../../../../arm-none-eabi/lib/thumb/v7e-m+fp/hard\libc_nano.a(lib_a-memcpy-stub.o)
                0x00006024                memcpy
 .text.memset   0x00006040       0x10 c:/nxp/mcuxpressoide_11.1.1_3241/ide/plugins/com.nxp.mcuxpresso.tools.win32_11.1.0.202001081728/tools/bin/../lib/gcc/arm-none-eabi/8.3.1/../../../../arm-none-eabi/lib/thumb/v7e-m+fp/hard\libc_nano.a(lib_a-memset.o)
                0x00006040                memset
 .text.__sfputc_r
                0x00006050       0x2e c:/nxp/mcuxpressoide_11.1.1_3241/ide/plugins/com.nxp.mcuxpresso.tools.win32_11.1.0.202001081728/tools/bin/../lib/gcc/arm-none-eabi/8.3.1/../../../../arm-none-eabi/lib/thumb/v7e-m+fp/hard\libc_nano.a(lib_a-nano-vfprintf.o)
 .text.__sfputs_r
                0x0000607e       0x24 c:/nxp/mcuxpressoide_11.1.1_3241/ide/plugins/com.nxp.mcuxpresso.tools.win32_11.1.0.202001081728/tools/bin/../lib/gcc/arm-none-eabi/8.3.1/../../../../arm-none-eabi/lib/thumb/v7e-m+fp/hard\libc_nano.a(lib_a-nano-vfprintf.o)
                0x0000607e                __sfputs_r
 .text.__cvt    0x000060a2       0xba c:/nxp/mcuxpressoide_11.1.1_3241/ide/plugins/com.nxp.mcuxpresso.tools.win32_11.1.0.202001081728/tools/bin/../lib/gcc/arm-none-eabi/8.3.1/../../../../arm-none-eabi/lib/thumb/v7e-m+fp/hard\libc_nano.a(lib_a-nano-vfprintf_float.o)
                0x000060a2                __cvt
 .text.__exponent
                0x0000615c       0x64 c:/nxp/mcuxpressoide_11.1.1_3241/ide/plugins/com.nxp.mcuxpresso.tools.win32_11.1.0.202001081728/tools/bin/../lib/gcc/arm-none-eabi/8.3.1/../../../../arm-none-eabi/lib/thumb/v7e-m+fp/hard\libc_nano.a(lib_a-nano-vfprintf_float.o)
                0x0000615c                __exponent
 .text._printf_common
                0x000061c0       0xea c:/nxp/mcuxpressoide_11.1.1_3241/ide/plugins/com.nxp.mcuxpresso.tools.win32_11.1.0.202001081728/tools/bin/../lib/gcc/arm-none-eabi/8.3.1/../../../../arm-none-eabi/lib/thumb/v7e-m+fp/hard\libc_nano.a(lib_a-nano-vfprintf_i.o)
                0x000061c0                _printf_common
 .text          0x000062aa       0x10 c:/nxp/mcuxpressoide_11.1.1_3241/ide/plugins/com.nxp.mcuxpresso.tools.win32_11.1.0.202001081728/tools/bin/../lib/gcc/arm-none-eabi/8.3.1/../../../../arm-none-eabi/lib/thumb/v7e-m+fp/hard\libc_nano.a(lib_a-strlen.o)
                0x000062aa                strlen
 .text.abort    0x000062ba        0xe c:/nxp/mcuxpressoide_11.1.1_3241/ide/plugins/com.nxp.mcuxpresso.tools.win32_11.1.0.202001081728/tools/bin/../lib/gcc/arm-none-eabi/8.3.1/../../../../arm-none-eabi/lib/thumb/v7e-m+fp/hard\libc_nano.a(lib_a-abort.o)
                0x000062ba                abort
 .text.quorem   0x000062c8      0x112 c:/nxp/mcuxpressoide_11.1.1_3241/ide/plugins/com.nxp.mcuxpresso.tools.win32_11.1.0.202001081728/tools/bin/../lib/gcc/arm-none-eabi/8.3.1/../../../../arm-none-eabi/lib/thumb/v7e-m+fp/hard\libc_nano.a(lib_a-dtoa.o)
 .text.__sfmoreglue
                0x000063da       0x2c c:/nxp/mcuxpressoide_11.1.1_3241/ide/plugins/com.nxp.mcuxpresso.tools.win32_11.1.0.202001081728/tools/bin/../lib/gcc/arm-none-eabi/8.3.1/../../../../arm-none-eabi/lib/thumb/v7e-m+fp/hard\libc_nano.a(lib_a-findfp.o)
                0x000063da                __sfmoreglue
 .text._fwalk_reent
                0x00006406       0x3c c:/nxp/mcuxpressoide_11.1.1_3241/ide/plugins/com.nxp.mcuxpresso.tools.win32_11.1.0.202001081728/tools/bin/../lib/gcc/arm-none-eabi/8.3.1/../../../../arm-none-eabi/lib/thumb/v7e-m+fp/hard\libc_nano.a(lib_a-fwalk.o)
                0x00006406                _fwalk_reent
 .text.__retarget_lock_init_recursive
                0x00006442        0x2 c:/nxp/mcuxpressoide_11.1.1_3241/ide/plugins/com.nxp.mcuxpresso.tools.win32_11.1.0.202001081728/tools/bin/../lib/gcc/arm-none-eabi/8.3.1/../../../../arm-none-eabi/lib/thumb/v7e-m+fp/hard\libc_nano.a(lib_a-lock.o)
                0x00006442                __retarget_lock_init_recursive
 .text.__retarget_lock_acquire_recursive
                0x00006444        0x2 c:/nxp/mcuxpressoide_11.1.1_3241/ide/plugins/com.nxp.mcuxpresso.tools.win32_11.1.0.202001081728/tools/bin/../lib/gcc/arm-none-eabi/8.3.1/../../../../arm-none-eabi/lib/thumb/v7e-m+fp/hard\libc_nano.a(lib_a-lock.o)
                0x00006444                __retarget_lock_acquire_recursive
 .text.__retarget_lock_release_recursive
                0x00006446        0x2 c:/nxp/mcuxpressoide_11.1.1_3241/ide/plugins/com.nxp.mcuxpresso.tools.win32_11.1.0.202001081728/tools/bin/../lib/gcc/arm-none-eabi/8.3.1/../../../../arm-none-eabi/lib/thumb/v7e-m+fp/hard\libc_nano.a(lib_a-lock.o)
                0x00006446                __retarget_lock_release_recursive
 .text.__swhatbuf_r
                0x00006448       0x48 c:/nxp/mcuxpressoide_11.1.1_3241/ide/plugins/com.nxp.mcuxpresso.tools.win32_11.1.0.202001081728/tools/bin/../lib/gcc/arm-none-eabi/8.3.1/../../../../arm-none-eabi/lib/thumb/v7e-m+fp/hard\libc_nano.a(lib_a-makebuf.o)
                0x00006448                __swhatbuf_r
 .text.memmove  0x00006490       0x34 c:/nxp/mcuxpressoide_11.1.1_3241/ide/plugins/com.nxp.mcuxpresso.tools.win32_11.1.0.202001081728/tools/bin/../lib/gcc/arm-none-eabi/8.3.1/../../../../arm-none-eabi/lib/thumb/v7e-m+fp/hard\libc_nano.a(lib_a-memmove.o)
                0x00006490                memmove
 .text._Balloc  0x000064c4       0x68 c:/nxp/mcuxpressoide_11.1.1_3241/ide/plugins/com.nxp.mcuxpresso.tools.win32_11.1.0.202001081728/tools/bin/../lib/gcc/arm-none-eabi/8.3.1/../../../../arm-none-eabi/lib/thumb/v7e-m+fp/hard\libc_nano.a(lib_a-mprec.o)
                0x000064c4                _Balloc
 .text._Bfree   0x0000652c       0x2e c:/nxp/mcuxpressoide_11.1.1_3241/ide/plugins/com.nxp.mcuxpresso.tools.win32_11.1.0.202001081728/tools/bin/../lib/gcc/arm-none-eabi/8.3.1/../../../../arm-none-eabi/lib/thumb/v7e-m+fp/hard\libc_nano.a(lib_a-mprec.o)
                0x0000652c                _Bfree
 .text.__multadd
                0x0000655a       0x76 c:/nxp/mcuxpressoide_11.1.1_3241/ide/plugins/com.nxp.mcuxpresso.tools.win32_11.1.0.202001081728/tools/bin/../lib/gcc/arm-none-eabi/8.3.1/../../../../arm-none-eabi/lib/thumb/v7e-m+fp/hard\libc_nano.a(lib_a-mprec.o)
                0x0000655a                __multadd
 .text.__hi0bits
                0x000065d0       0x40 c:/nxp/mcuxpressoide_11.1.1_3241/ide/plugins/com.nxp.mcuxpresso.tools.win32_11.1.0.202001081728/tools/bin/../lib/gcc/arm-none-eabi/8.3.1/../../../../arm-none-eabi/lib/thumb/v7e-m+fp/hard\libc_nano.a(lib_a-mprec.o)
                0x000065d0                __hi0bits
 .text.__lo0bits
                0x00006610       0x60 c:/nxp/mcuxpressoide_11.1.1_3241/ide/plugins/com.nxp.mcuxpresso.tools.win32_11.1.0.202001081728/tools/bin/../lib/gcc/arm-none-eabi/8.3.1/../../../../arm-none-eabi/lib/thumb/v7e-m+fp/hard\libc_nano.a(lib_a-mprec.o)
                0x00006610                __lo0bits
 .text.__i2b    0x00006670       0x12 c:/nxp/mcuxpressoide_11.1.1_3241/ide/plugins/com.nxp.mcuxpresso.tools.win32_11.1.0.202001081728/tools/bin/../lib/gcc/arm-none-eabi/8.3.1/../../../../arm-none-eabi/lib/thumb/v7e-m+fp/hard\libc_nano.a(lib_a-mprec.o)
                0x00006670                __i2b
 .text.__multiply
                0x00006682      0x120 c:/nxp/mcuxpressoide_11.1.1_3241/ide/plugins/com.nxp.mcuxpresso.tools.win32_11.1.0.202001081728/tools/bin/../lib/gcc/arm-none-eabi/8.3.1/../../../../arm-none-eabi/lib/thumb/v7e-m+fp/hard\libc_nano.a(lib_a-mprec.o)
                0x00006682                __multiply
 .text.__lshift
                0x000067a2       0xa6 c:/nxp/mcuxpressoide_11.1.1_3241/ide/plugins/com.nxp.mcuxpresso.tools.win32_11.1.0.202001081728/tools/bin/../lib/gcc/arm-none-eabi/8.3.1/../../../../arm-none-eabi/lib/thumb/v7e-m+fp/hard\libc_nano.a(lib_a-mprec.o)
                0x000067a2                __lshift
 .text.__mcmp   0x00006848       0x34 c:/nxp/mcuxpressoide_11.1.1_3241/ide/plugins/com.nxp.mcuxpresso.tools.win32_11.1.0.202001081728/tools/bin/../lib/gcc/arm-none-eabi/8.3.1/../../../../arm-none-eabi/lib/thumb/v7e-m+fp/hard\libc_nano.a(lib_a-mprec.o)
                0x00006848                __mcmp
 .text.__mdiff  0x0000687c       0xba c:/nxp/mcuxpressoide_11.1.1_3241/ide/plugins/com.nxp.mcuxpresso.tools.win32_11.1.0.202001081728/tools/bin/../lib/gcc/arm-none-eabi/8.3.1/../../../../arm-none-eabi/lib/thumb/v7e-m+fp/hard\libc_nano.a(lib_a-mprec.o)
                0x0000687c                __mdiff
 .text.__d2b    0x00006936       0x9c c:/nxp/mcuxpressoide_11.1.1_3241/ide/plugins/com.nxp.mcuxpresso.tools.win32_11.1.0.202001081728/tools/bin/../lib/gcc/arm-none-eabi/8.3.1/../../../../arm-none-eabi/lib/thumb/v7e-m+fp/hard\libc_nano.a(lib_a-mprec.o)
                0x00006936                __d2b
 .text._calloc_r
                0x000069d2       0x1c c:/nxp/mcuxpressoide_11.1.1_3241/ide/plugins/com.nxp.mcuxpresso.tools.win32_11.1.0.202001081728/tools/bin/../lib/gcc/arm-none-eabi/8.3.1/../../../../arm-none-eabi/lib/thumb/v7e-m+fp/hard\libc_nano.a(lib_a-nano-callocr.o)
                0x000069d2                _calloc_r
 .text._realloc_r
                0x000069ee       0x4c c:/nxp/mcuxpressoide_11.1.1_3241/ide/plugins/com.nxp.mcuxpresso.tools.win32_11.1.0.202001081728/tools/bin/../lib/gcc/arm-none-eabi/8.3.1/../../../../arm-none-eabi/lib/thumb/v7e-m+fp/hard\libc_nano.a(lib_a-nano-reallocr.o)
                0x000069ee                _realloc_r
 .text.__ssputs_r
                0x00006a3a       0xb6 c:/nxp/mcuxpressoide_11.1.1_3241/ide/plugins/com.nxp.mcuxpresso.tools.win32_11.1.0.202001081728/tools/bin/../lib/gcc/arm-none-eabi/8.3.1/../../../../arm-none-eabi/lib/thumb/v7e-m+fp/hard\libc_nano.a(lib_a-nano-svfprintf.o)
                0x00006a3a                __ssputs_r
 .text._raise_r
                0x00006af0       0x50 c:/nxp/mcuxpressoide_11.1.1_3241/ide/plugins/com.nxp.mcuxpresso.tools.win32_11.1.0.202001081728/tools/bin/../lib/gcc/arm-none-eabi/8.3.1/../../../../arm-none-eabi/lib/thumb/v7e-m+fp/hard\libc_nano.a(lib_a-signal.o)
                0x00006af0                _raise_r
 .text._getpid_r
                0x00006b40        0x4 c:/nxp/mcuxpressoide_11.1.1_3241/ide/plugins/com.nxp.mcuxpresso.tools.win32_11.1.0.202001081728/tools/bin/../lib/gcc/arm-none-eabi/8.3.1/../../../../arm-none-eabi/lib/thumb/v7e-m+fp/hard\libc_nano.a(lib_a-signalr.o)
                0x00006b40                _getpid_r
 .text.__sread  0x00006b44       0x22 c:/nxp/mcuxpressoide_11.1.1_3241/ide/plugins/com.nxp.mcuxpresso.tools.win32_11.1.0.202001081728/tools/bin/../lib/gcc/arm-none-eabi/8.3.1/../../../../arm-none-eabi/lib/thumb/v7e-m+fp/hard\libc_nano.a(lib_a-stdio.o)
                0x00006b44                __sread
 .text.__swrite
                0x00006b66       0x38 c:/nxp/mcuxpressoide_11.1.1_3241/ide/plugins/com.nxp.mcuxpresso.tools.win32_11.1.0.202001081728/tools/bin/../lib/gcc/arm-none-eabi/8.3.1/../../../../arm-none-eabi/lib/thumb/v7e-m+fp/hard\libc_nano.a(lib_a-stdio.o)
                0x00006b66                __swrite
 .text.__sseek  0x00006b9e       0x24 c:/nxp/mcuxpressoide_11.1.1_3241/ide/plugins/com.nxp.mcuxpresso.tools.win32_11.1.0.202001081728/tools/bin/../lib/gcc/arm-none-eabi/8.3.1/../../../../arm-none-eabi/lib/thumb/v7e-m+fp/hard\libc_nano.a(lib_a-stdio.o)
                0x00006b9e                __sseek
 .text.__sclose
                0x00006bc2        0x8 c:/nxp/mcuxpressoide_11.1.1_3241/ide/plugins/com.nxp.mcuxpresso.tools.win32_11.1.0.202001081728/tools/bin/../lib/gcc/arm-none-eabi/8.3.1/../../../../arm-none-eabi/lib/thumb/v7e-m+fp/hard\libc_nano.a(lib_a-stdio.o)
                0x00006bc2                __sclose
 .text.__ascii_mbtowc
                0x00006bca       0x24 c:/nxp/mcuxpressoide_11.1.1_3241/ide/plugins/com.nxp.mcuxpresso.tools.win32_11.1.0.202001081728/tools/bin/../lib/gcc/arm-none-eabi/8.3.1/../../../../arm-none-eabi/lib/thumb/v7e-m+fp/hard\libc_nano.a(lib_a-mbtowc_r.o)
                0x00006bca                __ascii_mbtowc
 .text._malloc_usable_size_r
                0x00006bee       0x10 c:/nxp/mcuxpressoide_11.1.1_3241/ide/plugins/com.nxp.mcuxpresso.tools.win32_11.1.0.202001081728/tools/bin/../lib/gcc/arm-none-eabi/8.3.1/../../../../arm-none-eabi/lib/thumb/v7e-m+fp/hard\libc_nano.a(lib_a-nano-msizer.o)
                0x00006bee                _malloc_usable_size_r
 .text.__ascii_wctomb
                0x00006bfe       0x1a c:/nxp/mcuxpressoide_11.1.1_3241/ide/plugins/com.nxp.mcuxpresso.tools.win32_11.1.0.202001081728/tools/bin/../lib/gcc/arm-none-eabi/8.3.1/../../../../arm-none-eabi/lib/thumb/v7e-m+fp/hard\libc_nano.a(lib_a-wctomb_r.o)
                0x00006bfe                __ascii_wctomb
 .text._exit    0x00006c18        0x8 c:/nxp/mcuxpressoide_11.1.1_3241/ide/plugins/com.nxp.mcuxpresso.tools.win32_11.1.0.202001081728/tools/bin/../lib/gcc/arm-none-eabi/8.3.1/../../../../arm-none-eabi/lib/thumb/v7e-m+fp/hard\libcr_newlib_semihost.a(_exit.o)
                0x00006c18                _exit
 .text.error    0x00006c20       0x1c c:/nxp/mcuxpressoide_11.1.1_3241/ide/plugins/com.nxp.mcuxpresso.tools.win32_11.1.0.202001081728/tools/bin/../lib/gcc/arm-none-eabi/8.3.1/../../../../arm-none-eabi/lib/thumb/v7e-m+fp/hard\libcr_newlib_semihost.a(syscalls.o)
 .text.checkerror
                0x00006c3c       0x20 c:/nxp/mcuxpressoide_11.1.1_3241/ide/plugins/com.nxp.mcuxpresso.tools.win32_11.1.0.202001081728/tools/bin/../lib/gcc/arm-none-eabi/8.3.1/../../../../arm-none-eabi/lib/thumb/v7e-m+fp/hard\libcr_newlib_semihost.a(syscalls.o)
 .text._swiread
                0x00006c5c       0x20 c:/nxp/mcuxpressoide_11.1.1_3241/ide/plugins/com.nxp.mcuxpresso.tools.win32_11.1.0.202001081728/tools/bin/../lib/gcc/arm-none-eabi/8.3.1/../../../../arm-none-eabi/lib/thumb/v7e-m+fp/hard\libcr_newlib_semihost.a(syscalls.o)
                0x00006c5c                _swiread
 .text._read    0x00006c7c       0x34 c:/nxp/mcuxpressoide_11.1.1_3241/ide/plugins/com.nxp.mcuxpresso.tools.win32_11.1.0.202001081728/tools/bin/../lib/gcc/arm-none-eabi/8.3.1/../../../../arm-none-eabi/lib/thumb/v7e-m+fp/hard\libcr_newlib_semihost.a(syscalls.o)
                0x00006c7c                _read
 .text._swilseek
                0x00006cb0       0x78 c:/nxp/mcuxpressoide_11.1.1_3241/ide/plugins/com.nxp.mcuxpresso.tools.win32_11.1.0.202001081728/tools/bin/../lib/gcc/arm-none-eabi/8.3.1/../../../../arm-none-eabi/lib/thumb/v7e-m+fp/hard\libcr_newlib_semihost.a(syscalls.o)
                0x00006cb0                _swilseek
 .text._lseek   0x00006d28        0x4 c:/nxp/mcuxpressoide_11.1.1_3241/ide/plugins/com.nxp.mcuxpresso.tools.win32_11.1.0.202001081728/tools/bin/../lib/gcc/arm-none-eabi/8.3.1/../../../../arm-none-eabi/lib/thumb/v7e-m+fp/hard\libcr_newlib_semihost.a(syscalls.o)
                0x00006d28                _lseek
 .text._swiwrite
                0x00006d2c       0x20 c:/nxp/mcuxpressoide_11.1.1_3241/ide/plugins/com.nxp.mcuxpresso.tools.win32_11.1.0.202001081728/tools/bin/../lib/gcc/arm-none-eabi/8.3.1/../../../../arm-none-eabi/lib/thumb/v7e-m+fp/hard\libcr_newlib_semihost.a(syscalls.o)
                0x00006d2c                _swiwrite
 .text._write   0x00006d4c       0x40 c:/nxp/mcuxpressoide_11.1.1_3241/ide/plugins/com.nxp.mcuxpresso.tools.win32_11.1.0.202001081728/tools/bin/../lib/gcc/arm-none-eabi/8.3.1/../../../../arm-none-eabi/lib/thumb/v7e-m+fp/hard\libcr_newlib_semihost.a(syscalls.o)
                0x00006d4c                _write
 .text._swiclose
                0x00006d8c       0x1a c:/nxp/mcuxpressoide_11.1.1_3241/ide/plugins/com.nxp.mcuxpresso.tools.win32_11.1.0.202001081728/tools/bin/../lib/gcc/arm-none-eabi/8.3.1/../../../../arm-none-eabi/lib/thumb/v7e-m+fp/hard\libcr_newlib_semihost.a(syscalls.o)
                0x00006d8c                _swiclose
 .text._getpid  0x00006da6        0x4 c:/nxp/mcuxpressoide_11.1.1_3241/ide/plugins/com.nxp.mcuxpresso.tools.win32_11.1.0.202001081728/tools/bin/../lib/gcc/arm-none-eabi/8.3.1/../../../../arm-none-eabi/lib/thumb/v7e-m+fp/hard\libcr_newlib_semihost.a(syscalls.o)
                0x00006da6                _getpid
 .text._swistat
                0x00006daa       0x42 c:/nxp/mcuxpressoide_11.1.1_3241/ide/plugins/com.nxp.mcuxpresso.tools.win32_11.1.0.202001081728/tools/bin/../lib/gcc/arm-none-eabi/8.3.1/../../../../arm-none-eabi/lib/thumb/v7e-m+fp/hard\libcr_newlib_semihost.a(syscalls.o)
                0x00006daa                _swistat
 .text._fstat   0x00006dec       0x1c c:/nxp/mcuxpressoide_11.1.1_3241/ide/plugins/com.nxp.mcuxpresso.tools.win32_11.1.0.202001081728/tools/bin/../lib/gcc/arm-none-eabi/8.3.1/../../../../arm-none-eabi/lib/thumb/v7e-m+fp/hard\libcr_newlib_semihost.a(syscalls.o)
                0x00006dec                _fstat
 .text._isatty  0x00006e08       0x2a c:/nxp/mcuxpressoide_11.1.1_3241/ide/plugins/com.nxp.mcuxpresso.tools.win32_11.1.0.202001081728/tools/bin/../lib/gcc/arm-none-eabi/8.3.1/../../../../arm-none-eabi/lib/thumb/v7e-m+fp/hard\libcr_newlib_semihost.a(syscalls.o)
                0x00006e08                _isatty
 *(SORT_BY_ALIGNMENT(.rodata) SORT_BY_ALIGNMENT(.rodata.*) SORT_BY_ALIGNMENT(.constdata) SORT_BY_ALIGNMENT(.constdata.*))
 *fill*         0x00006e32        0x6 ff
 .rodata.__mprec_bigtens
                0x00006e38       0x28 c:/nxp/mcuxpressoide_11.1.1_3241/ide/plugins/com.nxp.mcuxpresso.tools.win32_11.1.0.202001081728/tools/bin/../lib/gcc/arm-none-eabi/8.3.1/../../../../arm-none-eabi/lib/thumb/v7e-m+fp/hard\libc_nano.a(lib_a-mprec.o)
                0x00006e38                __mprec_bigtens
 .rodata.__mprec_tens
                0x00006e60       0xc8 c:/nxp/mcuxpressoide_11.1.1_3241/ide/plugins/com.nxp.mcuxpresso.tools.win32_11.1.0.202001081728/tools/bin/../lib/gcc/arm-none-eabi/8.3.1/../../../../arm-none-eabi/lib/thumb/v7e-m+fp/hard\libc_nano.a(lib_a-mprec.o)
                0x00006e60                __mprec_tens
 .rodata.main.str1.4
                0x00006f28      0x15f ./source/Proyecto 2 parcial.o
 *fill*         0x00007087        0x1 ff
 .rodata        0x00007088        0x2 ./source/Proyecto 2 parcial.o
 *fill*         0x0000708a        0x2 ff
 .rodata.ADC_Calib.str1.4
                0x0000708c       0x2b ./source/Proyecto 2 parcial.o
 *fill*         0x000070b7        0x1 ff
 .rodata.botonpresionado.str1.4
                0x000070b8       0x3e ./source/Proyecto 2 parcial.o
 *fill*         0x000070f6        0x2 ff
 .rodata.ADC_GetInstance.str1.4
                0x000070f8       0x2f ./drivers/fsl_adc.o
 *fill*         0x00007127        0x1 ff
 .rodata.ADC_Init.str1.4
                0x00007128        0xf ./drivers/fsl_adc.o
 *fill*         0x00007137        0x1 ff
 .rodata.ADC_DoOffsetCalibration.str1.4
                0x00007138       0x10 ./drivers/fsl_adc.o
 .rodata.ADC_GetConvSeqAGlobalConversionResult.str1.4
                0x00007148        0xd ./drivers/fsl_adc.o
 *fill*         0x00007155        0x3 ff
 .rodata.ADC_GetChannelConversionResult.str1.4
                0x00007158       0x18 ./drivers/fsl_adc.o
 .rodata.__func__.8709
                0x00007170       0x10 ./drivers/fsl_adc.o
 .rodata.__func__.8714
                0x00007180        0x9 ./drivers/fsl_adc.o
 *fill*         0x00007189        0x3 ff
 .rodata.__func__.8736
                0x0000718c       0x18 ./drivers/fsl_adc.o
 .rodata.__func__.8746
                0x000071a4       0x16 ./drivers/fsl_adc.o
 *fill*         0x000071ba        0x2 ff
 .rodata.__func__.8785
                0x000071bc       0x1f ./drivers/fsl_adc.o
 *fill*         0x000071db        0x1 ff
 .rodata.wdtFreqLookup
                0x000071dc       0x20 ./drivers/fsl_clock.o
 .rodata.SDK_DelayAtLeastUs.str1.4
                0x000071fc       0x34 ./drivers/fsl_common.o
 .rodata.__func__.8529
                0x00007230       0x13 ./drivers/fsl_common.o
 *fill*         0x00007243        0x1 ff
 .rodata.s_flexcommBaseAddrs
                0x00007244       0x28 ./drivers/fsl_flexcomm.o
 .rodata.s_flexcommClocks
                0x0000726c       0x14 ./drivers/fsl_flexcomm.o
 .rodata.s_flexcommResets
                0x00007280       0x28 ./drivers/fsl_flexcomm.o
 .rodata.FLEXCOMM_GetInstance.str1.4
                0x000072a8       0x34 ./drivers/fsl_flexcomm.o
 .rodata.FLEXCOMM1_DriverIRQHandler.str1.4
                0x000072dc       0x18 ./drivers/fsl_flexcomm.o
 .rodata.FLEXCOMM2_DriverIRQHandler.str1.4
                0x000072f4       0x18 ./drivers/fsl_flexcomm.o
 .rodata.FLEXCOMM3_DriverIRQHandler.str1.4
                0x0000730c       0x18 ./drivers/fsl_flexcomm.o
 .rodata.FLEXCOMM4_DriverIRQHandler.str1.4
                0x00007324       0x18 ./drivers/fsl_flexcomm.o
 .rodata.FLEXCOMM5_DriverIRQHandler.str1.4
                0x0000733c       0x18 ./drivers/fsl_flexcomm.o
 .rodata.FLEXCOMM6_DriverIRQHandler.str1.4
                0x00007354       0x18 ./drivers/fsl_flexcomm.o
 .rodata.FLEXCOMM7_DriverIRQHandler.str1.4
                0x0000736c       0x18 ./drivers/fsl_flexcomm.o
 .rodata.FLEXCOMM8_DriverIRQHandler.str1.4
                0x00007384       0x18 ./drivers/fsl_flexcomm.o
 .rodata.FLEXCOMM9_DriverIRQHandler.str1.4
                0x0000739c       0x18 ./drivers/fsl_flexcomm.o
 .rodata.__func__.8533
                0x000073b4       0x15 ./drivers/fsl_flexcomm.o
 *fill*         0x000073c9        0x3 ff
 .rodata.__func__.8557
                0x000073cc       0x1b ./drivers/fsl_flexcomm.o
 *fill*         0x000073e7        0x1 ff
 .rodata.__func__.8561
                0x000073e8       0x1b ./drivers/fsl_flexcomm.o
 *fill*         0x00007403        0x1 ff
 .rodata.__func__.8565
                0x00007404       0x1b ./drivers/fsl_flexcomm.o
 *fill*         0x0000741f        0x1 ff
 .rodata.__func__.8569
                0x00007420       0x1b ./drivers/fsl_flexcomm.o
 *fill*         0x0000743b        0x1 ff
 .rodata.__func__.8573
                0x0000743c       0x1b ./drivers/fsl_flexcomm.o
 *fill*         0x00007457        0x1 ff
 .rodata.__func__.8577
                0x00007458       0x1b ./drivers/fsl_flexcomm.o
 *fill*         0x00007473        0x1 ff
 .rodata.__func__.8581
                0x00007474       0x1b ./drivers/fsl_flexcomm.o
 *fill*         0x0000748f        0x1 ff
 .rodata.__func__.8585
                0x00007490       0x1b ./drivers/fsl_flexcomm.o
 *fill*         0x000074ab        0x1 ff
 .rodata.__func__.8589
                0x000074ac       0x1b ./drivers/fsl_flexcomm.o
 *fill*         0x000074c7        0x1 ff
 .rodata.s_gpioClockName
                0x000074c8        0xc ./drivers/fsl_gpio.o
 .rodata.s_gpioResets
                0x000074d4       0x18 ./drivers/fsl_gpio.o
 .rodata.GPIO_PortInit.str1.4
                0x000074ec       0x30 ./drivers/fsl_gpio.o
 .rodata.__func__.8549
                0x0000751c        0xe ./drivers/fsl_gpio.o
 *fill*         0x0000752a        0x2 ff
 .rodata.RESET_SetPeripheralReset.str1.4
                0x0000752c       0x1d ./drivers/fsl_reset.o
 *fill*         0x00007549        0x3 ff
 .rodata.__func__.8489
                0x0000754c       0x19 ./drivers/fsl_reset.o
 *fill*         0x00007565        0x3 ff
 .rodata.__func__.8502
                0x00007568       0x1b ./drivers/fsl_reset.o
 *fill*         0x00007583        0x1 ff
 .rodata.USART_GetInstance.str1.4
                0x00007584       0x2d ./drivers/fsl_usart.o
 *fill*         0x000075b1        0x3 ff
 .rodata.USART_Init.str1.4
                0x000075b4       0x3d ./drivers/fsl_usart.o
 *fill*         0x000075f1        0x3 ff
 .rodata.USART_GetDefaultConfig.str1.4
                0x000075f4        0xf ./drivers/fsl_usart.o
 *fill*         0x00007603        0x1 ff
 .rodata.USART_SetBaudRate.str1.4
                0x00007604       0x3f ./drivers/fsl_usart.o
 *fill*         0x00007643        0x1 ff
 .rodata.USART_WriteBlocking.str1.4
                0x00007644       0x24 ./drivers/fsl_usart.o
 .rodata.__func__.8771
                0x00007668        0xb ./drivers/fsl_usart.o
 *fill*         0x00007673        0x1 ff
 .rodata.__func__.8782
                0x00007674       0x17 ./drivers/fsl_usart.o
 *fill*         0x0000768b        0x1 ff
 .rodata.__func__.8795
                0x0000768c       0x12 ./drivers/fsl_usart.o
 *fill*         0x0000769e        0x2 ff
 .rodata.__func__.8805
                0x000076a0       0x14 ./drivers/fsl_usart.o
 .rodata.__func__.8822
                0x000076b4       0x13 ./drivers/fsl_usart.o
 *fill*         0x000076c7        0x1 ff
 .rodata._global_impure_ptr
                0x000076c8        0x4 c:/nxp/mcuxpressoide_11.1.1_3241/ide/plugins/com.nxp.mcuxpresso.tools.win32_11.1.0.202001081728/tools/bin/../lib/gcc/arm-none-eabi/8.3.1/../../../../arm-none-eabi/lib/thumb/v7e-m+fp/hard\libc_nano.a(lib_a-impure.o)
                0x000076c8                _global_impure_ptr
 .rodata.__sf_fake_stderr
                0x000076cc       0x20 c:/nxp/mcuxpressoide_11.1.1_3241/ide/plugins/com.nxp.mcuxpresso.tools.win32_11.1.0.202001081728/tools/bin/../lib/gcc/arm-none-eabi/8.3.1/../../../../arm-none-eabi/lib/thumb/v7e-m+fp/hard\libc_nano.a(lib_a-findfp.o)
                0x000076cc                __sf_fake_stderr
 .rodata.__sf_fake_stdin
                0x000076ec       0x20 c:/nxp/mcuxpressoide_11.1.1_3241/ide/plugins/com.nxp.mcuxpresso.tools.win32_11.1.0.202001081728/tools/bin/../lib/gcc/arm-none-eabi/8.3.1/../../../../arm-none-eabi/lib/thumb/v7e-m+fp/hard\libc_nano.a(lib_a-findfp.o)
                0x000076ec                __sf_fake_stdin
 .rodata.__sf_fake_stdout
                0x0000770c       0x20 c:/nxp/mcuxpressoide_11.1.1_3241/ide/plugins/com.nxp.mcuxpresso.tools.win32_11.1.0.202001081728/tools/bin/../lib/gcc/arm-none-eabi/8.3.1/../../../../arm-none-eabi/lib/thumb/v7e-m+fp/hard\libc_nano.a(lib_a-findfp.o)
                0x0000770c                __sf_fake_stdout
 .rodata.p05.7444
                0x0000772c        0xc c:/nxp/mcuxpressoide_11.1.1_3241/ide/plugins/com.nxp.mcuxpresso.tools.win32_11.1.0.202001081728/tools/bin/../lib/gcc/arm-none-eabi/8.3.1/../../../../arm-none-eabi/lib/thumb/v7e-m+fp/hard\libc_nano.a(lib_a-mprec.o)
 .rodata.__assert_func.str1.1
                0x00007738       0x3c c:/nxp/mcuxpressoide_11.1.1_3241/ide/plugins/com.nxp.mcuxpresso.tools.win32_11.1.0.202001081728/tools/bin/../lib/gcc/arm-none-eabi/8.3.1/../../../../arm-none-eabi/lib/thumb/v7e-m+fp/hard\libc_nano.a(lib_a-assert.o)
                                 0x3d (size before relaxing)
 .rodata._vfprintf_r.str1.1
                0x00007774       0x11 c:/nxp/mcuxpressoide_11.1.1_3241/ide/plugins/com.nxp.mcuxpresso.tools.win32_11.1.0.202001081728/tools/bin/../lib/gcc/arm-none-eabi/8.3.1/../../../../arm-none-eabi/lib/thumb/v7e-m+fp/hard\libc_nano.a(lib_a-nano-vfprintf.o)
 .rodata._printf_float.str1.1
                0x00007785       0x12 c:/nxp/mcuxpressoide_11.1.1_3241/ide/plugins/com.nxp.mcuxpresso.tools.win32_11.1.0.202001081728/tools/bin/../lib/gcc/arm-none-eabi/8.3.1/../../../../arm-none-eabi/lib/thumb/v7e-m+fp/hard\libc_nano.a(lib_a-nano-vfprintf_float.o)
 .rodata._printf_i.str1.1
                0x00007797       0x22 c:/nxp/mcuxpressoide_11.1.1_3241/ide/plugins/com.nxp.mcuxpresso.tools.win32_11.1.0.202001081728/tools/bin/../lib/gcc/arm-none-eabi/8.3.1/../../../../arm-none-eabi/lib/thumb/v7e-m+fp/hard\libc_nano.a(lib_a-nano-vfprintf_i.o)
 .rodata._dtoa_r.str1.1
                0x000077b9        0xd c:/nxp/mcuxpressoide_11.1.1_3241/ide/plugins/com.nxp.mcuxpresso.tools.win32_11.1.0.202001081728/tools/bin/../lib/gcc/arm-none-eabi/8.3.1/../../../../arm-none-eabi/lib/thumb/v7e-m+fp/hard\libc_nano.a(lib_a-dtoa.o)
                                  0xf (size before relaxing)
 .rodata._svfprintf_r.str1.1
                0x000077c6       0x11 c:/nxp/mcuxpressoide_11.1.1_3241/ide/plugins/com.nxp.mcuxpresso.tools.win32_11.1.0.202001081728/tools/bin/../lib/gcc/arm-none-eabi/8.3.1/../../../../arm-none-eabi/lib/thumb/v7e-m+fp/hard\libc_nano.a(lib_a-nano-svfprintf.o)
 .rodata._setlocale_r.str1.1
                0x000077c6        0x8 c:/nxp/mcuxpressoide_11.1.1_3241/ide/plugins/com.nxp.mcuxpresso.tools.win32_11.1.0.202001081728/tools/bin/../lib/gcc/arm-none-eabi/8.3.1/../../../../arm-none-eabi/lib/thumb/v7e-m+fp/hard\libc_nano.a(lib_a-locale.o)
                                  0x9 (size before relaxing)
 .rodata.str1.1
                0x000077ce        0x2 c:/nxp/mcuxpressoide_11.1.1_3241/ide/plugins/com.nxp.mcuxpresso.tools.win32_11.1.0.202001081728/tools/bin/../lib/gcc/arm-none-eabi/8.3.1/../../../../arm-none-eabi/lib/thumb/v7e-m+fp/hard\libc_nano.a(lib_a-locale.o)
 .rodata._ctype_
                0x000077d0      0x101 c:/nxp/mcuxpressoide_11.1.1_3241/ide/plugins/com.nxp.mcuxpresso.tools.win32_11.1.0.202001081728/tools/bin/../lib/gcc/arm-none-eabi/8.3.1/../../../../arm-none-eabi/lib/thumb/v7e-m+fp/hard\libc_nano.a(lib_a-ctype_.o)
                0x000077d0                _ctype_
 .rodata.initialise_monitor_handles.str1.1
                0x000078d1        0x4 c:/nxp/mcuxpressoide_11.1.1_3241/ide/plugins/com.nxp.mcuxpresso.tools.win32_11.1.0.202001081728/tools/bin/../lib/gcc/arm-none-eabi/8.3.1/../../../../arm-none-eabi/lib/thumb/v7e-m+fp/hard\libcr_newlib_semihost.a(syscalls.o)
                0x000078d8                . = ALIGN (0x4)
 *fill*         0x000078d5        0x3 ff

.glue_7         0x000078d8        0x0
 .glue_7        0x000078d8        0x0 linker stubs

.glue_7t        0x000078d8        0x0
 .glue_7t       0x000078d8        0x0 linker stubs

.vfp11_veneer   0x000078d8        0x0
 .vfp11_veneer  0x000078d8        0x0 linker stubs

.v4_bx          0x000078d8        0x0
 .v4_bx         0x000078d8        0x0 linker stubs

.iplt           0x000078d8        0x0
 .iplt          0x000078d8        0x0 ./startup/startup_lpc54608.o

.ARM.extab
 *(SORT_BY_ALIGNMENT(.ARM.extab*) SORT_BY_ALIGNMENT(.gnu.linkonce.armextab.*))

.ARM.exidx      0x000078d8        0x8
                0x000078d8                __exidx_start = .
 *(SORT_BY_ALIGNMENT(.ARM.exidx*) SORT_BY_ALIGNMENT(.gnu.linkonce.armexidx.*))
 .ARM.exidx     0x000078d8        0x8 c:/nxp/mcuxpressoide_11.1.1_3241/ide/plugins/com.nxp.mcuxpresso.tools.win32_11.1.0.202001081728/tools/bin/../lib/gcc/arm-none-eabi/8.3.1/thumb/v7e-m+fp/hard\libgcc.a(_udivmoddi4.o)
                0x000078e0                __exidx_end = .
                0x000078e0                _etext = .

.rel.dyn        0x000078e0        0x0
 .rel.iplt      0x000078e0        0x0 ./startup/startup_lpc54608.o

.m_usb_data
 *(SORT_BY_ALIGNMENT(m_usb_global))

.data_RAM2      0x04000000        0x0 load address 0x000078e0
 FILL mask 0xff
                [!provide]                PROVIDE (__start_data_RAM2 = .)
                [!provide]                PROVIDE (__start_data_SRAMX = .)
 *(SORT_BY_ALIGNMENT(.ramfunc.$RAM2))
 *(SORT_BY_ALIGNMENT(.ramfunc.$SRAMX))
 *(SORT_BY_ALIGNMENT(.data.$RAM2))
 *(SORT_BY_ALIGNMENT(.data.$SRAMX))
 *(SORT_BY_ALIGNMENT(.data.$RAM2.*))
 *(SORT_BY_ALIGNMENT(.data.$SRAMX.*))
                0x04000000                . = ALIGN (0x4)
                [!provide]                PROVIDE (__end_data_RAM2 = .)
                [!provide]                PROVIDE (__end_data_SRAMX = .)

.data_RAM3      0x40100000        0x0 load address 0x000078e0
 FILL mask 0xff
                [!provide]                PROVIDE (__start_data_RAM3 = .)
                [!provide]                PROVIDE (__start_data_USB_RAM = .)
 *(SORT_BY_ALIGNMENT(.ramfunc.$RAM3))
 *(SORT_BY_ALIGNMENT(.ramfunc.$USB_RAM))
 *(SORT_BY_ALIGNMENT(.data.$RAM3))
 *(SORT_BY_ALIGNMENT(.data.$USB_RAM))
 *(SORT_BY_ALIGNMENT(.data.$RAM3.*))
 *(SORT_BY_ALIGNMENT(.data.$USB_RAM.*))
                0x40100000                . = ALIGN (0x4)
                [!provide]                PROVIDE (__end_data_RAM3 = .)
                [!provide]                PROVIDE (__end_data_USB_RAM = .)

.data_RAM4      0xa0000000        0x0 load address 0x000078e0
 FILL mask 0xff
                [!provide]                PROVIDE (__start_data_RAM4 = .)
                [!provide]                PROVIDE (__start_data_BOARD_SDRAM = .)
 *(SORT_BY_ALIGNMENT(.ramfunc.$RAM4))
 *(SORT_BY_ALIGNMENT(.ramfunc.$BOARD_SDRAM))
 *(SORT_BY_ALIGNMENT(.data.$RAM4))
 *(SORT_BY_ALIGNMENT(.data.$BOARD_SDRAM))
 *(SORT_BY_ALIGNMENT(.data.$RAM4.*))
 *(SORT_BY_ALIGNMENT(.data.$BOARD_SDRAM.*))
                0xa0000000                . = ALIGN (0x4)
                [!provide]                PROVIDE (__end_data_RAM4 = .)
                [!provide]                PROVIDE (__end_data_BOARD_SDRAM = .)

.uninit_RESERVED
                0x20000000        0x0
                0x20000000                _start_uninit_RESERVED = .
 *(SORT_BY_ALIGNMENT(.bss.$RESERVED*))
                0x20000000                . = ALIGN (0x4)
                0x20000000                _end_uninit_RESERVED = .

.data           0x20000000      0x1d4 load address 0x000078e0
 FILL mask 0xff
                0x20000000                _data = .
                [!provide]                PROVIDE (__start_data_RAM = .)
                [!provide]                PROVIDE (__start_data_SRAM_UPPER = .)
 *(SORT_BY_ALIGNMENT(vtable))
 *(SORT_BY_ALIGNMENT(.ramfunc*))
 *(SORT_BY_ALIGNMENT(CodeQuickAccess))
 *(SORT_BY_ALIGNMENT(DataQuickAccess))
 *(SORT_BY_ALIGNMENT(RamFunction))
 *(SORT_BY_ALIGNMENT(.data*))
 .data.SystemCoreClock
                0x20000000        0x4 ./device/system_LPC54608.o
                0x20000000                SystemCoreClock
 .data._impure_ptr
                0x20000004        0x4 c:/nxp/mcuxpressoide_11.1.1_3241/ide/plugins/com.nxp.mcuxpresso.tools.win32_11.1.0.202001081728/tools/bin/../lib/gcc/arm-none-eabi/8.3.1/../../../../arm-none-eabi/lib/thumb/v7e-m+fp/hard\libc_nano.a(lib_a-impure.o)
                0x20000004                _impure_ptr
 .data.impure_data
                0x20000008       0x60 c:/nxp/mcuxpressoide_11.1.1_3241/ide/plugins/com.nxp.mcuxpresso.tools.win32_11.1.0.202001081728/tools/bin/../lib/gcc/arm-none-eabi/8.3.1/../../../../arm-none-eabi/lib/thumb/v7e-m+fp/hard\libc_nano.a(lib_a-impure.o)
 .data.__global_locale
                0x20000068      0x16c c:/nxp/mcuxpressoide_11.1.1_3241/ide/plugins/com.nxp.mcuxpresso.tools.win32_11.1.0.202001081728/tools/bin/../lib/gcc/arm-none-eabi/8.3.1/../../../../arm-none-eabi/lib/thumb/v7e-m+fp/hard\libc_nano.a(lib_a-locale.o)
                0x20000068                __global_locale
                0x200001d4                . = ALIGN (0x4)
                0x200001d4                _edata = .
                [!provide]                PROVIDE (__end_data_RAM = .)
                [!provide]                PROVIDE (__end_data_SRAM_UPPER = .)

.igot.plt       0x200001d4        0x0 load address 0x00007ab4
 .igot.plt      0x200001d4        0x0 ./startup/startup_lpc54608.o

.bss_RAM2       0x04000000        0x0
                [!provide]                PROVIDE (__start_bss_RAM2 = .)
                [!provide]                PROVIDE (__start_bss_SRAMX = .)
 *(SORT_BY_ALIGNMENT(.bss.$RAM2))
 *(SORT_BY_ALIGNMENT(.bss.$SRAMX))
 *(SORT_BY_ALIGNMENT(.bss.$RAM2.*))
 *(SORT_BY_ALIGNMENT(.bss.$SRAMX.*))
                0x04000000                . = ALIGN ((. != 0x0)?0x4:0x1)
                [!provide]                PROVIDE (__end_bss_RAM2 = .)
                [!provide]                PROVIDE (__end_bss_SRAMX = .)

.bss_RAM3       0x40100000        0x0
                [!provide]                PROVIDE (__start_bss_RAM3 = .)
                [!provide]                PROVIDE (__start_bss_USB_RAM = .)
 *(SORT_BY_ALIGNMENT(.bss.$RAM3))
 *(SORT_BY_ALIGNMENT(.bss.$USB_RAM))
 *(SORT_BY_ALIGNMENT(.bss.$RAM3.*))
 *(SORT_BY_ALIGNMENT(.bss.$USB_RAM.*))
                0x40100000                . = ALIGN ((. != 0x0)?0x4:0x1)
                [!provide]                PROVIDE (__end_bss_RAM3 = .)
                [!provide]                PROVIDE (__end_bss_USB_RAM = .)

.bss_RAM4       0xa0000000        0x0
                [!provide]                PROVIDE (__start_bss_RAM4 = .)
                [!provide]                PROVIDE (__start_bss_BOARD_SDRAM = .)
 *(SORT_BY_ALIGNMENT(.bss.$RAM4))
 *(SORT_BY_ALIGNMENT(.bss.$BOARD_SDRAM))
 *(SORT_BY_ALIGNMENT(.bss.$RAM4.*))
 *(SORT_BY_ALIGNMENT(.bss.$BOARD_SDRAM.*))
                0xa0000000                . = ALIGN ((. != 0x0)?0x4:0x1)
                [!provide]                PROVIDE (__end_bss_RAM4 = .)
                [!provide]                PROVIDE (__end_bss_BOARD_SDRAM = .)

.bss            0x200001d4      0x164
                0x200001d4                _bss = .
                [!provide]                PROVIDE (__start_bss_RAM = .)
                [!provide]                PROVIDE (__start_bss_SRAM_UPPER = .)
 *(SORT_BY_ALIGNMENT(.bss*))
 .bss.dato      0x200001d4        0x3 ./source/Proyecto 2 parcial.o
                0x200001d4                dato
 *fill*         0x200001d7        0x1 
 .bss.mensaje   0x200001d8       0x64 ./source/Proyecto 2 parcial.o
                0x200001d8                mensaje
 .bss.ADC_SENS  0x2000023c        0x4 ./source/Proyecto 2 parcial.o
                0x2000023c                ADC_SENS
 .bss.ADC_POT1  0x20000240        0x4 ./source/Proyecto 2 parcial.o
                0x20000240                ADC_POT1
 .bss.ADC_POT2  0x20000244        0x4 ./source/Proyecto 2 parcial.o
                0x20000244                ADC_POT2
 .bss.ADC_POT3  0x20000248        0x4 ./source/Proyecto 2 parcial.o
                0x20000248                ADC_POT3
 .bss.adcInfoLectura
                0x2000024c       0x10 ./source/Proyecto 2 parcial.o
                0x2000024c                adcInfoLectura
 .bss.s_Pll_Freq
                0x2000025c        0x4 ./drivers/fsl_clock.o
 .bss.s_Usb_Pll_Freq
                0x20000260        0x4 ./drivers/fsl_clock.o
 .bss.s_Audio_Pll_Freq
                0x20000264        0x4 ./drivers/fsl_clock.o
 .bss.s_flexcommIrqHandler
                0x20000268       0x28 ./drivers/fsl_flexcomm.o
 .bss.s_flexcommHandle
                0x20000290       0x28 ./drivers/fsl_flexcomm.o
 .bss.s_pintCallback
                0x200002b8       0x20 ./drivers/fsl_pint.o
 .bss.__malloc_free_list
                0x200002d8        0x4 c:/nxp/mcuxpressoide_11.1.1_3241/ide/plugins/com.nxp.mcuxpresso.tools.win32_11.1.0.202001081728/tools/bin/../lib/gcc/arm-none-eabi/8.3.1/../../../../arm-none-eabi/lib/thumb/v7e-m+fp/hard\libc_nano.a(lib_a-nano-mallocr.o)
                0x200002d8                __malloc_free_list
 .bss.__malloc_sbrk_start
                0x200002dc        0x4 c:/nxp/mcuxpressoide_11.1.1_3241/ide/plugins/com.nxp.mcuxpresso.tools.win32_11.1.0.202001081728/tools/bin/../lib/gcc/arm-none-eabi/8.3.1/../../../../arm-none-eabi/lib/thumb/v7e-m+fp/hard\libc_nano.a(lib_a-nano-mallocr.o)
                0x200002dc                __malloc_sbrk_start
 .bss.__end_of_heap
                0x200002e0        0x4 c:/nxp/mcuxpressoide_11.1.1_3241/ide/plugins/com.nxp.mcuxpresso.tools.win32_11.1.0.202001081728/tools/bin/../lib/gcc/arm-none-eabi/8.3.1/../../../../arm-none-eabi/lib/thumb/v7e-m+fp/hard\libcr_newlib_semihost.a(_cr_sbrk.o)
                0x200002e0                __end_of_heap
 .bss.initialized.7042
                0x200002e4        0x4 c:/nxp/mcuxpressoide_11.1.1_3241/ide/plugins/com.nxp.mcuxpresso.tools.win32_11.1.0.202001081728/tools/bin/../lib/gcc/arm-none-eabi/8.3.1/../../../../arm-none-eabi/lib/thumb/v7e-m+fp/hard\libcr_newlib_semihost.a(syscalls.o)
 .bss.monitor_stderr
                0x200002e8        0x4 c:/nxp/mcuxpressoide_11.1.1_3241/ide/plugins/com.nxp.mcuxpresso.tools.win32_11.1.0.202001081728/tools/bin/../lib/gcc/arm-none-eabi/8.3.1/../../../../arm-none-eabi/lib/thumb/v7e-m+fp/hard\libcr_newlib_semihost.a(syscalls.o)
 .bss.monitor_stdin
                0x200002ec        0x4 c:/nxp/mcuxpressoide_11.1.1_3241/ide/plugins/com.nxp.mcuxpresso.tools.win32_11.1.0.202001081728/tools/bin/../lib/gcc/arm-none-eabi/8.3.1/../../../../arm-none-eabi/lib/thumb/v7e-m+fp/hard\libcr_newlib_semihost.a(syscalls.o)
 .bss.monitor_stdout
                0x200002f0        0x4 c:/nxp/mcuxpressoide_11.1.1_3241/ide/plugins/com.nxp.mcuxpresso.tools.win32_11.1.0.202001081728/tools/bin/../lib/gcc/arm-none-eabi/8.3.1/../../../../arm-none-eabi/lib/thumb/v7e-m+fp/hard\libcr_newlib_semihost.a(syscalls.o)
 .bss.openfiles
                0x200002f4       0x28 c:/nxp/mcuxpressoide_11.1.1_3241/ide/plugins/com.nxp.mcuxpresso.tools.win32_11.1.0.202001081728/tools/bin/../lib/gcc/arm-none-eabi/8.3.1/../../../../arm-none-eabi/lib/thumb/v7e-m+fp/hard\libcr_newlib_semihost.a(syscalls.o)
 .bss.ADC_SENSINT
                0x2000031c        0x2 ./source/Proyecto 2 parcial.o
                0x2000031c                ADC_SENSINT
 .bss.ADC_POT1INT
                0x2000031e        0x2 ./source/Proyecto 2 parcial.o
                0x2000031e                ADC_POT1INT
 .bss.ADC_POT2INT
                0x20000320        0x2 ./source/Proyecto 2 parcial.o
                0x20000320                ADC_POT2INT
 .bss.ADC_POT3INT
                0x20000322        0x2 ./source/Proyecto 2 parcial.o
                0x20000322                ADC_POT3INT
 .bss.leepuerto
                0x20000324        0x1 ./source/Proyecto 2 parcial.o
                0x20000324                leepuerto
 .bss.bandera1  0x20000325        0x1 ./source/Proyecto 2 parcial.o
                0x20000325                bandera1
 .bss.bandera   0x20000326        0x1 ./source/Proyecto 2 parcial.o
                0x20000326                bandera
 *(SORT_BY_ALIGNMENT(COMMON))
 *fill*         0x20000327        0x1 
 COMMON         0x20000328        0x4 c:/nxp/mcuxpressoide_11.1.1_3241/ide/plugins/com.nxp.mcuxpresso.tools.win32_11.1.0.202001081728/tools/bin/../lib/gcc/arm-none-eabi/8.3.1/../../../../arm-none-eabi/lib/thumb/v7e-m+fp/hard\libc_nano.a(lib_a-reent.o)
                0x20000328                errno
 COMMON         0x2000032c        0x9 c:/nxp/mcuxpressoide_11.1.1_3241/ide/plugins/com.nxp.mcuxpresso.tools.win32_11.1.0.202001081728/tools/bin/../lib/gcc/arm-none-eabi/8.3.1/../../../../arm-none-eabi/lib/thumb/v7e-m+fp/hard\libc_nano.a(lib_a-lock.o)
                0x2000032c                __lock___atexit_recursive_mutex
                0x2000032d                __lock___arc4random_mutex