Archive member included to satisfy reference by file (symbol)

D:\Users\salaz\Joe MCUXpresso\Proyecto final labview\Proyecto final labview\libs\libpower_hardabi.a(fsl_power_lib.o)
                              ./drivers/fsl_clock.o (POWER_SetVoltageForFreq)
d:/mcuxpressoide_11.1.0_3209/ide/plugins/com.nxp.mcuxpresso.tools.win32_11.1.0.201909161352/tools/bin/../lib/gcc/arm-none-eabi/8.3.1/thumb/v7e-m+fp/hard\libgcc.a(_arm_addsubdf3.o)
                              ./drivers/fsl_clock.o (__aeabi_dadd)
d:/mcuxpressoide_11.1.0_3209/ide/plugins/com.nxp.mcuxpresso.tools.win32_11.1.0.201909161352/tools/bin/../lib/gcc/arm-none-eabi/8.3.1/thumb/v7e-m+fp/hard\libgcc.a(_arm_muldivdf3.o)
                              ./source/Proyecto 2 parcial.o (__aeabi_dmul)
d:/mcuxpressoide_11.1.0_3209/ide/plugins/com.nxp.mcuxpresso.tools.win32_11.1.0.201909161352/tools/bin/../lib/gcc/arm-none-eabi/8.3.1/thumb/v7e-m+fp/hard\libgcc.a(_arm_fixunsdfsi.o)
                              ./drivers/fsl_clock.o (__aeabi_d2uiz)
d:/mcuxpressoide_11.1.0_3209/ide/plugins/com.nxp.mcuxpresso.tools.win32_11.1.0.201909161352/tools/bin/../lib/gcc/arm-none-eabi/8.3.1/thumb/v7e-m+fp/hard\libgcc.a(_arm_truncdfsf2.o)
                              ./source/Proyecto 2 parcial.o (__aeabi_d2f)
d:/mcuxpressoide_11.1.0_3209/ide/plugins/com.nxp.mcuxpresso.tools.win32_11.1.0.201909161352/tools/bin/../lib/gcc/arm-none-eabi/8.3.1/thumb/v7e-m+fp/hard\libgcc.a(_aeabi_uldivmod.o)
                              ./drivers/fsl_clock.o (__aeabi_uldivmod)
d:/mcuxpressoide_11.1.0_3209/ide/plugins/com.nxp.mcuxpresso.tools.win32_11.1.0.201909161352/tools/bin/../lib/gcc/arm-none-eabi/8.3.1/thumb/v7e-m+fp/hard\libgcc.a(_udivmoddi4.o)
                              d:/mcuxpressoide_11.1.0_3209/ide/plugins/com.nxp.mcuxpresso.tools.win32_11.1.0.201909161352/tools/bin/../lib/gcc/arm-none-eabi/8.3.1/thumb/v7e-m+fp/hard\libgcc.a(_aeabi_uldivmod.o) (__udivmoddi4)
d:/mcuxpressoide_11.1.0_3209/ide/plugins/com.nxp.mcuxpresso.tools.win32_11.1.0.201909161352/tools/bin/../lib/gcc/arm-none-eabi/8.3.1/thumb/v7e-m+fp/hard\libgcc.a(_dvmd_tls.o)
                              d:/mcuxpressoide_11.1.0_3209/ide/plugins/com.nxp.mcuxpresso.tools.win32_11.1.0.201909161352/tools/bin/../lib/gcc/arm-none-eabi/8.3.1/thumb/v7e-m+fp/hard\libgcc.a(_aeabi_uldivmod.o) (__aeabi_ldiv0)
d:/mcuxpressoide_11.1.0_3209/ide/plugins/com.nxp.mcuxpresso.tools.win32_11.1.0.201909161352/tools/bin/../lib/gcc/arm-none-eabi/8.3.1/../../../../arm-none-eabi/lib/thumb/v7e-m+fp/hard\libc_nano.a(lib_a-assert.o)
                              ./utilities/fsl_debug_console.o (__assert_func)
d:/mcuxpressoide_11.1.0_3209/ide/plugins/com.nxp.mcuxpresso.tools.win32_11.1.0.201909161352/tools/bin/../lib/gcc/arm-none-eabi/8.3.1/../../../../arm-none-eabi/lib/thumb/v7e-m+fp/hard\libc_nano.a(lib_a-fprintf.o)
                              d:/mcuxpressoide_11.1.0_3209/ide/plugins/com.nxp.mcuxpresso.tools.win32_11.1.0.201909161352/tools/bin/../lib/gcc/arm-none-eabi/8.3.1/../../../../arm-none-eabi/lib/thumb/v7e-m+fp/hard\libc_nano.a(lib_a-assert.o) (fiprintf)
d:/mcuxpressoide_11.1.0_3209/ide/plugins/com.nxp.mcuxpresso.tools.win32_11.1.0.201909161352/tools/bin/../lib/gcc/arm-none-eabi/8.3.1/../../../../arm-none-eabi/lib/thumb/v7e-m+fp/hard\libc_nano.a(lib_a-impure.o)
                              d:/mcuxpressoide_11.1.0_3209/ide/plugins/com.nxp.mcuxpresso.tools.win32_11.1.0.201909161352/tools/bin/../lib/gcc/arm-none-eabi/8.3.1/../../../../arm-none-eabi/lib/thumb/v7e-m+fp/hard\libc_nano.a(lib_a-assert.o) (_impure_ptr)
d:/mcuxpressoide_11.1.0_3209/ide/plugins/com.nxp.mcuxpresso.tools.win32_11.1.0.201909161352/tools/bin/../lib/gcc/arm-none-eabi/8.3.1/../../../../arm-none-eabi/lib/thumb/v7e-m+fp/hard\libc_nano.a(lib_a-malloc.o)
                              ./drivers/fsl_common.o (malloc)
d:/mcuxpressoide_11.1.0_3209/ide/plugins/com.nxp.mcuxpresso.tools.win32_11.1.0.201909161352/tools/bin/../lib/gcc/arm-none-eabi/8.3.1/../../../../arm-none-eabi/lib/thumb/v7e-m+fp/hard\libc_nano.a(lib_a-memcpy-stub.o)
                              D:\Users\salaz\Joe MCUXpresso\Proyecto final labview\Proyecto final labview\libs\libpower_hardabi.a(fsl_power_lib.o) (memcpy)
d:/mcuxpressoide_11.1.0_3209/ide/plugins/com.nxp.mcuxpresso.tools.win32_11.1.0.201909161352/tools/bin/../lib/gcc/arm-none-eabi/8.3.1/../../../../arm-none-eabi/lib/thumb/v7e-m+fp/hard\libc_nano.a(lib_a-memset.o)
                              ./drivers/fsl_adc.o (memset)
d:/mcuxpressoide_11.1.0_3209/ide/plugins/com.nxp.mcuxpresso.tools.win32_11.1.0.201909161352/tools/bin/../lib/gcc/arm-none-eabi/8.3.1/../../../../arm-none-eabi/lib/thumb/v7e-m+fp/hard\libc_nano.a(lib_a-nano-freer.o)
                              d:/mcuxpressoide_11.1.0_3209/ide/plugins/com.nxp.mcuxpresso.tools.win32_11.1.0.201909161352/tools/bin/../lib/gcc/arm-none-eabi/8.3.1/../../../../arm-none-eabi/lib/thumb/v7e-m+fp/hard\libc_nano.a(lib_a-malloc.o) (_free_r)
[...]
Memory Configuration

Name             Origin             Length             Attributes
PROGRAM_FLASH    0x00000000         0x00080000         xr
BOARD_FLASH      0x10000000         0x01000000         xr
SRAM_UPPER       0x20000000         0x00028000         xrw
SRAMX            0x04000000         0x00008000         xrw
USB_RAM          0x40100000         0x00002000         xrw
BOARD_SDRAM      0xa0000000         0x01000000         xrw
*default*        0x00000000         0xffffffff

Linker script and memory map

LOAD ./utilities/fsl_debug_console.o
LOAD ./utilities/fsl_str.o
LOAD ./startup/startup_lpc54608.o
LOAD ./source/Proyecto 2 parcial.o
LOAD ./source/semihost_hardfault.o
LOAD ./drivers/fsl_adc.o
LOAD ./drivers/fsl_clock.o
LOAD ./drivers/fsl_common.o
LOAD ./drivers/fsl_emc.o
LOAD ./drivers/fsl_flexcomm.o
LOAD ./drivers/fsl_gpio.o
LOAD ./drivers/fsl_i2c.o
LOAD ./drivers/fsl_inputmux.o
LOAD ./drivers/fsl_pint.o
LOAD ./drivers/fsl_power.o
LOAD ./drivers/fsl_reset.o
LOAD ./drivers/fsl_spi.o
LOAD ./drivers/fsl_usart.o
LOAD ./device/system_LPC54608.o
LOAD ./component/uart/usart_adapter.o
LOAD ./component/serial_manager/serial_manager.o
LOAD ./component/serial_manager/serial_port_uart.o
LOAD ./component/lists/generic_list.o
LOAD ./board/board.o
LOAD ./board/clock_config.o
LOAD ./board/peripherals.o
LOAD ./board/pin_mux.o
LOAD D:\Users\salaz\Joe MCUXpresso\Proyecto final labview\Proyecto final labview\libs\libpower_hardabi.a
START GROUP
LOAD d:/mcuxpressoide_11.1.0_3209/ide/plugins/com.nxp.mcuxpresso.tools.win32_11.1.0.201909161352/tools/bin/../lib/gcc/arm-none-eabi/8.3.1/thumb/v7e-m+fp/hard\libgcc.a
LOAD d:/mcuxpressoide_11.1.0_3209/ide/plugins/com.nxp.mcuxpresso.tools.win32_11.1.0.201909161352/tools/bin/../lib/gcc/arm-none-eabi/8.3.1/../../../../arm-none-eabi/lib/thumb/v7e-m+fp/hard\libc_nano.a
LOAD d:/mcuxpressoide_11.1.0_3209/ide/plugins/com.nxp.mcuxpresso.tools.win32_11.1.0.201909161352/tools/bin/../lib/gcc/arm-none-eabi/8.3.1/../../../../arm-none-eabi/lib/thumb/v7e-m+fp/hard\libm.a
LOAD d:/mcuxpressoide_11.1.0_3209/ide/plugins/com.nxp.mcuxpresso.tools.win32_11.1.0.201909161352/tools/bin/../lib/gcc/arm-none-eabi/8.3.1/../../../../arm-none-eabi/lib/thumb/v7e-m+fp/hard\libcr_newlib_semihost.a
END GROUP
                0x00000000                __base_PROGRAM_FLASH = 0x0
                0x00000000                __base_Flash = 0x0
                0x00080000                __top_PROGRAM_FLASH = 0x80000
                0x00080000                __top_Flash = 0x80000
                0x10000000                __base_BOARD_FLASH = 0x10000000
                0x10000000                __base_Flash2 = 0x10000000
                0x11000000                __top_BOARD_FLASH = 0x11000000
                0x11000000                __top_Flash2 = 0x11000000
                0x20000000                __base_SRAM_UPPER = 0x20000000
                0x20000000                __base_RAM = 0x20000000
                0x20028000                __top_SRAM_UPPER = 0x20028000
                0x20028000                __top_RAM = 0x20028000
                0x04000000                __base_SRAMX = 0x4000000
                0x04000000                __base_RAM2 = 0x4000000
                0x04008000                __top_SRAMX = 0x4008000
                0x04008000                __top_RAM2 = 0x4008000
                0x40100000                __base_USB_RAM = 0x40100000
                0x40100000                __base_RAM3 = 0x40100000
                0x40102000                __top_USB_RAM = 0x40102000
                0x40102000                __top_RAM3 = 0x40102000
                0xa0000000                __base_BOARD_SDRAM = 0xa0000000
                0xa0000000                __base_RAM4 = 0xa0000000
                0xa1000000                __top_BOARD_SDRAM = 0xa1000000
                0xa1000000                __top_RAM4 = 0xa1000000

.text_Flash2    0x10000000        0x0
 FILL mask 0xff
 *(SORT_BY_ALIGNMENT(.text_Flash2))
 *(SORT_BY_ALIGNMENT(.text_BOARD_FLASH))
 *(SORT_BY_ALIGNMENT(.text.$Flash2))
 *(SORT_BY_ALIGNMENT(.text.$BOARD_FLASH))
 *(SORT_BY_ALIGNMENT(.text_Flash2.*))
 *(SORT_BY_ALIGNMENT(.text_BOARD_FLASH.*))
 *(SORT_BY_ALIGNMENT(.text.$Flash2.*))
 *(SORT_BY_ALIGNMENT(.text.$BOARD_FLASH.*))
 *(SORT_BY_ALIGNMENT(.rodata.$Flash2))
 *(SORT_BY_ALIGNMENT(.rodata.$BOARD_FLASH))
 *(SORT_BY_ALIGNMENT(.rodata.$Flash2.*))
 *(SORT_BY_ALIGNMENT(.rodata.$BOARD_FLASH.*))

.text           0x00000000     0x77b0
 FILL mask 0xff
                0x00000000                __vectors_start__ = ABSOLUTE (.)
 *(SORT_BY_ALIGNMENT(.isr_vector))
 .isr_vector    0x00000000      0x124 ./startup/startup_lpc54608.o
                0x00000000                g_pfnVectors
                0x00000000                __Vectors
                0x00000124                . = ALIGN (0x4)
                0x00000124                __section_table_start = .
                0x00000124                __data_section_table = .
                0x00000124        0x4 LONG 0x77b8 LOADADDR (.data)
                0x00000128        0x4 LONG 0x20000000 ADDR (.data)
                0x0000012c        0x4 LONG 0x1d4 SIZEOF (.data)
                0x00000130        0x4 LONG 0x77b8 LOADADDR (.data_RAM2)
                0x00000134        0x4 LONG 0x4000000 ADDR (.data_RAM2)
                0x00000138        0x4 LONG 0x0 SIZEOF (.data_RAM2)
                0x0000013c        0x4 LONG 0x77b8 LOADADDR (.data_RAM3)
                0x00000140        0x4 LONG 0x40100000 ADDR (.data_RAM3)
                0x00000144        0x4 LONG 0x0 SIZEOF (.data_RAM3)
                0x00000148        0x4 LONG 0x77b8 LOADADDR (.data_RAM4)
                0x0000014c        0x4 LONG 0xa0000000 ADDR (.data_RAM4)
                0x00000150        0x4 LONG 0x0 SIZEOF (.data_RAM4)
                0x00000154                __data_section_table_end = .
                0x00000154                __bss_section_table = .
                0x00000154        0x4 LONG 0x200001d4 ADDR (.bss)
                0x00000158        0x4 LONG 0x158 SIZEOF (.bss)
                0x0000015c        0x4 LONG 0x4000000 ADDR (.bss_RAM2)
                0x00000160        0x4 LONG 0x0 SIZEOF (.bss_RAM2)
                0x00000164        0x4 LONG 0x40100000 ADDR (.bss_RAM3)
                0x00000168        0x4 LONG 0x0 SIZEOF (.bss_RAM3)
                0x0000016c        0x4 LONG 0xa0000000 ADDR (.bss_RAM4)
                0x00000170        0x4 LONG 0x0 SIZEOF (.bss_RAM4)
                0x00000174                __bss_section_table_end = .
                0x00000174                __section_table_end = .
 *(SORT_BY_ALIGNMENT(.after_vectors*))
 .after_vectors.reset
                0x00000174       0x58 ./startup/startup_lpc54608.o
                0x00000174                ResetISR
 .after_vectors.init_data
                0x000001cc       0x1e ./startup/startup_lpc54608.o
                0x000001cc                data_init
 .after_vectors.init_bss
                0x000001ea       0x12 ./startup/startup_lpc54608.o
                0x000001ea                bss_init
 .after_vectors
                0x000001fc       0x14 ./startup/startup_lpc54608.o
                0x000001fc                NMI_Handler
                0x00000200                MemManage_Handler
                0x00000202                BusFault_Handler
                0x00000204                UsageFault_Handler
                0x00000206                SVC_Handler
                0x00000208                DebugMon_Handler
                0x0000020a                PendSV_Handler
                0x0000020c                SysTick_Handler
                0x0000020e                ETHERNET_DriverIRQHandler
                0x0000020e                CTIMER2_DriverIRQHandler
                0x0000020e                SPIFI0_DriverIRQHandler
                0x0000020e                RIT_DriverIRQHandler
                0x0000020e                IntDefaultHandler
                0x0000020e                USB0_DriverIRQHandler
                0x0000020e                CAN0_IRQ0_DriverIRQHandler
                0x0000020e                UTICK0_DriverIRQHandler
                0x0000020e                DMIC0_DriverIRQHandler
                0x0000020e                CAN1_IRQ0_DriverIRQHandler
                0x0000020e                Reserved47_DriverIRQHandler
                0x0000020e                ADC0_THCMP_DriverIRQHandler
                0x0000020e                CTIMER4_DriverIRQHandler
                0x0000020e                GINT1_DriverIRQHandler
                0x0000020e                MRT0_DriverIRQHandler
                0x0000020e                USB0_NEEDCLK_DriverIRQHandler
                0x0000020e                ADC0_SEQB_DriverIRQHandler
                0x0000020e                CTIMER0_DriverIRQHandler
                0x0000020e                CTIMER1_DriverIRQHandler
                0x0000020e                ETHERNET_MACLP_DriverIRQHandler
                0x0000020e                CTIMER3_DriverIRQHandler
                0x0000020e                HWVAD0_DriverIRQHandler
                0x0000020e                RTC_DriverIRQHandler
                0x0000020e                LCD_DriverIRQHandler
                0x0000020e                EEPROM_DriverIRQHandler
                0x0000020e                DMA0_DriverIRQHandler
                0x0000020e                ETHERNET_PMT_DriverIRQHandler
                0x0000020e                USB1_DriverIRQHandler
                0x0000020e                CAN1_IRQ1_DriverIRQHandler
                0x0000020e                ADC0_SEQA_DriverIRQHandler
                0x0000020e                USB1_NEEDCLK_DriverIRQHandler
                0x0000020e                SMARTCARD0_DriverIRQHandler
                0x0000020e                SDIO_DriverIRQHandler
                0x0000020e                SHA_DriverIRQHandler
                0x0000020e                GINT0_DriverIRQHandler
                0x0000020e                SMARTCARD1_DriverIRQHandler
                0x0000020e                CAN0_IRQ1_DriverIRQHandler
                0x0000020e                Reserved46_DriverIRQHandler
                0x0000020e                WDT_BOD_DriverIRQHandler
                0x0000020e                SCT0_DriverIRQHandler
 *(SORT_BY_ALIGNMENT(.text*))
 .text          0x00000210       0xa0 d:/mcuxpressoide_11.1.0_3209/ide/plugins/com.nxp.mcuxpresso.tools.win32_11.1.0.201909161352/tools/bin/../lib/gcc/arm-none-eabi/8.3.1/../../../../arm-none-eabi/lib/thumb/v7e-m+fp/hard\libc_nano.a(lib_a-memchr.o)
                0x00000210                memchr
 .text.ADCtoVoltageConversion
                0x000002b0       0x58 ./source/Proyecto 2 parcial.o
                0x000002b0                ADCtoVoltageConversion
 .text._dtoa_r  0x00000308      0xb74 d:/mcuxpressoide_11.1.0_3209/ide/plugins/com.nxp.mcuxpresso.tools.win32_11.1.0.201909161352/tools/bin/../lib/gcc/arm-none-eabi/8.3.1/../../../../arm-none-eabi/lib/thumb/v7e-m+fp/hard\libc_nano.a(lib_a-dtoa.o)
                0x00000308                _dtoa_r
 .text.__NVIC_EnableIRQ
                0x00000e7c       0x3c ./source/Proyecto 2 parcial.o
 .text.CLOCK_EnableClock
                0x00000eb8       0x54 ./source/Proyecto 2 parcial.o
 .text.main     0x00000f0c      0x124 ./source/Proyecto 2 parcial.o
                0x00000f0c                main
 .text.FLEXCOMM0_IRQHandler
                0x00001030       0x3c ./source/Proyecto 2 parcial.o
                0x00001030                FLEXCOMM0_IRQHandler
 .text.LED_config
                0x0000106c       0x90 ./source/Proyecto 2 parcial.o
                0x0000106c                LED_config
 .text.ADC_Calib
                0x000010fc       0x44 ./source/Proyecto 2 parcial.o
                0x000010fc                ADC_Calib
 .text.ADC_Request
                0x00001140       0x38 ./source/Proyecto 2 parcial.o
                0x00001140                ADC_Request
 .text.Writeport
                0x00001178      0x778 ./source/Proyecto 2 parcial.o
                0x00001178                Writeport
 .text.CLOCK_EnableClock
                0x000018f0       0x54 ./drivers/fsl_adc.o
 .text.ADC_GetInstance
                0x00001944       0x54 ./drivers/fsl_adc.o
 .text.ADC_Init
                0x00001998       0x9c ./drivers/fsl_adc.o
                0x00001998                ADC_Init
 .text.ADC_DoOffsetCalibration
                0x00001a34      0x14c ./drivers/fsl_adc.o
                0x00001a34                ADC_DoOffsetCalibration
 .text.ADC_SetConvSeqAConfig
                0x00001b80       0x98 ./drivers/fsl_adc.o
                0x00001b80                ADC_SetConvSeqAConfig
 .text.ADC_GetChannelConversionResult
                0x00001c18       0xb0 ./drivers/fsl_adc.o
                0x00001c18                ADC_GetChannelConversionResult
 .text.CLOCK_GetAsyncApbClkSrc
                0x00001cc8       0x20 ./drivers/fsl_clock.o
 .text.CLOCK_AttachClk
                0x00001ce8       0x94 ./drivers/fsl_clock.o
                0x00001ce8                CLOCK_AttachClk
 .text.CLOCK_SetClkDiv
                0x00001d7c       0x5c ./drivers/fsl_clock.o
                0x00001d7c                CLOCK_SetClkDiv
 .text.CLOCK_SetupFROClocking
                0x00001dd8       0xc4 ./drivers/fsl_clock.o
                0x00001dd8                CLOCK_SetupFROClocking
 .text.CLOCK_GetClockOutClkFreq
                0x00001e9c       0x9c ./drivers/fsl_clock.o
                0x00001e9c                CLOCK_GetClockOutClkFreq
 .text.CLOCK_GetFro12MFreq
                0x00001f38       0x28 ./drivers/fsl_clock.o
                0x00001f38                CLOCK_GetFro12MFreq
 .text.CLOCK_GetExtClkFreq
                0x00001f60       0x14 ./drivers/fsl_clock.o
                0x00001f60                CLOCK_GetExtClkFreq
 .text.CLOCK_GetWdtOscFreq
                0x00001f74       0x68 ./drivers/fsl_clock.o
                0x00001f74                CLOCK_GetWdtOscFreq
 .text.CLOCK_GetFroHfFreq
                0x00001fdc       0x5c ./drivers/fsl_clock.o
                0x00001fdc                CLOCK_GetFroHfFreq
 .text.CLOCK_GetPllOutFreq
                0x00002038       0x18 ./drivers/fsl_clock.o
                0x00002038                CLOCK_GetPllOutFreq
 .text.CLOCK_GetAudioPllOutFreq
                0x00002050       0x18 ./drivers/fsl_clock.o
                0x00002050                CLOCK_GetAudioPllOutFreq
 .text.CLOCK_GetUsbPllOutFreq
                0x00002068       0x18 ./drivers/fsl_clock.o
                0x00002068                CLOCK_GetUsbPllOutFreq
 .text.CLOCK_GetAsyncApbClkFreq
                0x00002080       0x3c ./drivers/fsl_clock.o
                0x00002080                CLOCK_GetAsyncApbClkFreq
 .text.CLOCK_GetFlexCommClkFreq
                0x000020bc       0x84 ./drivers/fsl_clock.o
                0x000020bc                CLOCK_GetFlexCommClkFreq
 .text.CLOCK_GetFRGInputClock
                0x00002140       0x5c ./drivers/fsl_clock.o
                0x00002140                CLOCK_GetFRGInputClock
 .text.CLOCK_GetFreq
                0x0000219c       0xd4 ./drivers/fsl_clock.o
                0x0000219c                CLOCK_GetFreq
 .text.CLOCK_SetFLASHAccessCyclesForFreq
                0x00002270       0xb8 ./drivers/fsl_clock.o
                0x00002270                CLOCK_SetFLASHAccessCyclesForFreq
 .text.CLOCK_SetPLLFreq
                0x00002328      0x128 ./drivers/fsl_clock.o
                0x00002328                CLOCK_SetPLLFreq
 .text.SDK_DelayAtLeastUs
                0x00002450       0xa4 ./drivers/fsl_common.o
                0x00002450                SDK_DelayAtLeastUs
 .text.CLOCK_EnableClock
                0x000024f4       0x54 ./drivers/fsl_flexcomm.o
 .text.FLEXCOMM_GetInstance
                0x00002548       0x5c ./drivers/fsl_flexcomm.o
                0x00002548                FLEXCOMM_GetInstance
 .text.FLEXCOMM_Init
                0x000025a4       0x50 ./drivers/fsl_flexcomm.o
                0x000025a4                FLEXCOMM_Init
 .text.FLEXCOMM1_DriverIRQHandler
                0x000025f4       0x48 ./drivers/fsl_flexcomm.o
                0x000025f4                FLEXCOMM1_DriverIRQHandler
 .text.FLEXCOMM2_DriverIRQHandler
                0x0000263c       0x48 ./drivers/fsl_flexcomm.o
                0x0000263c                FLEXCOMM2_DriverIRQHandler
 .text.FLEXCOMM3_DriverIRQHandler
                0x00002684       0x48 ./drivers/fsl_flexcomm.o
                0x00002684                FLEXCOMM3_DriverIRQHandler
 .text.FLEXCOMM4_DriverIRQHandler
                0x000026cc       0x48 ./drivers/fsl_flexcomm.o
                0x000026cc                FLEXCOMM4_DriverIRQHandler
 .text.FLEXCOMM5_DriverIRQHandler
                0x00002714       0x48 ./drivers/fsl_flexcomm.o
                0x00002714                FLEXCOMM5_DriverIRQHandler
 .text.FLEXCOMM6_DriverIRQHandler
                0x0000275c       0x4c ./drivers/fsl_flexcomm.o
                0x0000275c                FLEXCOMM6_DriverIRQHandler
 .text.FLEXCOMM7_DriverIRQHandler
                0x000027a8       0x4c ./drivers/fsl_flexcomm.o
                0x000027a8                FLEXCOMM7_DriverIRQHandler
 .text.FLEXCOMM8_DriverIRQHandler
                0x000027f4       0x4c ./drivers/fsl_flexcomm.o
                0x000027f4                FLEXCOMM8_DriverIRQHandler
 .text.FLEXCOMM9_DriverIRQHandler
                0x00002840       0x4c ./drivers/fsl_flexcomm.o
                0x00002840                FLEXCOMM9_DriverIRQHandler
 .text.CLOCK_EnableClock
                0x0000288c       0x54 ./drivers/fsl_gpio.o
 .text.GPIO_PortInit
                0x000028e0       0x54 ./drivers/fsl_gpio.o
                0x000028e0                GPIO_PortInit
 .text.PIN_INT0_DriverIRQHandler
                0x00002934       0x4c ./drivers/fsl_pint.o
                0x00002934                PIN_INT0_DriverIRQHandler
 .text.PIN_INT1_DriverIRQHandler
                0x00002980       0x4c ./drivers/fsl_pint.o
                0x00002980                PIN_INT1_DriverIRQHandler
 .text.PIN_INT2_DriverIRQHandler
                0x000029cc       0x4c ./drivers/fsl_pint.o
                0x000029cc                PIN_INT2_DriverIRQHandler
 .text.PIN_INT3_DriverIRQHandler
                0x00002a18       0x4c ./drivers/fsl_pint.o
                0x00002a18                PIN_INT3_DriverIRQHandler
 .text.PIN_INT4_DriverIRQHandler
                0x00002a64       0x4c ./drivers/fsl_pint.o
                0x00002a64                PIN_INT4_DriverIRQHandler
 .text.PIN_INT5_DriverIRQHandler
                0x00002ab0       0x4c ./drivers/fsl_pint.o
                0x00002ab0                PIN_INT5_DriverIRQHandler
 .text.PIN_INT6_DriverIRQHandler
                0x00002afc       0x4c ./drivers/fsl_pint.o
                0x00002afc                PIN_INT6_DriverIRQHandler
 .text.PIN_INT7_DriverIRQHandler
                0x00002b48       0x4c ./drivers/fsl_pint.o
                0x00002b48                PIN_INT7_DriverIRQHandler
 .text.RESET_SetPeripheralReset
                0x00002b94       0x88 ./drivers/fsl_reset.o
                0x00002b94                RESET_SetPeripheralReset
 .text.RESET_ClearPeripheralReset
                0x00002c1c       0x8c ./drivers/fsl_reset.o
                0x00002c1c                RESET_ClearPeripheralReset
 .text.USART_Init
                0x00002ca8      0x18c ./drivers/fsl_usart.o
                0x00002ca8                USART_Init
 .text.USART_GetDefaultConfig
                0x00002e34       0x84 ./drivers/fsl_usart.o
                0x00002e34                USART_GetDefaultConfig
 .text.USART_SetBaudRate
                0x00002eb8      0x138 ./drivers/fsl_usart.o
                0x00002eb8                USART_SetBaudRate
 .text.USART_WriteBlocking
                0x00002ff0       0x98 ./drivers/fsl_usart.o
                0x00002ff0                USART_WriteBlocking
 .text.USART_ReadBlocking
                0x00003088      0x114 ./drivers/fsl_usart.o
                0x00003088                USART_ReadBlocking
 .text.SystemInit
                0x0000319c       0x40 ./device/system_LPC54608.o
                0x0000319c                SystemInit
 .text.BOARD_BootClockPLL180M
                0x000031dc       0xe4 ./board/clock_config.o
                0x000031dc                BOARD_BootClockPLL180M
 .text.CLOCK_EnableClock
                0x000032c0       0x54 ./board/pin_mux.o
 .text.BOARD_InitPins
                0x00003314       0x5c ./board/pin_mux.o
                0x00003314                BOARD_InitPins
 .text.BOARD_InitDEBUG_UARTPins
                0x00003370       0x44 ./board/pin_mux.o
                0x00003370                BOARD_InitDEBUG_UARTPins
 .text.POWER_SetVoltageForFreq
                0x000033b4       0x44 D:\Users\salaz\Joe MCUXpresso\Proyecto final labview\Proyecto final labview\libs\libpower_hardabi.a(fsl_power_lib.o)
                0x000033b4                POWER_SetVoltageForFreq
 .text.POWER_SetPLL
                0x000033f8       0x1c D:\Users\salaz\Joe MCUXpresso\Proyecto final labview\Proyecto final labview\libs\libpower_hardabi.a(fsl_power_lib.o)
                0x000033f8                POWER_SetPLL
 .text          0x00003414      0x378 d:/mcuxpressoide_11.1.0_3209/ide/plugins/com.nxp.mcuxpresso.tools.win32_11.1.0.201909161352/tools/bin/../lib/gcc/arm-none-eabi/8.3.1/thumb/v7e-m+fp/hard\libgcc.a(_arm_addsubdf3.o)
                0x00003414                __aeabi_drsub
                0x0000341c                __aeabi_dsub
                0x0000341c                __subdf3
                0x00003420                __aeabi_dadd
                0x00003420                __adddf3
                0x00003698                __floatunsidf
                0x00003698                __aeabi_ui2d
                0x000036b8                __floatsidf
                0x000036b8                __aeabi_i2d
                0x000036dc                __aeabi_f2d
                0x000036dc                __extendsfdf2
                0x00003720                __floatundidf
                0x00003720                __aeabi_ul2d
                0x00003730                __floatdidf
                0x00003730                __aeabi_l2d
 .text          0x0000378c      0x424 d:/mcuxpressoide_11.1.0_3209/ide/plugins/com.nxp.mcuxpresso.tools.win32_11.1.0.201909161352/tools/bin/../lib/gcc/arm-none-eabi/8.3.1/thumb/v7e-m+fp/hard\libgcc.a(_arm_muldivdf3.o)
                0x0000378c                __aeabi_dmul
                0x0000378c                __muldf3
                0x000039e0                __divdf3
                0x000039e0                __aeabi_ddiv
 .text          0x00003bb0       0xa0 d:/mcuxpressoide_11.1.0_3209/ide/plugins/com.nxp.mcuxpresso.tools.win32_11.1.0.201909161352/tools/bin/../lib/gcc/arm-none-eabi/8.3.1/thumb/v7e-m+fp/hard\libgcc.a(_arm_truncdfsf2.o)
                0x00003bb0                __truncdfsf2
                0x00003bb0                __aeabi_d2f
 .text          0x00003c50       0x30 d:/mcuxpressoide_11.1.0_3209/ide/plugins/com.nxp.mcuxpresso.tools.win32_11.1.0.201909161352/tools/bin/../lib/gcc/arm-none-eabi/8.3.1/thumb/v7e-m+fp/hard\libgcc.a(_aeabi_uldivmod.o)
                0x00003c50                __aeabi_uldivmod
 .text          0x00003c80      0x2d0 d:/mcuxpressoide_11.1.0_3209/ide/plugins/com.nxp.mcuxpresso.tools.win32_11.1.0.201909161352/tools/bin/../lib/gcc/arm-none-eabi/8.3.1/thumb/v7e-m+fp/hard\libgcc.a(_udivmoddi4.o)
                0x00003c80                __udivmoddi4
 .text          0x00003f50        0x4 d:/mcuxpressoide_11.1.0_3209/ide/plugins/com.nxp.mcuxpresso.tools.win32_11.1.0.201909161352/tools/bin/../lib/gcc/arm-none-eabi/8.3.1/thumb/v7e-m+fp/hard\libgcc.a(_dvmd_tls.o)
                0x00003f50                __aeabi_idiv0
                0x00003f50                __aeabi_ldiv0
 .text.__assert_func
                0x00003f54       0x3c d:/mcuxpressoide_11.1.0_3209/ide/plugins/com.nxp.mcuxpresso.tools.win32_11.1.0.201909161352/tools/bin/../lib/gcc/arm-none-eabi/8.3.1/../../../../arm-none-eabi/lib/thumb/v7e-m+fp/hard\libc_nano.a(lib_a-assert.o)
                0x00003f54                __assert_func
 .text.fprintf  0x00003f90       0x24 d:/mcuxpressoide_11.1.0_3209/ide/plugins/com.nxp.mcuxpresso.tools.win32_11.1.0.201909161352/tools/bin/../lib/gcc/arm-none-eabi/8.3.1/../../../../arm-none-eabi/lib/thumb/v7e-m+fp/hard\libc_nano.a(lib_a-fprintf.o)
                0x00003f90                fiprintf
                0x00003f90                fprintf
 .text.malloc   0x00003fb4       0x10 d:/mcuxpressoide_11.1.0_3209/ide/plugins/com.nxp.mcuxpresso.tools.win32_11.1.0.201909161352/tools/bin/../lib/gcc/arm-none-eabi/8.3.1/../../../../arm-none-eabi/lib/thumb/v7e-m+fp/hard\libc_nano.a(lib_a-malloc.o)
                0x00003fb4                malloc
 .text._free_r  0x00003fc4       0x9c d:/mcuxpressoide_11.1.0_3209/ide/plugins/com.nxp.mcuxpresso.tools.win32_11.1.0.201909161352/tools/bin/../lib/gcc/arm-none-eabi/8.3.1/../../../../arm-none-eabi/lib/thumb/v7e-m+fp/hard\libc_nano.a(lib_a-nano-freer.o)
                0x00003fc4                _free_r
 .text._malloc_r
                0x00004060       0xb4 d:/mcuxpressoide_11.1.0_3209/ide/plugins/com.nxp.mcuxpresso.tools.win32_11.1.0.201909161352/tools/bin/../lib/gcc/arm-none-eabi/8.3.1/../../../../arm-none-eabi/lib/thumb/v7e-m+fp/hard\libc_nano.a(lib_a-nano-mallocr.o)
                0x00004060                _malloc_r
 .text._vfprintf_r
                0x00004114      0x250 d:/mcuxpressoide_11.1.0_3209/ide/plugins/com.nxp.mcuxpresso.tools.win32_11.1.0.201909161352/tools/bin/../lib/gcc/arm-none-eabi/8.3.1/../../../../arm-none-eabi/lib/thumb/v7e-m+fp/hard\libc_nano.a(lib_a-nano-vfprintf.o)
                0x00004114                _vfprintf_r
                0x00004114                _vfiprintf_r
 .text._printf_float
                0x00004364      0x454 d:/mcuxpressoide_11.1.0_3209/ide/plugins/com.nxp.mcuxpresso.tools.win32_11.1.0.201909161352/tools/bin/../lib/gcc/arm-none-eabi/8.3.1/../../../../arm-none-eabi/lib/thumb/v7e-m+fp/hard\libc_nano.a(lib_a-nano-vfprintf_float.o)
                0x00004364                _printf_float
 .text._printf_i
                0x000047b8      0x228 d:/mcuxpressoide_11.1.0_3209/ide/plugins/com.nxp.mcuxpresso.tools.win32_11.1.0.201909161352/tools/bin/../lib/gcc/arm-none-eabi/8.3.1/../../../../arm-none-eabi/lib/thumb/v7e-m+fp/hard\libc_nano.a(lib_a-nano-vfprintf_i.o)
                0x000047b8                _printf_i
 .text.printf   0x000049e0       0x30 d:/mcuxpressoide_11.1.0_3209/ide/plugins/com.nxp.mcuxpresso.tools.win32_11.1.0.201909161352/tools/bin/../lib/gcc/arm-none-eabi/8.3.1/../../../../arm-none-eabi/lib/thumb/v7e-m+fp/hard\libc_nano.a(lib_a-printf.o)
                0x000049e0                iprintf
                0x000049e0                printf
 .text._sbrk_r  0x00004a10       0x20 d:/mcuxpressoide_11.1.0_3209/ide/plugins/com.nxp.mcuxpresso.tools.win32_11.1.0.201909161352/tools/bin/../lib/gcc/arm-none-eabi/8.3.1/../../../../arm-none-eabi/lib/thumb/v7e-m+fp/hard\libc_nano.a(lib_a-sbrkr.o)
                0x00004a10                _sbrk_r
 .text.sprintf  0x00004a30       0x40 d:/mcuxpressoide_11.1.0_3209/ide/plugins/com.nxp.mcuxpresso.tools.win32_11.1.0.201909161352/tools/bin/../lib/gcc/arm-none-eabi/8.3.1/../../../../arm-none-eabi/lib/thumb/v7e-m+fp/hard\libc_nano.a(lib_a-sprintf.o)
                0x00004a30                siprintf
                0x00004a30                sprintf
 .text.__swbuf_r
                0x00004a70       0xa4 d:/mcuxpressoide_11.1.0_3209/ide/plugins/com.nxp.mcuxpresso.tools.win32_11.1.0.201909161352/tools/bin/../lib/gcc/arm-none-eabi/8.3.1/../../../../arm-none-eabi/lib/thumb/v7e-m+fp/hard\libc_nano.a(lib_a-wbuf.o)
                0x00004a70                __swbuf_r
 .text.__swsetup_r
                0x00004b14       0xdc d:/mcuxpressoide_11.1.0_3209/ide/plugins/com.nxp.mcuxpresso.tools.win32_11.1.0.201909161352/tools/bin/../lib/gcc/arm-none-eabi/8.3.1/../../../../arm-none-eabi/lib/thumb/v7e-m+fp/hard\libc_nano.a(lib_a-wsetup.o)
                0x00004b14                __swsetup_r
 .text.__sflush_r
                0x00004bf0      0x10c d:/mcuxpressoide_11.1.0_3209/ide/plugins/com.nxp.mcuxpresso.tools.win32_11.1.0.201909161352/tools/bin/../lib/gcc/arm-none-eabi/8.3.1/../../../../arm-none-eabi/lib/thumb/v7e-m+fp/hard\libc_nano.a(lib_a-fflush.o)
                0x00004bf0                __sflush_r
 .text._fflush_r
                0x00004cfc       0x78 d:/mcuxpressoide_11.1.0_3209/ide/plugins/com.nxp.mcuxpresso.tools.win32_11.1.0.201909161352/tools/bin/../lib/gcc/arm-none-eabi/8.3.1/../../../../arm-none-eabi/lib/thumb/v7e-m+fp/hard\libc_nano.a(lib_a-fflush.o)
                0x00004cfc                _fflush_r
 .text.std      0x00004d74       0x48 d:/mcuxpressoide_11.1.0_3209/ide/plugins/com.nxp.mcuxpresso.tools.win32_11.1.0.201909161352/tools/bin/../lib/gcc/arm-none-eabi/8.3.1/../../../../arm-none-eabi/lib/thumb/v7e-m+fp/hard\libc_nano.a(lib_a-findfp.o)
 .text._cleanup_r
                0x00004dbc        0xc d:/mcuxpressoide_11.1.0_3209/ide/plugins/com.nxp.mcuxpresso.tools.win32_11.1.0.201909161352/tools/bin/../lib/gcc/arm-none-eabi/8.3.1/../../../../arm-none-eabi/lib/thumb/v7e-m+fp/hard\libc_nano.a(lib_a-findfp.o)
                0x00004dbc                _cleanup_r
 .text.__sfp_lock_acquire
                0x00004dc8        0xc d:/mcuxpressoide_11.1.0_3209/ide/plugins/com.nxp.mcuxpresso.tools.win32_11.1.0.201909161352/tools/bin/../lib/gcc/arm-none-eabi/8.3.1/../../../../arm-none-eabi/lib/thumb/v7e-m+fp/hard\libc_nano.a(lib_a-findfp.o)
                0x00004dc8                __sfp_lock_acquire
 .text.__sfp_lock_release
                0x00004dd4        0xc d:/mcuxpressoide_11.1.0_3209/ide/plugins/com.nxp.mcuxpresso.tools.win32_11.1.0.201909161352/tools/bin/../lib/gcc/arm-none-eabi/8.3.1/../../../../arm-none-eabi/lib/thumb/v7e-m+fp/hard\libc_nano.a(lib_a-findfp.o)
                0x00004dd4                __sfp_lock_release
 .text.__sinit_lock_acquire
                0x00004de0        0xc d:/mcuxpressoide_11.1.0_3209/ide/plugins/com.nxp.mcuxpresso.tools.win32_11.1.0.201909161352/tools/bin/../lib/gcc/arm-none-eabi/8.3.1/../../../../arm-none-eabi/lib/thumb/v7e-m+fp/hard\libc_nano.a(lib_a-findfp.o)
                0x00004de0                __sinit_lock_acquire
 .text.__sinit_lock_release
                0x00004dec        0xc d:/mcuxpressoide_11.1.0_3209/ide/plugins/com.nxp.mcuxpresso.tools.win32_11.1.0.201909161352/tools/bin/../lib/gcc/arm-none-eabi/8.3.1/../../../../arm-none-eabi/lib/thumb/v7e-m+fp/hard\libc_nano.a(lib_a-findfp.o)
                0x00004dec                __sinit_lock_release
 .text.__sinit  0x00004df8       0x70 d:/mcuxpressoide_11.1.0_3209/ide/plugins/com.nxp.mcuxpresso.tools.win32_11.1.0.201909161352/tools/bin/../lib/gcc/arm-none-eabi/8.3.1/../../../../arm-none-eabi/lib/thumb/v7e-m+fp/hard\libc_nano.a(lib_a-findfp.o)
                0x00004df8                __sinit
 .text.__sfp    0x00004e68       0x8c d:/mcuxpressoide_11.1.0_3209/ide/plugins/com.nxp.mcuxpresso.tools.win32_11.1.0.201909161352/tools/bin/../lib/gcc/arm-none-eabi/8.3.1/../../../../arm-none-eabi/lib/thumb/v7e-m+fp/hard\libc_nano.a(lib_a-findfp.o)
                0x00004e68                __sfp
 .text._localeconv_r
                0x00004ef4        0x8 d:/mcuxpressoide_11.1.0_3209/ide/plugins/com.nxp.mcuxpresso.tools.win32_11.1.0.201909161352/tools/bin/../lib/gcc/arm-none-eabi/8.3.1/../../../../arm-none-eabi/lib/thumb/v7e-m+fp/hard\libc_nano.a(lib_a-localeconv.o)
                0x00004ef4                _localeconv_r
 .text.__smakebuf_r
                0x00004efc       0x80 d:/mcuxpressoide_11.1.0_3209/ide/plugins/com.nxp.mcuxpresso.tools.win32_11.1.0.201909161352/tools/bin/../lib/gcc/arm-none-eabi/8.3.1/../../../../arm-none-eabi/lib/thumb/v7e-m+fp/hard\libc_nano.a(lib_a-makebuf.o)
                0x00004efc                __smakebuf_r
 .text.__malloc_lock
                0x00004f7c        0xc d:/mcuxpressoide_11.1.0_3209/ide/plugins/com.nxp.mcuxpresso.tools.win32_11.1.0.201909161352/tools/bin/../lib/gcc/arm-none-eabi/8.3.1/../../../../arm-none-eabi/lib/thumb/v7e-m+fp/hard\libc_nano.a(lib_a-mlock.o)
                0x00004f7c                __malloc_lock
 .text.__malloc_unlock
                0x00004f88        0xc d:/mcuxpressoide_11.1.0_3209/ide/plugins/com.nxp.mcuxpresso.tools.win32_11.1.0.201909161352/tools/bin/../lib/gcc/arm-none-eabi/8.3.1/../../../../arm-none-eabi/lib/thumb/v7e-m+fp/hard\libc_nano.a(lib_a-mlock.o)
                0x00004f88                __malloc_unlock
 .text.__pow5mult
                0x00004f94       0x9c d:/mcuxpressoide_11.1.0_3209/ide/plugins/com.nxp.mcuxpresso.tools.win32_11.1.0.201909161352/tools/bin/../lib/gcc/arm-none-eabi/8.3.1/../../../../arm-none-eabi/lib/thumb/v7e-m+fp/hard\libc_nano.a(lib_a-mprec.o)
                0x00004f94                __pow5mult
 .text._svfprintf_r
                0x00005030      0x1f0 d:/mcuxpressoide_11.1.0_3209/ide/plugins/com.nxp.mcuxpresso.tools.win32_11.1.0.201909161352/tools/bin/../lib/gcc/arm-none-eabi/8.3.1/../../../../arm-none-eabi/lib/thumb/v7e-m+fp/hard\libc_nano.a(lib_a-nano-svfprintf.o)
                0x00005030                _svfiprintf_r
                0x00005030                _svfprintf_r
 .text.raise    0x00005220       0x10 d:/mcuxpressoide_11.1.0_3209/ide/plugins/com.nxp.mcuxpresso.tools.win32_11.1.0.201909161352/tools/bin/../lib/gcc/arm-none-eabi/8.3.1/../../../../arm-none-eabi/lib/thumb/v7e-m+fp/hard\libc_nano.a(lib_a-signal.o)
                0x00005220                raise
 .text._kill_r  0x00005230       0x24 d:/mcuxpressoide_11.1.0_3209/ide/plugins/com.nxp.mcuxpresso.tools.win32_11.1.0.201909161352/tools/bin/../lib/gcc/arm-none-eabi/8.3.1/../../../../arm-none-eabi/lib/thumb/v7e-m+fp/hard\libc_nano.a(lib_a-signalr.o)
                0x00005230                _kill_r
 .text._write_r
                0x00005254       0x24 d:/mcuxpressoide_11.1.0_3209/ide/plugins/com.nxp.mcuxpresso.tools.win32_11.1.0.201909161352/tools/bin/../lib/gcc/arm-none-eabi/8.3.1/../../../../arm-none-eabi/lib/thumb/v7e-m+fp/hard\libc_nano.a(lib_a-writer.o)
                0x00005254                _write_r
 .text._close_r
                0x00005278       0x20 d:/mcuxpressoide_11.1.0_3209/ide/plugins/com.nxp.mcuxpresso.tools.win32_11.1.0.201909161352/tools/bin/../lib/gcc/arm-none-eabi/8.3.1/../../../../arm-none-eabi/lib/thumb/v7e-m+fp/hard\libc_nano.a(lib_a-closer.o)
                0x00005278                _close_r
 .text._fstat_r
                0x00005298       0x24 d:/mcuxpressoide_11.1.0_3209/ide/plugins/com.nxp.mcuxpresso.tools.win32_11.1.0.201909161352/tools/bin/../lib/gcc/arm-none-eabi/8.3.1/../../../../arm-none-eabi/lib/thumb/v7e-m+fp/hard\libc_nano.a(lib_a-fstatr.o)
                0x00005298                _fstat_r
 .text._isatty_r
                0x000052bc       0x20 d:/mcuxpressoide_11.1.0_3209/ide/plugins/com.nxp.mcuxpresso.tools.win32_11.1.0.201909161352/tools/bin/../lib/gcc/arm-none-eabi/8.3.1/../../../../arm-none-eabi/lib/thumb/v7e-m+fp/hard\libc_nano.a(lib_a-isattyr.o)
                0x000052bc                _isatty_r
 .text._lseek_r
                0x000052dc       0x24 d:/mcuxpressoide_11.1.0_3209/ide/plugins/com.nxp.mcuxpresso.tools.win32_11.1.0.201909161352/tools/bin/../lib/gcc/arm-none-eabi/8.3.1/../../../../arm-none-eabi/lib/thumb/v7e-m+fp/hard\libc_nano.a(lib_a-lseekr.o)
                0x000052dc                _lseek_r
 .text._read_r  0x00005300       0x24 d:/mcuxpressoide_11.1.0_3209/ide/plugins/com.nxp.mcuxpresso.tools.win32_11.1.0.201909161352/tools/bin/../lib/gcc/arm-none-eabi/8.3.1/../../../../arm-none-eabi/lib/thumb/v7e-m+fp/hard\libc_nano.a(lib_a-readr.o)
                0x00005300                _read_r
 .text._sbrk    0x00005324       0x3c d:/mcuxpressoide_11.1.0_3209/ide/plugins/com.nxp.mcuxpresso.tools.win32_11.1.0.201909161352/tools/bin/../lib/gcc/arm-none-eabi/8.3.1/../../../../arm-none-eabi/lib/thumb/v7e-m+fp/hard\libcr_newlib_semihost.a(_cr_sbrk.o)
                0x00005324                _sbrk
 .text._kill    0x00005360       0x20 d:/mcuxpressoide_11.1.0_3209/ide/plugins/com.nxp.mcuxpresso.tools.win32_11.1.0.201909161352/tools/bin/../lib/gcc/arm-none-eabi/8.3.1/../../../../arm-none-eabi/lib/thumb/v7e-m+fp/hard\libcr_newlib_semihost.a(_kill.o)
                0x00005360                _kill
 .text.initialise_monitor_handles
                0x00005380       0xac d:/mcuxpressoide_11.1.0_3209/ide/plugins/com.nxp.mcuxpresso.tools.win32_11.1.0.201909161352/tools/bin/../lib/gcc/arm-none-eabi/8.3.1/../../../../arm-none-eabi/lib/thumb/v7e-m+fp/hard\libcr_newlib_semihost.a(syscalls.o)
 .text.findslot
                0x0000542c       0x24 d:/mcuxpressoide_11.1.0_3209/ide/plugins/com.nxp.mcuxpresso.tools.win32_11.1.0.201909161352/tools/bin/../lib/gcc/arm-none-eabi/8.3.1/../../../../arm-none-eabi/lib/thumb/v7e-m+fp/hard\libcr_newlib_semihost.a(syscalls.o)
 .text._close   0x00005450       0x4c d:/mcuxpressoide_11.1.0_3209/ide/plugins/com.nxp.mcuxpresso.tools.win32_11.1.0.201909161352/tools/bin/../lib/gcc/arm-none-eabi/8.3.1/../../../../arm-none-eabi/lib/thumb/v7e-m+fp/hard\libcr_newlib_semihost.a(syscalls.o)
                0x00005450                _close
 .text.__check_heap_overflow
                0x0000549c       0x18 d:/mcuxpressoide_11.1.0_3209/ide/plugins/com.nxp.mcuxpresso.tools.win32_11.1.0.201909161352/tools/bin/../lib/gcc/arm-none-eabi/8.3.1/../../../../arm-none-eabi/lib/thumb/v7e-m+fp/hard\libcr_newlib_semihost.a(_cr_check_heap.o)
                0x0000549c                __check_heap_overflow
 .text          0x000054b4      0x110 d:/mcuxpressoide_11.1.0_3209/ide/plugins/com.nxp.mcuxpresso.tools.win32_11.1.0.201909161352/tools/bin/../lib/gcc/arm-none-eabi/8.3.1/thumb/v7e-m+fp/hard\libgcc.a(_arm_cmpdf2.o)
                0x000054b4                __gtdf2
                0x000054b4                __gedf2
                0x000054bc                __ltdf2
                0x000054bc                __ledf2
                0x000054c4                __nedf2
                0x000054c4                __eqdf2
                0x000054c4                __cmpdf2
                0x00005540                __aeabi_cdrcmple
                0x00005550                __aeabi_cdcmpeq
                0x00005550                __aeabi_cdcmple
                0x00005560                __aeabi_dcmpeq
                0x00005574                __aeabi_dcmplt
                0x00005588                __aeabi_dcmple
                0x0000559c                __aeabi_dcmpge
                0x000055b0                __aeabi_dcmpgt
 .text          0x000055c4       0x2c d:/mcuxpressoide_11.1.0_3209/ide/plugins/com.nxp.mcuxpresso.tools.win32_11.1.0.201909161352/tools/bin/../lib/gcc/arm-none-eabi/8.3.1/thumb/v7e-m+fp/hard\libgcc.a(_arm_unorddf2.o)
                0x000055c4                __unorddf2
                0x000055c4                __aeabi_dcmpun
 .text          0x000055f0       0x50 d:/mcuxpressoide_11.1.0_3209/ide/plugins/com.nxp.mcuxpresso.tools.win32_11.1.0.201909161352/tools/bin/../lib/gcc/arm-none-eabi/8.3.1/thumb/v7e-m+fp/hard\libgcc.a(_arm_fixdfsi.o)
                0x000055f0                __aeabi_d2iz
                0x000055f0                __fixdfsi
 .text.__errno  0x00005640        0xc d:/mcuxpressoide_11.1.0_3209/ide/plugins/com.nxp.mcuxpresso.tools.win32_11.1.0.201909161352/tools/bin/../lib/gcc/arm-none-eabi/8.3.1/../../../../arm-none-eabi/lib/thumb/v7e-m+fp/hard\libc_nano.a(lib_a-errno.o)
                0x00005640                __errno
 .text.WDT_BOD_IRQHandler
                0x0000564c        0x8 ./startup/startup_lpc54608.o
                0x0000564c                WDT_BOD_IRQHandler
 .text.DMA0_IRQHandler
                0x00005654        0x8 ./startup/startup_lpc54608.o
                0x00005654                DMA0_IRQHandler
 .text.GINT0_IRQHandler
                0x0000565c        0x8 ./startup/startup_lpc54608.o
                0x0000565c                GINT0_IRQHandler
 .text.GINT1_IRQHandler
                0x00005664        0x8 ./startup/startup_lpc54608.o
                0x00005664                GINT1_IRQHandler
 .text.PIN_INT0_IRQHandler
                0x0000566c        0x8 ./startup/startup_lpc54608.o
                0x0000566c                PIN_INT0_IRQHandler
 .text.PIN_INT1_IRQHandler
                0x00005674        0x8 ./startup/startup_lpc54608.o
                0x00005674                PIN_INT1_IRQHandler
 .text.PIN_INT2_IRQHandler
                0x0000567c        0x8 ./startup/startup_lpc54608.o
                0x0000567c                PIN_INT2_IRQHandler
 .text.PIN_INT3_IRQHandler
                0x00005684        0x8 ./startup/startup_lpc54608.o
                0x00005684                PIN_INT3_IRQHandler
 .text.UTICK0_IRQHandler
                0x0000568c        0x8 ./startup/startup_lpc54608.o
                0x0000568c                UTICK0_IRQHandler
 .text.MRT0_IRQHandler
                0x00005694        0x8 ./startup/startup_lpc54608.o
                0x00005694                MRT0_IRQHandler
 .text.CTIMER0_IRQHandler
                0x0000569c        0x8 ./startup/startup_lpc54608.o
                0x0000569c                CTIMER0_IRQHandler
 .text.CTIMER1_IRQHandler
                0x000056a4        0x8 ./startup/startup_lpc54608.o
                0x000056a4                CTIMER1_IRQHandler
 .text.SCT0_IRQHandler
                0x000056ac        0x8 ./startup/startup_lpc54608.o
                0x000056ac                SCT0_IRQHandler
 .text.CTIMER3_IRQHandler
                0x000056b4        0x8 ./startup/startup_lpc54608.o
                0x000056b4                CTIMER3_IRQHandler
 .text.FLEXCOMM1_IRQHandler
                0x000056bc        0x8 ./startup/startup_lpc54608.o
                0x000056bc                FLEXCOMM1_IRQHandler
 .text.FLEXCOMM2_IRQHandler
                0x000056c4        0x8 ./startup/startup_lpc54608.o
                0x000056c4                FLEXCOMM2_IRQHandler
 .text.FLEXCOMM3_IRQHandler
                0x000056cc        0x8 ./startup/startup_lpc54608.o
                0x000056cc                FLEXCOMM3_IRQHandler
 .text.FLEXCOMM4_IRQHandler
                0x000056d4        0x8 ./startup/startup_lpc54608.o
                0x000056d4                FLEXCOMM4_IRQHandler
 .text.FLEXCOMM5_IRQHandler
                0x000056dc        0x8 ./startup/startup_lpc54608.o
                0x000056dc                FLEXCOMM5_IRQHandler
 .text.FLEXCOMM6_IRQHandler
                0x000056e4        0x8 ./startup/startup_lpc54608.o
                0x000056e4                FLEXCOMM6_IRQHandler
 .text.FLEXCOMM7_IRQHandler
                0x000056ec        0x8 ./startup/startup_lpc54608.o
                0x000056ec                FLEXCOMM7_IRQHandler
 .text.ADC0_SEQA_IRQHandler
                0x000056f4        0x8 ./startup/startup_lpc54608.o
                0x000056f4                ADC0_SEQA_IRQHandler
 .text.ADC0_SEQB_IRQHandler
                0x000056fc        0x8 ./startup/startup_lpc54608.o
                0x000056fc                ADC0_SEQB_IRQHandler
 .text.ADC0_THCMP_IRQHandler
                0x00005704        0x8 ./startup/startup_lpc54608.o
                0x00005704                ADC0_THCMP_IRQHandler
 .text.DMIC0_IRQHandler
                0x0000570c        0x8 ./startup/startup_lpc54608.o
                0x0000570c                DMIC0_IRQHandler
 .text.HWVAD0_IRQHandler
                0x00005714        0x8 ./startup/startup_lpc54608.o
                0x00005714                HWVAD0_IRQHandler
 .text.USB0_NEEDCLK_IRQHandler
                0x0000571c        0x8 ./startup/startup_lpc54608.o
                0x0000571c                USB0_NEEDCLK_IRQHandler
 .text.USB0_IRQHandler
                0x00005724        0x8 ./startup/startup_lpc54608.o
                0x00005724                USB0_IRQHandler
 .text.RTC_IRQHandler
                0x0000572c        0x8 ./startup/startup_lpc54608.o
                0x0000572c                RTC_IRQHandler
 .text.Reserved46_IRQHandler
                0x00005734        0x8 ./startup/startup_lpc54608.o
                0x00005734                Reserved46_IRQHandler
 .text.Reserved47_IRQHandler
                0x0000573c        0x8 ./startup/startup_lpc54608.o
                0x0000573c                Reserved47_IRQHandler
 .text.PIN_INT4_IRQHandler
                0x00005744        0x8 ./startup/startup_lpc54608.o
                0x00005744                PIN_INT4_IRQHandler
 .text.PIN_INT5_IRQHandler
                0x0000574c        0x8 ./startup/startup_lpc54608.o
                0x0000574c                PIN_INT5_IRQHandler
 .text.PIN_INT6_IRQHandler
                0x00005754        0x8 ./startup/startup_lpc54608.o
                0x00005754                PIN_INT6_IRQHandler
 .text.PIN_INT7_IRQHandler
                0x0000575c        0x8 ./startup/startup_lpc54608.o
                0x0000575c                PIN_INT7_IRQHandler
 .text.CTIMER2_IRQHandler
                0x00005764        0x8 ./startup/startup_lpc54608.o
                0x00005764                CTIMER2_IRQHandler
 .text.CTIMER4_IRQHandler
                0x0000576c        0x8 ./startup/startup_lpc54608.o
                0x0000576c                CTIMER4_IRQHandler
 .text.RIT_IRQHandler
                0x00005774        0x8 ./startup/startup_lpc54608.o
                0x00005774                RIT_IRQHandler
 .text.SPIFI0_IRQHandler
                0x0000577c        0x8 ./startup/startup_lpc54608.o
                0x0000577c                SPIFI0_IRQHandler
 .text.FLEXCOMM8_IRQHandler
                0x00005784        0x8 ./startup/startup_lpc54608.o
                0x00005784                FLEXCOMM8_IRQHandler
 .text.FLEXCOMM9_IRQHandler
                0x0000578c        0x8 ./startup/startup_lpc54608.o
                0x0000578c                FLEXCOMM9_IRQHandler
 .text.SDIO_IRQHandler
                0x00005794        0x8 ./startup/startup_lpc54608.o
                0x00005794                SDIO_IRQHandler
 .text.CAN0_IRQ0_IRQHandler
                0x0000579c        0x8 ./startup/startup_lpc54608.o
                0x0000579c                CAN0_IRQ0_IRQHandler
 .text.CAN0_IRQ1_IRQHandler
                0x000057a4        0x8 ./startup/startup_lpc54608.o
                0x000057a4                CAN0_IRQ1_IRQHandler
 .text.CAN1_IRQ0_IRQHandler
                0x000057ac        0x8 ./startup/startup_lpc54608.o
                0x000057ac                CAN1_IRQ0_IRQHandler
 .text.CAN1_IRQ1_IRQHandler
                0x000057b4        0x8 ./startup/startup_lpc54608.o
                0x000057b4                CAN1_IRQ1_IRQHandler
 .text.USB1_IRQHandler
                0x000057bc        0x8 ./startup/startup_lpc54608.o
                0x000057bc                USB1_IRQHandler
 .text.USB1_NEEDCLK_IRQHandler
                0x000057c4        0x8 ./startup/startup_lpc54608.o
                0x000057c4                USB1_NEEDCLK_IRQHandler
 .text.ETHERNET_IRQHandler
                0x000057cc        0x8 ./startup/startup_lpc54608.o
                0x000057cc                ETHERNET_IRQHandler
 .text.ETHERNET_PMT_IRQHandler
                0x000057d4        0x8 ./startup/startup_lpc54608.o
                0x000057d4                ETHERNET_PMT_IRQHandler
 .text.ETHERNET_MACLP_IRQHandler
                0x000057dc        0x8 ./startup/startup_lpc54608.o
                0x000057dc                ETHERNET_MACLP_IRQHandler
 .text.EEPROM_IRQHandler
                0x000057e4        0x8 ./startup/startup_lpc54608.o
                0x000057e4                EEPROM_IRQHandler
 .text.LCD_IRQHandler
                0x000057ec        0x8 ./startup/startup_lpc54608.o
                0x000057ec                LCD_IRQHandler
 .text.SHA_IRQHandler
                0x000057f4        0x8 ./startup/startup_lpc54608.o
                0x000057f4                SHA_IRQHandler
 .text.SMARTCARD0_IRQHandler
                0x000057fc        0x8 ./startup/startup_lpc54608.o
                0x000057fc                SMARTCARD0_IRQHandler
 .text.SMARTCARD1_IRQHandler
                0x00005804        0x8 ./startup/startup_lpc54608.o
                0x00005804                SMARTCARD1_IRQHandler
 .text.EnableIRQ
                0x0000580c       0x2c ./source/Proyecto 2 parcial.o
 .text.GPIO_PinWrite
                0x00005838       0x2a ./source/Proyecto 2 parcial.o
 .text.GPIO_PortRead
                0x00005862       0x22 ./source/Proyecto 2 parcial.o
 .text.GPIO_PortMaskedSet
                0x00005884       0x26 ./source/Proyecto 2 parcial.o
 .text.GPIO_PortMaskedWrite
                0x000058aa       0x26 ./source/Proyecto 2 parcial.o
 .text.USART_GetStatusFlags
                0x000058d0       0x1a ./source/Proyecto 2 parcial.o
 .text.USART_EnableInterrupts
                0x000058ea       0x22 ./source/Proyecto 2 parcial.o
 .text.ADC_EnableTemperatureSensor
                0x0000590c       0x38 ./source/Proyecto 2 parcial.o
 .text.ADC_EnableConvSeqA
                0x00005944       0x38 ./source/Proyecto 2 parcial.o
 .text.ADC_DoSoftwareTriggerConvSeqA
                0x0000597c       0x20 ./source/Proyecto 2 parcial.o
 .text.POWER_DisablePD
                0x0000599c       0x2e ./source/Proyecto 2 parcial.o
 .text.ADC_PWR_Config
                0x000059ca       0x2c ./source/Proyecto 2 parcial.o
                0x000059ca                ADC_PWR_Config
 .text.HardFault_Handler
                0x000059f6       0x2c ./source/semihost_hardfault.o
                0x000059f6                HardFault_Handler
 .text.CLOCK_SetFLASHAccessCycles
                0x00005a22       0x34 ./drivers/fsl_clock.o
 .text.CLOCK_IsSystemPLLLocked
                0x00005a56       0x24 ./drivers/fsl_clock.o
 .text.CLOCK_Enable_SysOsc
                0x00005a7a       0x5c ./drivers/fsl_clock.o
 .text.POWER_EnablePD
                0x00005ad6       0x2e ./drivers/fsl_clock.o
 .text.POWER_DisablePD
                0x00005b04       0x2e ./drivers/fsl_clock.o
 .text.CLOCK_GetMclkClkFreq
                0x00005b32       0x68 ./drivers/fsl_clock.o
                0x00005b32                CLOCK_GetMclkClkFreq
 .text.CLOCK_GetOsc32KFreq
                0x00005b9a       0x12 ./drivers/fsl_clock.o
                0x00005b9a                CLOCK_GetOsc32KFreq
 .text.CLOCK_GetCoreSysClkFreq
                0x00005bac       0x90 ./drivers/fsl_clock.o
                0x00005bac                CLOCK_GetCoreSysClkFreq
 .text.CLOCK_GetI2SMClkFreq
                0x00005c3c       0x10 ./drivers/fsl_clock.o
                0x00005c3c                CLOCK_GetI2SMClkFreq
 .text.CLOCK_GetFrgClkFreq
                0x00005c4c       0x64 ./drivers/fsl_clock.o
                0x00005c4c                CLOCK_GetFrgClkFreq
 .text.DelayLoop
                0x00005cb0       0x20 ./drivers/fsl_common.o
 .text.FLEXCOMM_PeripheralIsPresent
                0x00005cd0       0x64 ./drivers/fsl_flexcomm.o
 .text.FLEXCOMM_SetPeriph
                0x00005d34       0x74 ./drivers/fsl_flexcomm.o
 .text.GPIO_PinInit
                0x00005da8       0xa0 ./drivers/fsl_gpio.o
                0x00005da8                GPIO_PinInit
 .text.PINT_PatternMatchResetDetectLogic
                0x00005e48       0x34 ./drivers/fsl_pint.o
                0x00005e48                PINT_PatternMatchResetDetectLogic
 .text.PINT_PinInterruptClrStatus
                0x00005e7c       0x4e ./drivers/fsl_pint.o
                0x00005e7c                PINT_PinInterruptClrStatus
 .text.RESET_PeripheralReset
                0x00005eca       0x1c ./drivers/fsl_reset.o
                0x00005eca                RESET_PeripheralReset
 .text.USART_EnableContinuousSCLK
                0x00005ee6       0x38 ./drivers/fsl_usart.o
 .text.SystemInitHook
                0x00005f1e        0xe ./device/system_LPC54608.o
                0x00005f1e                SystemInitHook
 .text.BOARD_InitDebugConsole
                0x00005f2c       0x10 ./board/board.o
                0x00005f2c                BOARD_InitDebugConsole
 .text.POWER_DisablePD
                0x00005f3c       0x2e ./board/clock_config.o
 .text.BOARD_InitBootPins
                0x00005f6a       0x10 ./board/pin_mux.o
                0x00005f6a                BOARD_InitBootPins
 .text.memcpy   0x00005f7a       0x1c d:/mcuxpressoide_11.1.0_3209/ide/plugins/com.nxp.mcuxpresso.tools.win32_11.1.0.201909161352/tools/bin/../lib/gcc/arm-none-eabi/8.3.1/../../../../arm-none-eabi/lib/thumb/v7e-m+fp/hard\libc_nano.a(lib_a-memcpy-stub.o)
                0x00005f7a                memcpy
 .text.memset   0x00005f96       0x10 d:/mcuxpressoide_11.1.0_3209/ide/plugins/com.nxp.mcuxpresso.tools.win32_11.1.0.201909161352/tools/bin/../lib/gcc/arm-none-eabi/8.3.1/../../../../arm-none-eabi/lib/thumb/v7e-m+fp/hard\libc_nano.a(lib_a-memset.o)
                0x00005f96                memset
 .text.__sfputc_r
                0x00005fa6       0x2e d:/mcuxpressoide_11.1.0_3209/ide/plugins/com.nxp.mcuxpresso.tools.win32_11.1.0.201909161352/tools/bin/../lib/gcc/arm-none-eabi/8.3.1/../../../../arm-none-eabi/lib/thumb/v7e-m+fp/hard\libc_nano.a(lib_a-nano-vfprintf.o)
 .text.__sfputs_r
                0x00005fd4       0x24 d:/mcuxpressoide_11.1.0_3209/ide/plugins/com.nxp.mcuxpresso.tools.win32_11.1.0.201909161352/tools/bin/../lib/gcc/arm-none-eabi/8.3.1/../../../../arm-none-eabi/lib/thumb/v7e-m+fp/hard\libc_nano.a(lib_a-nano-vfprintf.o)
                0x00005fd4                __sfputs_r
 .text.__cvt    0x00005ff8       0xba d:/mcuxpressoide_11.1.0_3209/ide/plugins/com.nxp.mcuxpresso.tools.win32_11.1.0.201909161352/tools/bin/../lib/gcc/arm-none-eabi/8.3.1/../../../../arm-none-eabi/lib/thumb/v7e-m+fp/hard\libc_nano.a(lib_a-nano-vfprintf_float.o)
                0x00005ff8                __cvt
 .text.__exponent
                0x000060b2       0x64 d:/mcuxpressoide_11.1.0_3209/ide/plugins/com.nxp.mcuxpresso.tools.win32_11.1.0.201909161352/tools/bin/../lib/gcc/arm-none-eabi/8.3.1/../../../../arm-none-eabi/lib/thumb/v7e-m+fp/hard\libc_nano.a(lib_a-nano-vfprintf_float.o)
                0x000060b2                __exponent
 .text._printf_common
                0x00006116       0xea d:/mcuxpressoide_11.1.0_3209/ide/plugins/com.nxp.mcuxpresso.tools.win32_11.1.0.201909161352/tools/bin/../lib/gcc/arm-none-eabi/8.3.1/../../../../arm-none-eabi/lib/thumb/v7e-m+fp/hard\libc_nano.a(lib_a-nano-vfprintf_i.o)
                0x00006116                _printf_common
 .text          0x00006200       0x10 d:/mcuxpressoide_11.1.0_3209/ide/plugins/com.nxp.mcuxpresso.tools.win32_11.1.0.201909161352/tools/bin/../lib/gcc/arm-none-eabi/8.3.1/../../../../arm-none-eabi/lib/thumb/v7e-m+fp/hard\libc_nano.a(lib_a-strlen.o)
                0x00006200                strlen
 .text.abort    0x00006210        0xe d:/mcuxpressoide_11.1.0_3209/ide/plugins/com.nxp.mcuxpresso.tools.win32_11.1.0.201909161352/tools/bin/../lib/gcc/arm-none-eabi/8.3.1/../../../../arm-none-eabi/lib/thumb/v7e-m+fp/hard\libc_nano.a(lib_a-abort.o)
                0x00006210                abort
 .text.quorem   0x0000621e      0x112 d:/mcuxpressoide_11.1.0_3209/ide/plugins/com.nxp.mcuxpresso.tools.win32_11.1.0.201909161352/tools/bin/../lib/gcc/arm-none-eabi/8.3.1/../../../../arm-none-eabi/lib/thumb/v7e-m+fp/hard\libc_nano.a(lib_a-dtoa.o)
 .text.__sfmoreglue
                0x00006330       0x2c d:/mcuxpressoide_11.1.0_3209/ide/plugins/com.nxp.mcuxpresso.tools.win32_11.1.0.201909161352/tools/bin/../lib/gcc/arm-none-eabi/8.3.1/../../../../arm-none-eabi/lib/thumb/v7e-m+fp/hard\libc_nano.a(lib_a-findfp.o)
                0x00006330                __sfmoreglue
 .text._fwalk_reent
                0x0000635c       0x3c d:/mcuxpressoide_11.1.0_3209/ide/plugins/com.nxp.mcuxpresso.tools.win32_11.1.0.201909161352/tools/bin/../lib/gcc/arm-none-eabi/8.3.1/../../../../arm-none-eabi/lib/thumb/v7e-m+fp/hard\libc_nano.a(lib_a-fwalk.o)
                0x0000635c                _fwalk_reent
 .text.__retarget_lock_init_recursive
                0x00006398        0x2 d:/mcuxpressoide_11.1.0_3209/ide/plugins/com.nxp.mcuxpresso.tools.win32_11.1.0.201909161352/tools/bin/../lib/gcc/arm-none-eabi/8.3.1/../../../../arm-none-eabi/lib/thumb/v7e-m+fp/hard\libc_nano.a(lib_a-lock.o)
                0x00006398                __retarget_lock_init_recursive
 .text.__retarget_lock_acquire_recursive
                0x0000639a        0x2 d:/mcuxpressoide_11.1.0_3209/ide/plugins/com.nxp.mcuxpresso.tools.win32_11.1.0.201909161352/tools/bin/../lib/gcc/arm-none-eabi/8.3.1/../../../../arm-none-eabi/lib/thumb/v7e-m+fp/hard\libc_nano.a(lib_a-lock.o)
                0x0000639a                __retarget_lock_acquire_recursive
 .text.__retarget_lock_release_recursive
                0x0000639c        0x2 d:/mcuxpressoide_11.1.0_3209/ide/plugins/com.nxp.mcuxpresso.tools.win32_11.1.0.201909161352/tools/bin/../lib/gcc/arm-none-eabi/8.3.1/../../../../arm-none-eabi/lib/thumb/v7e-m+fp/hard\libc_nano.a(lib_a-lock.o)
                0x0000639c                __retarget_lock_release_recursive
 .text.__swhatbuf_r
                0x0000639e       0x48 d:/mcuxpressoide_11.1.0_3209/ide/plugins/com.nxp.mcuxpresso.tools.win32_11.1.0.201909161352/tools/bin/../lib/gcc/arm-none-eabi/8.3.1/../../../../arm-none-eabi/lib/thumb/v7e-m+fp/hard\libc_nano.a(lib_a-makebuf.o)
                0x0000639e                __swhatbuf_r
 .text.memmove  0x000063e6       0x34 d:/mcuxpressoide_11.1.0_3209/ide/plugins/com.nxp.mcuxpresso.tools.win32_11.1.0.201909161352/tools/bin/../lib/gcc/arm-none-eabi/8.3.1/../../../../arm-none-eabi/lib/thumb/v7e-m+fp/hard\libc_nano.a(lib_a-memmove.o)
                0x000063e6                memmove
 .text._Balloc  0x0000641a       0x68 d:/mcuxpressoide_11.1.0_3209/ide/plugins/com.nxp.mcuxpresso.tools.win32_11.1.0.201909161352/tools/bin/../lib/gcc/arm-none-eabi/8.3.1/../../../../arm-none-eabi/lib/thumb/v7e-m+fp/hard\libc_nano.a(lib_a-mprec.o)
                0x0000641a                _Balloc
 .text._Bfree   0x00006482       0x2e d:/mcuxpressoide_11.1.0_3209/ide/plugins/com.nxp.mcuxpresso.tools.win32_11.1.0.201909161352/tools/bin/../lib/gcc/arm-none-eabi/8.3.1/../../../../arm-none-eabi/lib/thumb/v7e-m+fp/hard\libc_nano.a(lib_a-mprec.o)
                0x00006482                _Bfree
 .text.__multadd
                0x000064b0       0x76 d:/mcuxpressoide_11.1.0_3209/ide/plugins/com.nxp.mcuxpresso.tools.win32_11.1.0.201909161352/tools/bin/../lib/gcc/arm-none-eabi/8.3.1/../../../../arm-none-eabi/lib/thumb/v7e-m+fp/hard\libc_nano.a(lib_a-mprec.o)
                0x000064b0                __multadd
 .text.__hi0bits
                0x00006526       0x40 d:/mcuxpressoide_11.1.0_3209/ide/plugins/com.nxp.mcuxpresso.tools.win32_11.1.0.201909161352/tools/bin/../lib/gcc/arm-none-eabi/8.3.1/../../../../arm-none-eabi/lib/thumb/v7e-m+fp/hard\libc_nano.a(lib_a-mprec.o)
                0x00006526                __hi0bits
 .text.__lo0bits
                0x00006566       0x60 d:/mcuxpressoide_11.1.0_3209/ide/plugins/com.nxp.mcuxpresso.tools.win32_11.1.0.201909161352/tools/bin/../lib/gcc/arm-none-eabi/8.3.1/../../../../arm-none-eabi/lib/thumb/v7e-m+fp/hard\libc_nano.a(lib_a-mprec.o)
                0x00006566                __lo0bits
 .text.__i2b    0x000065c6       0x12 d:/mcuxpressoide_11.1.0_3209/ide/plugins/com.nxp.mcuxpresso.tools.win32_11.1.0.201909161352/tools/bin/../lib/gcc/arm-none-eabi/8.3.1/../../../../arm-none-eabi/lib/thumb/v7e-m+fp/hard\libc_nano.a(lib_a-mprec.o)
                0x000065c6                __i2b
 .text.__multiply
                0x000065d8      0x120 d:/mcuxpressoide_11.1.0_3209/ide/plugins/com.nxp.mcuxpresso.tools.win32_11.1.0.201909161352/tools/bin/../lib/gcc/arm-none-eabi/8.3.1/../../../../arm-none-eabi/lib/thumb/v7e-m+fp/hard\libc_nano.a(lib_a-mprec.o)
                0x000065d8                __multiply
 .text.__lshift
                0x000066f8       0xa6 d:/mcuxpressoide_11.1.0_3209/ide/plugins/com.nxp.mcuxpresso.tools.win32_11.1.0.201909161352/tools/bin/../lib/gcc/arm-none-eabi/8.3.1/../../../../arm-none-eabi/lib/thumb/v7e-m+fp/hard\libc_nano.a(lib_a-mprec.o)
                0x000066f8                __lshift
 .text.__mcmp   0x0000679e       0x34 d:/mcuxpressoide_11.1.0_3209/ide/plugins/com.nxp.mcuxpresso.tools.win32_11.1.0.201909161352/tools/bin/../lib/gcc/arm-none-eabi/8.3.1/../../../../arm-none-eabi/lib/thumb/v7e-m+fp/hard\libc_nano.a(lib_a-mprec.o)
                0x0000679e                __mcmp
 .text.__mdiff  0x000067d2       0xba d:/mcuxpressoide_11.1.0_3209/ide/plugins/com.nxp.mcuxpresso.tools.win32_11.1.0.201909161352/tools/bin/../lib/gcc/arm-none-eabi/8.3.1/../../../../arm-none-eabi/lib/thumb/v7e-m+fp/hard\libc_nano.a(lib_a-mprec.o)
                0x000067d2                __mdiff
 .text.__d2b    0x0000688c       0x9c d:/mcuxpressoide_11.1.0_3209/ide/plugins/com.nxp.mcuxpresso.tools.win32_11.1.0.201909161352/tools/bin/../lib/gcc/arm-none-eabi/8.3.1/../../../../arm-none-eabi/lib/thumb/v7e-m+fp/hard\libc_nano.a(lib_a-mprec.o)
                0x0000688c                __d2b
 .text._calloc_r
                0x00006928       0x1c d:/mcuxpressoide_11.1.0_3209/ide/plugins/com.nxp.mcuxpresso.tools.win32_11.1.0.201909161352/tools/bin/../lib/gcc/arm-none-eabi/8.3.1/../../../../arm-none-eabi/lib/thumb/v7e-m+fp/hard\libc_nano.a(lib_a-nano-callocr.o)
                0x00006928                _calloc_r
 .text._realloc_r
                0x00006944       0x4c d:/mcuxpressoide_11.1.0_3209/ide/plugins/com.nxp.mcuxpresso.tools.win32_11.1.0.201909161352/tools/bin/../lib/gcc/arm-none-eabi/8.3.1/../../../../arm-none-eabi/lib/thumb/v7e-m+fp/hard\libc_nano.a(lib_a-nano-reallocr.o)
                0x00006944                _realloc_r
 .text.__ssputs_r
                0x00006990       0xb6 d:/mcuxpressoide_11.1.0_3209/ide/plugins/com.nxp.mcuxpresso.tools.win32_11.1.0.201909161352/tools/bin/../lib/gcc/arm-none-eabi/8.3.1/../../../../arm-none-eabi/lib/thumb/v7e-m+fp/hard\libc_nano.a(lib_a-nano-svfprintf.o)
                0x00006990                __ssputs_r
 .text._raise_r
                0x00006a46       0x50 d:/mcuxpressoide_11.1.0_3209/ide/plugins/com.nxp.mcuxpresso.tools.win32_11.1.0.201909161352/tools/bin/../lib/gcc/arm-none-eabi/8.3.1/../../../../arm-none-eabi/lib/thumb/v7e-m+fp/hard\libc_nano.a(lib_a-signal.o)
                0x00006a46                _raise_r
 .text._getpid_r
                0x00006a96        0x4 d:/mcuxpressoide_11.1.0_3209/ide/plugins/com.nxp.mcuxpresso.tools.win32_11.1.0.201909161352/tools/bin/../lib/gcc/arm-none-eabi/8.3.1/../../../../arm-none-eabi/lib/thumb/v7e-m+fp/hard\libc_nano.a(lib_a-signalr.o)
                0x00006a96                _getpid_r
 .text.__sread  0x00006a9a       0x22 d:/mcuxpressoide_11.1.0_3209/ide/plugins/com.nxp.mcuxpresso.tools.win32_11.1.0.201909161352/tools/bin/../lib/gcc/arm-none-eabi/8.3.1/../../../../arm-none-eabi/lib/thumb/v7e-m+fp/hard\libc_nano.a(lib_a-stdio.o)
                0x00006a9a                __sread
 .text.__swrite
                0x00006abc       0x38 d:/mcuxpressoide_11.1.0_3209/ide/plugins/com.nxp.mcuxpresso.tools.win32_11.1.0.201909161352/tools/bin/../lib/gcc/arm-none-eabi/8.3.1/../../../../arm-none-eabi/lib/thumb/v7e-m+fp/hard\libc_nano.a(lib_a-stdio.o)
                0x00006abc                __swrite
 .text.__sseek  0x00006af4       0x24 d:/mcuxpressoide_11.1.0_3209/ide/plugins/com.nxp.mcuxpresso.tools.win32_11.1.0.201909161352/tools/bin/../lib/gcc/arm-none-eabi/8.3.1/../../../../arm-none-eabi/lib/thumb/v7e-m+fp/hard\libc_nano.a(lib_a-stdio.o)
                0x00006af4                __sseek
 .text.__sclose
                0x00006b18        0x8 d:/mcuxpressoide_11.1.0_3209/ide/plugins/com.nxp.mcuxpresso.tools.win32_11.1.0.201909161352/tools/bin/../lib/gcc/arm-none-eabi/8.3.1/../../../../arm-none-eabi/lib/thumb/v7e-m+fp/hard\libc_nano.a(lib_a-stdio.o)
                0x00006b18                __sclose
 .text.__ascii_mbtowc
                0x00006b20       0x24 d:/mcuxpressoide_11.1.0_3209/ide/plugins/com.nxp.mcuxpresso.tools.win32_11.1.0.201909161352/tools/bin/../lib/gcc/arm-none-eabi/8.3.1/../../../../arm-none-eabi/lib/thumb/v7e-m+fp/hard\libc_nano.a(lib_a-mbtowc_r.o)
                0x00006b20                __ascii_mbtowc
 .text._malloc_usable_size_r
                0x00006b44       0x10 d:/mcuxpressoide_11.1.0_3209/ide/plugins/com.nxp.mcuxpresso.tools.win32_11.1.0.201909161352/tools/bin/../lib/gcc/arm-none-eabi/8.3.1/../../../../arm-none-eabi/lib/thumb/v7e-m+fp/hard\libc_nano.a(lib_a-nano-msizer.o)
                0x00006b44                _malloc_usable_size_r
 .text.__ascii_wctomb
                0x00006b54       0x1a d:/mcuxpressoide_11.1.0_3209/ide/plugins/com.nxp.mcuxpresso.tools.win32_11.1.0.201909161352/tools/bin/../lib/gcc/arm-none-eabi/8.3.1/../../../../arm-none-eabi/lib/thumb/v7e-m+fp/hard\libc_nano.a(lib_a-wctomb_r.o)
                0x00006b54                __ascii_wctomb
 .text._exit    0x00006b6e        0x8 d:/mcuxpressoide_11.1.0_3209/ide/plugins/com.nxp.mcuxpresso.tools.win32_11.1.0.201909161352/tools/bin/../lib/gcc/arm-none-eabi/8.3.1/../../../../arm-none-eabi/lib/thumb/v7e-m+fp/hard\libcr_newlib_semihost.a(_exit.o)
                0x00006b6e                _exit
 .text.error    0x00006b76       0x1c d:/mcuxpressoide_11.1.0_3209/ide/plugins/com.nxp.mcuxpresso.tools.win32_11.1.0.201909161352/tools/bin/../lib/gcc/arm-none-eabi/8.3.1/../../../../arm-none-eabi/lib/thumb/v7e-m+fp/hard\libcr_newlib_semihost.a(syscalls.o)
 .text.checkerror
                0x00006b92       0x20 d:/mcuxpressoide_11.1.0_3209/ide/plugins/com.nxp.mcuxpresso.tools.win32_11.1.0.201909161352/tools/bin/../lib/gcc/arm-none-eabi/8.3.1/../../../../arm-none-eabi/lib/thumb/v7e-m+fp/hard\libcr_newlib_semihost.a(syscalls.o)
 .text._swiread
                0x00006bb2       0x20 d:/mcuxpressoide_11.1.0_3209/ide/plugins/com.nxp.mcuxpresso.tools.win32_11.1.0.201909161352/tools/bin/../lib/gcc/arm-none-eabi/8.3.1/../../../../arm-none-eabi/lib/thumb/v7e-m+fp/hard\libcr_newlib_semihost.a(syscalls.o)
                0x00006bb2                _swiread
 .text._read    0x00006bd2       0x34 d:/mcuxpressoide_11.1.0_3209/ide/plugins/com.nxp.mcuxpresso.tools.win32_11.1.0.201909161352/tools/bin/../lib/gcc/arm-none-eabi/8.3.1/../../../../arm-none-eabi/lib/thumb/v7e-m+fp/hard\libcr_newlib_semihost.a(syscalls.o)
                0x00006bd2                _read
 .text._swilseek
                0x00006c06       0x78 d:/mcuxpressoide_11.1.0_3209/ide/plugins/com.nxp.mcuxpresso.tools.win32_11.1.0.201909161352/tools/bin/../lib/gcc/arm-none-eabi/8.3.1/../../../../arm-none-eabi/lib/thumb/v7e-m+fp/hard\libcr_newlib_semihost.a(syscalls.o)
                0x00006c06                _swilseek
 .text._lseek   0x00006c7e        0x4 d:/mcuxpressoide_11.1.0_3209/ide/plugins/com.nxp.mcuxpresso.tools.win32_11.1.0.201909161352/tools/bin/../lib/gcc/arm-none-eabi/8.3.1/../../../../arm-none-eabi/lib/thumb/v7e-m+fp/hard\libcr_newlib_semihost.a(syscalls.o)
                0x00006c7e                _lseek
 .text._swiwrite
                0x00006c82       0x20 d:/mcuxpressoide_11.1.0_3209/ide/plugins/com.nxp.mcuxpresso.tools.win32_11.1.0.201909161352/tools/bin/../lib/gcc/arm-none-eabi/8.3.1/../../../../arm-none-eabi/lib/thumb/v7e-m+fp/hard\libcr_newlib_semihost.a(syscalls.o)
                0x00006c82                _swiwrite
 .text._write   0x00006ca2       0x40 d:/mcuxpressoide_11.1.0_3209/ide/plugins/com.nxp.mcuxpresso.tools.win32_11.1.0.201909161352/tools/bin/../lib/gcc/arm-none-eabi/8.3.1/../../../../arm-none-eabi/lib/thumb/v7e-m+fp/hard\libcr_newlib_semihost.a(syscalls.o)
                0x00006ca2                _write
 .text._swiclose
                0x00006ce2       0x1a d:/mcuxpressoide_11.1.0_3209/ide/plugins/com.nxp.mcuxpresso.tools.win32_11.1.0.201909161352/tools/bin/../lib/gcc/arm-none-eabi/8.3.1/../../../../arm-none-eabi/lib/thumb/v7e-m+fp/hard\libcr_newlib_semihost.a(syscalls.o)
                0x00006ce2                _swiclose
 .text._getpid  0x00006cfc        0x4 d:/mcuxpressoide_11.1.0_3209/ide/plugins/com.nxp.mcuxpresso.tools.win32_11.1.0.201909161352/tools/bin/../lib/gcc/arm-none-eabi/8.3.1/../../../../arm-none-eabi/lib/thumb/v7e-m+fp/hard\libcr_newlib_semihost.a(syscalls.o)
                0x00006cfc                _getpid
 .text._swistat
                0x00006d00       0x42 d:/mcuxpressoide_11.1.0_3209/ide/plugins/com.nxp.mcuxpresso.tools.win32_11.1.0.201909161352/tools/bin/../lib/gcc/arm-none-eabi/8.3.1/../../../../arm-none-eabi/lib/thumb/v7e-m+fp/hard\libcr_newlib_semihost.a(syscalls.o)
                0x00006d00                _swistat
 .text._fstat   0x00006d42       0x1c d:/mcuxpressoide_11.1.0_3209/ide/plugins/com.nxp.mcuxpresso.tools.win32_11.1.0.201909161352/tools/bin/../lib/gcc/arm-none-eabi/8.3.1/../../../../arm-none-eabi/lib/thumb/v7e-m+fp/hard\libcr_newlib_semihost.a(syscalls.o)
                0x00006d42                _fstat
 .text._isatty  0x00006d5e       0x2a d:/mcuxpressoide_11.1.0_3209/ide/plugins/com.nxp.mcuxpresso.tools.win32_11.1.0.201909161352/tools/bin/../lib/gcc/arm-none-eabi/8.3.1/../../../../arm-none-eabi/lib/thumb/v7e-m+fp/hard\libcr_newlib_semihost.a(syscalls.o)
                0x00006d5e                _isatty
 *(SORT_BY_ALIGNMENT(.rodata) SORT_BY_ALIGNMENT(.rodata.*) SORT_BY_ALIGNMENT(.constdata) SORT_BY_ALIGNMENT(.constdata.*))
 .rodata.__mprec_bigtens
                0x00006d88       0x28 d:/mcuxpressoide_11.1.0_3209/ide/plugins/com.nxp.mcuxpresso.tools.win32_11.1.0.201909161352/tools/bin/../lib/gcc/arm-none-eabi/8.3.1/../../../../arm-none-eabi/lib/thumb/v7e-m+fp/hard\libc_nano.a(lib_a-mprec.o)
                0x00006d88                __mprec_bigtens
 .rodata.__mprec_tens
                0x00006db0       0xc8 d:/mcuxpressoide_11.1.0_3209/ide/plugins/com.nxp.mcuxpresso.tools.win32_11.1.0.201909161352/tools/bin/../lib/gcc/arm-none-eabi/8.3.1/../../../../arm-none-eabi/lib/thumb/v7e-m+fp/hard\libc_nano.a(lib_a-mprec.o)
                0x00006db0                __mprec_tens
 .rodata        0x00006e78        0x2 ./source/Proyecto 2 parcial.o
 *fill*         0x00006e7a        0x2 ff
 .rodata.ADC_Calib.str1.4
                0x00006e7c       0x26 ./source/Proyecto 2 parcial.o
 *fill*         0x00006ea2        0x2 ff
 .rodata.Writeport.str1.4
                0x00006ea4      0x12c ./source/Proyecto 2 parcial.o
 .rodata.ADC_GetInstance.str1.4
                0x00006fd0       0x2f ./drivers/fsl_adc.o
 *fill*         0x00006fff        0x1 ff
 .rodata.ADC_Init.str1.4
                0x00007000        0xf ./drivers/fsl_adc.o
 *fill*         0x0000700f        0x1 ff
 .rodata.ADC_DoOffsetCalibration.str1.4
                0x00007010       0x10 ./drivers/fsl_adc.o
 .rodata.ADC_GetConvSeqAGlobalConversionResult.str1.4
                0x00007020        0xd ./drivers/fsl_adc.o
 *fill*         0x0000702d        0x3 ff
 .rodata.ADC_GetChannelConversionResult.str1.4
                0x00007030       0x18 ./drivers/fsl_adc.o
 .rodata.__func__.8709
                0x00007048       0x10 ./drivers/fsl_adc.o
 .rodata.__func__.8714
                0x00007058        0x9 ./drivers/fsl_adc.o
 *fill*         0x00007061        0x3 ff
 .rodata.__func__.8736
                0x00007064       0x18 ./drivers/fsl_adc.o
 .rodata.__func__.8746
                0x0000707c       0x16 ./drivers/fsl_adc.o
 *fill*         0x00007092        0x2 ff
 .rodata.__func__.8785
                0x00007094       0x1f ./drivers/fsl_adc.o
 *fill*         0x000070b3        0x1 ff
 .rodata.wdtFreqLookup
                0x000070b4       0x20 ./drivers/fsl_clock.o
 .rodata.SDK_DelayAtLeastUs.str1.4
                0x000070d4       0x34 ./drivers/fsl_common.o
 .rodata.__func__.8529
                0x00007108       0x13 ./drivers/fsl_common.o
 *fill*         0x0000711b        0x1 ff
 .rodata.s_flexcommBaseAddrs
                0x0000711c       0x28 ./drivers/fsl_flexcomm.o
 .rodata.s_flexcommClocks
                0x00007144       0x14 ./drivers/fsl_flexcomm.o
 .rodata.s_flexcommResets
                0x00007158       0x28 ./drivers/fsl_flexcomm.o
 .rodata.FLEXCOMM_GetInstance.str1.4
                0x00007180       0x34 ./drivers/fsl_flexcomm.o
 .rodata.FLEXCOMM1_DriverIRQHandler.str1.4
                0x000071b4       0x18 ./drivers/fsl_flexcomm.o
 .rodata.FLEXCOMM2_DriverIRQHandler.str1.4
                0x000071cc       0x18 ./drivers/fsl_flexcomm.o
 .rodata.FLEXCOMM3_DriverIRQHandler.str1.4
                0x000071e4       0x18 ./drivers/fsl_flexcomm.o
 .rodata.FLEXCOMM4_DriverIRQHandler.str1.4
                0x000071fc       0x18 ./drivers/fsl_flexcomm.o
 .rodata.FLEXCOMM5_DriverIRQHandler.str1.4
                0x00007214       0x18 ./drivers/fsl_flexcomm.o
 .rodata.FLEXCOMM6_DriverIRQHandler.str1.4
                0x0000722c       0x18 ./drivers/fsl_flexcomm.o
 .rodata.FLEXCOMM7_DriverIRQHandler.str1.4
                0x00007244       0x18 ./drivers/fsl_flexcomm.o
 .rodata.FLEXCOMM8_DriverIRQHandler.str1.4
                0x0000725c       0x18 ./drivers/fsl_flexcomm.o
 .rodata.FLEXCOMM9_DriverIRQHandler.str1.4
                0x00007274       0x18 ./drivers/fsl_flexcomm.o
 .rodata.__func__.8533
                0x0000728c       0x15 ./drivers/fsl_flexcomm.o
 *fill*         0x000072a1        0x3 ff
 .rodata.__func__.8557
                0x000072a4       0x1b ./drivers/fsl_flexcomm.o
 *fill*         0x000072bf        0x1 ff
 .rodata.__func__.8561
                0x000072c0       0x1b ./drivers/fsl_flexcomm.o
 *fill*         0x000072db        0x1 ff
 .rodata.__func__.8565
                0x000072dc       0x1b ./drivers/fsl_flexcomm.o
 *fill*         0x000072f7        0x1 ff
 .rodata.__func__.8569
                0x000072f8       0x1b ./drivers/fsl_flexcomm.o
 *fill*         0x00007313        0x1 ff
 .rodata.__func__.8573
                0x00007314       0x1b ./drivers/fsl_flexcomm.o
 *fill*         0x0000732f        0x1 ff
 .rodata.__func__.8577
                0x00007330       0x1b ./drivers/fsl_flexcomm.o
 *fill*         0x0000734b        0x1 ff
 .rodata.__func__.8581
                0x0000734c       0x1b ./drivers/fsl_flexcomm.o
 *fill*         0x00007367        0x1 ff
 .rodata.__func__.8585
                0x00007368       0x1b ./drivers/fsl_flexcomm.o
 *fill*         0x00007383        0x1 ff
 .rodata.__func__.8589
                0x00007384       0x1b ./drivers/fsl_flexcomm.o
 *fill*         0x0000739f        0x1 ff
 .rodata.s_gpioClockName
                0x000073a0        0xc ./drivers/fsl_gpio.o
 .rodata.s_gpioResets
                0x000073ac       0x18 ./drivers/fsl_gpio.o
 .rodata.GPIO_PortInit.str1.4
                0x000073c4       0x30 ./drivers/fsl_gpio.o
 .rodata.__func__.8549
                0x000073f4        0xe ./drivers/fsl_gpio.o
 *fill*         0x00007402        0x2 ff
 .rodata.RESET_SetPeripheralReset.str1.4
                0x00007404       0x1d ./drivers/fsl_reset.o
 *fill*         0x00007421        0x3 ff
 .rodata.__func__.8489
                0x00007424       0x19 ./drivers/fsl_reset.o
 *fill*         0x0000743d        0x3 ff
 .rodata.__func__.8502
                0x00007440       0x1b ./drivers/fsl_reset.o
 *fill*         0x0000745b        0x1 ff
 .rodata.USART_GetInstance.str1.4
                0x0000745c       0x2d ./drivers/fsl_usart.o
 *fill*         0x00007489        0x3 ff
 .rodata.USART_Init.str1.4
                0x0000748c       0x3d ./drivers/fsl_usart.o
 *fill*         0x000074c9        0x3 ff
 .rodata.USART_GetDefaultConfig.str1.4
                0x000074cc        0xf ./drivers/fsl_usart.o
 *fill*         0x000074db        0x1 ff
 .rodata.USART_SetBaudRate.str1.4
                0x000074dc       0x3f ./drivers/fsl_usart.o
 *fill*         0x0000751b        0x1 ff
 .rodata.USART_WriteBlocking.str1.4
                0x0000751c       0x24 ./drivers/fsl_usart.o
 .rodata.__func__.8771
                0x00007540        0xb ./drivers/fsl_usart.o
 *fill*         0x0000754b        0x1 ff
 .rodata.__func__.8782
                0x0000754c       0x17 ./drivers/fsl_usart.o
 *fill*         0x00007563        0x1 ff
 .rodata.__func__.8795
                0x00007564       0x12 ./drivers/fsl_usart.o
 *fill*         0x00007576        0x2 ff
 .rodata.__func__.8805
                0x00007578       0x14 ./drivers/fsl_usart.o
 .rodata.__func__.8822
                0x0000758c       0x13 ./drivers/fsl_usart.o
 *fill*         0x0000759f        0x1 ff
 .rodata._global_impure_ptr
                0x000075a0        0x4 d:/mcuxpressoide_11.1.0_3209/ide/plugins/com.nxp.mcuxpresso.tools.win32_11.1.0.201909161352/tools/bin/../lib/gcc/arm-none-eabi/8.3.1/../../../../arm-none-eabi/lib/thumb/v7e-m+fp/hard\libc_nano.a(lib_a-impure.o)
                0x000075a0                _global_impure_ptr
 .rodata.__sf_fake_stderr
                0x000075a4       0x20 d:/mcuxpressoide_11.1.0_3209/ide/plugins/com.nxp.mcuxpresso.tools.win32_11.1.0.201909161352/tools/bin/../lib/gcc/arm-none-eabi/8.3.1/../../../../arm-none-eabi/lib/thumb/v7e-m+fp/hard\libc_nano.a(lib_a-findfp.o)
                0x000075a4                __sf_fake_stderr
 .rodata.__sf_fake_stdin
                0x000075c4       0x20 d:/mcuxpressoide_11.1.0_3209/ide/plugins/com.nxp.mcuxpresso.tools.win32_11.1.0.201909161352/tools/bin/../lib/gcc/arm-none-eabi/8.3.1/../../../../arm-none-eabi/lib/thumb/v7e-m+fp/hard\libc_nano.a(lib_a-findfp.o)
                0x000075c4                __sf_fake_stdin
 .rodata.__sf_fake_stdout
                0x000075e4       0x20 d:/mcuxpressoide_11.1.0_3209/ide/plugins/com.nxp.mcuxpresso.tools.win32_11.1.0.201909161352/tools/bin/../lib/gcc/arm-none-eabi/8.3.1/../../../../arm-none-eabi/lib/thumb/v7e-m+fp/hard\libc_nano.a(lib_a-findfp.o)
                0x000075e4                __sf_fake_stdout
 .rodata.p05.7444
                0x00007604        0xc d:/mcuxpressoide_11.1.0_3209/ide/plugins/com.nxp.mcuxpresso.tools.win32_11.1.0.201909161352/tools/bin/../lib/gcc/arm-none-eabi/8.3.1/../../../../arm-none-eabi/lib/thumb/v7e-m+fp/hard\libc_nano.a(lib_a-mprec.o)
 .rodata.__assert_func.str1.1
                0x00007610       0x3c d:/mcuxpressoide_11.1.0_3209/ide/plugins/com.nxp.mcuxpresso.tools.win32_11.1.0.201909161352/tools/bin/../lib/gcc/arm-none-eabi/8.3.1/../../../../arm-none-eabi/lib/thumb/v7e-m+fp/hard\libc_nano.a(lib_a-assert.o)
                                 0x3d (size before relaxing)
 .rodata._vfprintf_r.str1.1
                0x0000764c       0x11 d:/mcuxpressoide_11.1.0_3209/ide/plugins/com.nxp.mcuxpresso.tools.win32_11.1.0.201909161352/tools/bin/../lib/gcc/arm-none-eabi/8.3.1/../../../../arm-none-eabi/lib/thumb/v7e-m+fp/hard\libc_nano.a(lib_a-nano-vfprintf.o)
 .rodata._printf_float.str1.1
                0x0000765d       0x12 d:/mcuxpressoide_11.1.0_3209/ide/plugins/com.nxp.mcuxpresso.tools.win32_11.1.0.201909161352/tools/bin/../lib/gcc/arm-none-eabi/8.3.1/../../../../arm-none-eabi/lib/thumb/v7e-m+fp/hard\libc_nano.a(lib_a-nano-vfprintf_float.o)
 .rodata._printf_i.str1.1
                0x0000766f       0x22 d:/mcuxpressoide_11.1.0_3209/ide/plugins/com.nxp.mcuxpresso.tools.win32_11.1.0.201909161352/tools/bin/../lib/gcc/arm-none-eabi/8.3.1/../../../../arm-none-eabi/lib/thumb/v7e-m+fp/hard\libc_nano.a(lib_a-nano-vfprintf_i.o)
 .rodata._dtoa_r.str1.1
                0x00007691        0xd d:/mcuxpressoide_11.1.0_3209/ide/plugins/com.nxp.mcuxpresso.tools.win32_11.1.0.201909161352/tools/bin/../lib/gcc/arm-none-eabi/8.3.1/../../../../arm-none-eabi/lib/thumb/v7e-m+fp/hard\libc_nano.a(lib_a-dtoa.o)
                                  0xf (size before relaxing)
 .rodata._svfprintf_r.str1.1
                0x0000769e       0x11 d:/mcuxpressoide_11.1.0_3209/ide/plugins/com.nxp.mcuxpresso.tools.win32_11.1.0.201909161352/tools/bin/../lib/gcc/arm-none-eabi/8.3.1/../../../../arm-none-eabi/lib/thumb/v7e-m+fp/hard\libc_nano.a(lib_a-nano-svfprintf.o)
 .rodata._setlocale_r.str1.1
                0x0000769e        0x8 d:/mcuxpressoide_11.1.0_3209/ide/plugins/com.nxp.mcuxpresso.tools.win32_11.1.0.201909161352/tools/bin/../lib/gcc/arm-none-eabi/8.3.1/../../../../arm-none-eabi/lib/thumb/v7e-m+fp/hard\libc_nano.a(lib_a-locale.o)
                                  0x9 (size before relaxing)
 .rodata.str1.1
                0x000076a6        0x2 d:/mcuxpressoide_11.1.0_3209/ide/plugins/com.nxp.mcuxpresso.tools.win32_11.1.0.201909161352/tools/bin/../lib/gcc/arm-none-eabi/8.3.1/../../../../arm-none-eabi/lib/thumb/v7e-m+fp/hard\libc_nano.a(lib_a-locale.o)
 .rodata._ctype_
                0x000076a8      0x101 d:/mcuxpressoide_11.1.0_3209/ide/plugins/com.nxp.mcuxpresso.tools.win32_11.1.0.201909161352/tools/bin/../lib/gcc/arm-none-eabi/8.3.1/../../../../arm-none-eabi/lib/thumb/v7e-m+fp/hard\libc_nano.a(lib_a-ctype_.o)
                0x000076a8                _ctype_
 .rodata.initialise_monitor_handles.str1.1
                0x000077a9        0x4 d:/mcuxpressoide_11.1.0_3209/ide/plugins/com.nxp.mcuxpresso.tools.win32_11.1.0.201909161352/tools/bin/../lib/gcc/arm-none-eabi/8.3.1/../../../../arm-none-eabi/lib/thumb/v7e-m+fp/hard\libcr_newlib_semihost.a(syscalls.o)
                0x000077b0                . = ALIGN (0x4)
 *fill*         0x000077ad        0x3 ff

.glue_7         0x000077b0        0x0
 .glue_7        0x000077b0        0x0 linker stubs

.glue_7t        0x000077b0        0x0
 .glue_7t       0x000077b0        0x0 linker stubs

.vfp11_veneer   0x000077b0        0x0
 .vfp11_veneer  0x000077b0        0x0 linker stubs

.v4_bx          0x000077b0        0x0
 .v4_bx         0x000077b0        0x0 linker stubs

.iplt           0x000077b0        0x0
 .iplt          0x000077b0        0x0 ./startup/startup_lpc54608.o

.ARM.extab
 *(SORT_BY_ALIGNMENT(.ARM.extab*) SORT_BY_ALIGNMENT(.gnu.linkonce.armextab.*))
                0x000077b0                __exidx_start = .

.ARM.exidx      0x000077b0        0x8
 *(SORT_BY_ALIGNMENT(.ARM.exidx*) SORT_BY_ALIGNMENT(.gnu.linkonce.armexidx.*))
 .ARM.exidx     0x000077b0        0x8 d:/mcuxpressoide_11.1.0_3209/ide/plugins/com.nxp.mcuxpresso.tools.win32_11.1.0.201909161352/tools/bin/../lib/gcc/arm-none-eabi/8.3.1/thumb/v7e-m+fp/hard\libgcc.a(_udivmoddi4.o)
                0x000077b8                __exidx_end = .
                0x000077b8                _etext = .

.rel.dyn        0x000077b8        0x0
 .rel.iplt      0x000077b8        0x0 ./startup/startup_lpc54608.o

.m_usb_data
 *(SORT_BY_ALIGNMENT(m_usb_global))

.data_RAM2      0x04000000        0x0 load address 0x000077b8
 FILL mask 0xff
                [!provide]                PROVIDE (__start_data_RAM2 = .)
                [!provide]                PROVIDE (__start_data_SRAMX = .)
 *(SORT_BY_ALIGNMENT(.ramfunc.$RAM2))
 *(SORT_BY_ALIGNMENT(.ramfunc.$SRAMX))
 *(SORT_BY_ALIGNMENT(.data.$RAM2))
 *(SORT_BY_ALIGNMENT(.data.$SRAMX))
 *(SORT_BY_ALIGNMENT(.data.$RAM2.*))
 *(SORT_BY_ALIGNMENT(.data.$SRAMX.*))
                0x04000000                . = ALIGN (0x4)
                [!provide]                PROVIDE (__end_data_RAM2 = .)
                [!provide]                PROVIDE (__end_data_SRAMX = .)

.data_RAM3      0x40100000        0x0 load address 0x000077b8
 FILL mask 0xff
                [!provide]                PROVIDE (__start_data_RAM3 = .)
                [!provide]                PROVIDE (__start_data_USB_RAM = .)
 *(SORT_BY_ALIGNMENT(.ramfunc.$RAM3))
 *(SORT_BY_ALIGNMENT(.ramfunc.$USB_RAM))
 *(SORT_BY_ALIGNMENT(.data.$RAM3))
 *(SORT_BY_ALIGNMENT(.data.$USB_RAM))
 *(SORT_BY_ALIGNMENT(.data.$RAM3.*))
 *(SORT_BY_ALIGNMENT(.data.$USB_RAM.*))
                0x40100000                . = ALIGN (0x4)
                [!provide]                PROVIDE (__end_data_RAM3 = .)
                [!provide]                PROVIDE (__end_data_USB_RAM = .)

.data_RAM4      0xa0000000        0x0 load address 0x000077b8
 FILL mask 0xff
                [!provide]                PROVIDE (__start_data_RAM4 = .)
                [!provide]                PROVIDE (__start_data_BOARD_SDRAM = .)
 *(SORT_BY_ALIGNMENT(.ramfunc.$RAM4))
 *(SORT_BY_ALIGNMENT(.ramfunc.$BOARD_SDRAM))
 *(SORT_BY_ALIGNMENT(.data.$RAM4))
 *(SORT_BY_ALIGNMENT(.data.$BOARD_SDRAM))
 *(SORT_BY_ALIGNMENT(.data.$RAM4.*))
 *(SORT_BY_ALIGNMENT(.data.$BOARD_SDRAM.*))
                0xa0000000                . = ALIGN (0x4)
                [!provide]                PROVIDE (__end_data_RAM4 = .)
                [!provide]                PROVIDE (__end_data_BOARD_SDRAM = .)

.uninit_RESERVED
                0x20000000        0x0
                0x20000000                _start_uninit_RESERVED = .
 *(SORT_BY_ALIGNMENT(.bss.$RESERVED*))
                0x20000000                . = ALIGN (0x4)
                0x20000000                _end_uninit_RESERVED = .

.data           0x20000000      0x1d4 load address 0x000077b8
 FILL mask 0xff
                0x20000000                _data = .
                [!provide]                PROVIDE (__start_data_RAM = .)
                [!provide]                PROVIDE (__start_data_SRAM_UPPER = .)
 *(SORT_BY_ALIGNMENT(vtable))
 *(SORT_BY_ALIGNMENT(.ramfunc*))
 *(SORT_BY_ALIGNMENT(CodeQuickAccess))
 *(SORT_BY_ALIGNMENT(DataQuickAccess))
 *(SORT_BY_ALIGNMENT(RamFunction))
 *(SORT_BY_ALIGNMENT(.data*))
 .data.SystemCoreClock
                0x20000000        0x4 ./device/system_LPC54608.o
                0x20000000                SystemCoreClock
 .data._impure_ptr
                0x20000004        0x4 d:/mcuxpressoide_11.1.0_3209/ide/plugins/com.nxp.mcuxpresso.tools.win32_11.1.0.201909161352/tools/bin/../lib/gcc/arm-none-eabi/8.3.1/../../../../arm-none-eabi/lib/thumb/v7e-m+fp/hard\libc_nano.a(lib_a-impure.o)
                0x20000004                _impure_ptr
 .data.impure_data
                0x20000008       0x60 d:/mcuxpressoide_11.1.0_3209/ide/plugins/com.nxp.mcuxpresso.tools.win32_11.1.0.201909161352/tools/bin/../lib/gcc/arm-none-eabi/8.3.1/../../../../arm-none-eabi/lib/thumb/v7e-m+fp/hard\libc_nano.a(lib_a-impure.o)
 .data.__global_locale
                0x20000068      0x16c d:/mcuxpressoide_11.1.0_3209/ide/plugins/com.nxp.mcuxpresso.tools.win32_11.1.0.201909161352/tools/bin/../lib/gcc/arm-none-eabi/8.3.1/../../../../arm-none-eabi/lib/thumb/v7e-m+fp/hard\libc_nano.a(lib_a-locale.o)
                0x20000068                __global_locale
                0x200001d4                . = ALIGN (0x4)
                0x200001d4                _edata = .
                [!provide]                PROVIDE (__end_data_RAM = .)
                [!provide]                PROVIDE (__end_data_SRAM_UPPER = .)

.igot.plt       0x200001d4        0x0 load address 0x0000798c
 .igot.plt      0x200001d4        0x0 ./startup/startup_lpc54608.o

.bss_RAM2       0x04000000        0x0
                [!provide]                PROVIDE (__start_bss_RAM2 = .)
                [!provide]                PROVIDE (__start_bss_SRAMX = .)
 *(SORT_BY_ALIGNMENT(.bss.$RAM2))
 *(SORT_BY_ALIGNMENT(.bss.$SRAMX))
 *(SORT_BY_ALIGNMENT(.bss.$RAM2.*))
 *(SORT_BY_ALIGNMENT(.bss.$SRAMX.*))
                0x04000000                . = ALIGN ((. != 0x0)?0x4:0x1)
                [!provide]                PROVIDE (__end_bss_RAM2 = .)
                [!provide]                PROVIDE (__end_bss_SRAMX = .)

.bss_RAM3       0x40100000        0x0
                [!provide]                PROVIDE (__start_bss_RAM3 = .)
                [!provide]                PROVIDE (__start_bss_USB_RAM = .)
 *(SORT_BY_ALIGNMENT(.bss.$RAM3))
 *(SORT_BY_ALIGNMENT(.bss.$USB_RAM))
 *(SORT_BY_ALIGNMENT(.bss.$RAM3.*))
 *(SORT_BY_ALIGNMENT(.bss.$USB_RAM.*))
                0x40100000                . = ALIGN ((. != 0x0)?0x4:0x1)
                [!provide]                PROVIDE (__end_bss_RAM3 = .)
                [!provide]                PROVIDE (__end_bss_USB_RAM = .)

.bss_RAM4       0xa0000000        0x0
                [!provide]                PROVIDE (__start_bss_RAM4 = .)
                [!provide]                PROVIDE (__start_bss_BOARD_SDRAM = .)
 *(SORT_BY_ALIGNMENT(.bss.$RAM4))
 *(SORT_BY_ALIGNMENT(.bss.$BOARD_SDRAM))
 *(SORT_BY_ALIGNMENT(.bss.$RAM4.*))
 *(SORT_BY_ALIGNMENT(.bss.$BOARD_SDRAM.*))
                0xa0000000                . = ALIGN ((. != 0x0)?0x4:0x1)
                [!provide]                PROVIDE (__end_bss_RAM4 = .)
                [!provide]                PROVIDE (__end_bss_BOARD_SDRAM = .)

.bss            0x200001d4      0x158
                0x200001d4                _bss = .
                [!provide]                PROVIDE (__start_bss_RAM = .)
                [!provide]                PROVIDE (__start_bss_SRAM_UPPER = .)
 *(SORT_BY_ALIGNMENT(.bss*))
 .bss.dato      0x200001d4        0xb ./source/Proyecto 2 parcial.o
                0x200001d4                dato
 *fill*         0x200001df        0x1 
 .bss.mensaje   0x200001e0       0x64 ./source/Proyecto 2 parcial.o
                0x200001e0                mensaje
 .bss.ADC_CH1_Voltage
                0x20000244        0x4 ./source/Proyecto 2 parcial.o
                0x20000244                ADC_CH1_Voltage
 .bss.adcInfoLectura
                0x20000248       0x10 ./source/Proyecto 2 parcial.o
                0x20000248                adcInfoLectura
 .bss.s_Pll_Freq
                0x20000258        0x4 ./drivers/fsl_clock.o
 .bss.s_Usb_Pll_Freq
                0x2000025c        0x4 ./drivers/fsl_clock.o
 .bss.s_Audio_Pll_Freq
                0x20000260        0x4 ./drivers/fsl_clock.o
 .bss.s_flexcommIrqHandler
                0x20000264       0x28 ./drivers/fsl_flexcomm.o
 .bss.s_flexcommHandle
                0x2000028c       0x28 ./drivers/fsl_flexcomm.o
 .bss.s_pintCallback
                0x200002b4       0x20 ./drivers/fsl_pint.o
 .bss.__malloc_free_list
                0x200002d4        0x4 d:/mcuxpressoide_11.1.0_3209/ide/plugins/com.nxp.mcuxpresso.tools.win32_11.1.0.201909161352/tools/bin/../lib/gcc/arm-none-eabi/8.3.1/../../../../arm-none-eabi/lib/thumb/v7e-m+fp/hard\libc_nano.a(lib_a-nano-mallocr.o)
                0x200002d4                __malloc_free_list
 .bss.__malloc_sbrk_start
                0x200002d8        0x4 d:/mcuxpressoide_11.1.0_3209/ide/plugins/com.nxp.mcuxpresso.tools.win32_11.1.0.201909161352/tools/bin/../lib/gcc/arm-none-eabi/8.3.1/../../../../arm-none-eabi/lib/thumb/v7e-m+fp/hard\libc_nano.a(lib_a-nano-mallocr.o)
                0x200002d8                __malloc_sbrk_start
 .bss.__end_of_heap
                0x200002dc        0x4 d:/mcuxpressoide_11.1.0_3209/ide/plugins/com.nxp.mcuxpresso.tools.win32_11.1.0.201909161352/tools/bin/../lib/gcc/arm-none-eabi/8.3.1/../../../../arm-none-eabi/lib/thumb/v7e-m+fp/hard\libcr_newlib_semihost.a(_cr_sbrk.o)
                0x200002dc                __end_of_heap
 .bss.initialized.7042
                0x200002e0        0x4 d:/mcuxpressoide_11.1.0_3209/ide/plugins/com.nxp.mcuxpresso.tools.win32_11.1.0.201909161352/tools/bin/../lib/gcc/arm-none-eabi/8.3.1/../../../../arm-none-eabi/lib/thumb/v7e-m+fp/hard\libcr_newlib_semihost.a(syscalls.o)
 .bss.monitor_stderr
                0x200002e4        0x4 d:/mcuxpressoide_11.1.0_3209/ide/plugins/com.nxp.mcuxpresso.tools.win32_11.1.0.201909161352/tools/bin/../lib/gcc/arm-none-eabi/8.3.1/../../../../arm-none-eabi/lib/thumb/v7e-m+fp/hard\libcr_newlib_semihost.a(syscalls.o)
 .bss.monitor_stdin
                0x200002e8        0x4 d:/mcuxpressoide_11.1.0_3209/ide/plugins/com.nxp.mcuxpresso.tools.win32_11.1.0.201909161352/tools/bin/../lib/gcc/arm-none-eabi/8.3.1/../../../../arm-none-eabi/lib/thumb/v7e-m+fp/hard\libcr_newlib_semihost.a(syscalls.o)
 .bss.monitor_stdout
                0x200002ec        0x4 d:/mcuxpressoide_11.1.0_3209/ide/plugins/com.nxp.mcuxpresso.tools.win32_11.1.0.201909161352/tools/bin/../lib/gcc/arm-none-eabi/8.3.1/../../../../arm-none-eabi/lib/thumb/v7e-m+fp/hard\libcr_newlib_semihost.a(syscalls.o)
 .bss.openfiles
                0x200002f0       0x28 d:/mcuxpressoide_11.1.0_3209/ide/plugins/com.nxp.mcuxpresso.tools.win32_11.1.0.201909161352/tools/bin/../lib/gcc/arm-none-eabi/8.3.1/../../../../arm-none-eabi/lib/thumb/v7e-m+fp/hard\libcr_newlib_semihost.a(syscalls.o)
 .bss.leepuerto
                0x20000318        0x1 ./source/Proyecto 2 parcial.o
                0x20000318                leepuerto
 .bss.bandera1  0x20000319        0x1 ./source/Proyecto 2 parcial.o
                0x20000319                bandera1
 .bss.puerto    0x2000031a        0x1 ./source/Proyecto 2 parcial.o
                0x2000031a                puerto
 *(SORT_BY_ALIGNMENT(COMMON))
 *fill*         0x2000031b        0x1 
 COMMON         0x2000031c        0x4 d:/mcuxpressoide_11.1.0_3209/ide/plugins/com.nxp.mcuxpresso.tools.win32_11.1.0.201909161352/tools/bin/../lib/gcc/arm-none-eabi/8.3.1/../../../../arm-none-eabi/lib/thumb/v7e-m+fp/hard\libc_nano.a(lib_a-reent.o)
                0x2000031c                errno
 COMMON         0x20000320        0x9 d:/mcuxpressoide_11.1.0_3209/ide/plugins/com.nxp.mcuxpresso.tools.win32_11.1.0.201909161352/tools/bin/../lib/gcc/arm-none-eabi/8.3.1/../../../../arm-none-eabi/lib/thumb/v7e-m+fp/hard\libc_nano.a(lib_a-lock.o)
                0x20000320                __lock___atexit_recursive_mutex
                0x20000321                __lock___arc4random_mutex
                0x20000322                __lock___env_recursive_mutex
                0x20000323                __lock___sinit_recursive_mutex
                0x20000324                __lock___malloc_recursive_mutex
                0x20000325                __lock___at_quick_exit_mutex
                0x20000326                __lock___dd_hash_mutex
                0x20000327                __lock___tz_mutex
                0x20000328                __lock___sfp_recursive_mutex
                0x2000032c                . = ALIGN (0x4)
 *fill*         0x20000329        0x3 
                0x2000032c                _ebss = .
                [!provide]                PROVIDE (__end_bss_RAM = .)
                [!provide]                PROVIDE (__end_bss_SRAM_UPPER = .)
                [!provide]                PROVIDE (end = .)

.noinit_RAM2    0x04000000        0x0
                [!provide]                PROVIDE (__start_noinit_RAM2 = .)
                [!provide]                PROVIDE (__start_noinit_SRAMX = .)
 *(SORT_BY_ALIGNMENT(.noinit.$RAM2))
 *(SORT_BY_ALIGNMENT(.noinit.$SRAMX))
 *(SORT_BY_ALIGNMENT(.noinit.$RAM2.*))
 *(SORT_BY_ALIGNMENT(.noinit.$SRAMX.*))
                0x04000000                . = ALIGN (0x4)
                [!provide]                PROVIDE (__end_noinit_RAM2 = .)
                [!provide]                PROVIDE (__end_noinit_SRAMX = .)

.noinit_RAM3    0x40100000        0x0
                [!provide]                PROVIDE (__start_noinit_RAM3 = .)
                [!provide]                PROVIDE (__start_noinit_USB_RAM = .)
 *(SORT_BY_ALIGNMENT(.noinit.$RAM3))
 *(SORT_BY_ALIGNMENT(.noinit.$USB_RAM))
 *(SORT_BY_ALIGNMENT(.noinit.$RAM3.*))
 *(SORT_BY_ALIGNMENT(.noinit.$USB_RAM.*))
                0x40100000                . = ALIGN (0x4)