fsl_clock.h:699:20:CLOCK_EnableClock	24	static
pin_mux.c:215:6:BOARD_InitBootPins	8	static
pin_mux.c:242:6:BOARD_InitPins	8	static
pin_mux.c:337:6:BOARD_InitBUTTONsPins	24	static
pin_mux.c:443:6:BOARD_InitLEDsPins	24	static
pin_mux.c:536:6:BOARD_InitPMod_SPI_I2C_BRIDGEPins	8	static
pin_mux.c:646:6:BOARD_InitACCELPins	16	static
pin_mux.c:721:6:BOARD_InitQSPI_FLASHPins	8	static
pin_mux.c:837:6:BOARD_InitSDHCPins	8	static
pin_mux.c:1007:6:BOARD_InitSDRAMPins	8	static
pin_mux.c:1506:6:BOARD_InitUSBPins	8	static
pin_mux.c:1555:6:BOARD_InitDEBUG_UARTPins	8	static
pin_mux.c:1605:6:BOARD_InitSWD_DEBUGPins	8	static
pin_mux.c:1685:6:BOARD_InitLCDPins	8	static
pin_mux.c:1970:6:BOARD_InitENETPins	16	static
pin_mux.c:2124:6:BOARD_InitDMICPins	8	static
pin_mux.c:2180:6:BOARD_InitI2SPins	8	static
